09-29 23:53:24.200  2525  9620 D SecPowerUI.Notification: 1. restoreScreenTimeOut - saved_value : :
09-29 23:53:24.200  2525  9620 E SecPowerUI.Notification: no saved value, so we do nothing !!
09-29 23:53:24.201  1258  4242 D ApplicationPolicy: isStatusBarNotificationAllowedAsUser: packageName = com.android.systemui,userId = 0
09-29 23:53:24.201  1258  4242 D ApplicationPolicy: isStatusBarNotificationAllowedAsUser: packageName = com.android.systemui,userId = -1
09-29 23:53:24.201  1258  4242 D ApplicationPolicy: isStatusBarNotificationAllowedAsUser: converting userId from USER_ALLto 0
09-29 23:53:24.209  2525  2525 D PowerUI : Battery swelling mode - priorBatterySwellingMode = 0 mBatterySwellingMode = 0 mBatteryStatus = 2
09-29 23:53:24.209  2525  2525 I PowerUI : mBatteryMiscEvent = 65536
09-29 23:53:24.209  2525  2525 D KeyguardUpdateMonitor: handleBatteryUpdate
09-29 23:53:24.211  2525  2525 D KeyguardSecIndicationController: addIndicationTimeout() returned - unlocking
09-29 23:53:24.211  2525  2525 D KeyguardSecIndicationController: addIndication() returned - unlocking
09-29 23:53:24.212  2525  2525 D KeyguardSecIndicationPolicy:  remove Item pos = DEFAULT, type =           OWNER_INFO
09-29 23:53:24.212  2525  2525 D KeyguardSecIndicationController: addBatteryAndOwnerInfoIndication() battery status = BatteryStatus{status=2,level=89,plugged=2,health=2,maxChargingWattage=-1,remaining=1755000ultraFastCharger=0}
09-29 23:53:24.410  1258  1258 I Telecom:SamsungTelecomServiceImpl: isInManagedCall - callingPackage : android
09-29 23:53:24.416  2525  2525 D InterruptionStateProvider: Group alert behavior is suppressed but we want to alert bubble
09-29 23:53:24.420  3035  3035 I Launcher.NotificationListener: onNotificationPosted : com.android.systemui number : 0
09-29 23:53:24.420  7034  7034 I Edge.badge: updateBadge item = com.android.systemui:-1 1
09-29 23:53:24.436  1103  1103 I SurfaceFlinger: SFWD update time=285718144967723
09-29 23:53:24.437  1103  1157 I VSyncReactor: Current= 60, TransitioningTo= 60, hwcPeriod= 60, Distance= 0
09-29 23:53:24.576   697   697 D io_stats: !@   8,0 r 29755803 614789844 w 8163441 111237620 d 3620164 107666888 f 0 0 iot 6727556 0 th 0 0 0 pt 0 inp 0 0 285718.285
09-29 23:53:24.617  2525  2525 D BubblesManager: onEntryUpdated : shouldBubbleUp=false ,key=-1|com.android.systemui|2131428972|charging_state|10063
09-29 23:53:24.636  2525  2525 I FaceWidgetPositionAlgorithm: getClockContainerHeight() supplier = 309, bottom margin = 0, real height = 381
09-29 23:53:24.637  2525  2525 I FaceWidgetPositionAlgorithm: getClockContainerHeight() supplier = 309, bottom margin = 72, real height = 381
09-29 23:53:24.637  2525  2525 I FaceWidgetPositionAlgorithm: getMediaContainerHeight() height = 522 container Visibility = 8, isValid = false, mIsDozing = false, fraction = 1.0, source = 0, target = 0
09-29 23:53:24.637  2525  2525 I FaceWidgetPositionAlgorithm: getMediaContainerHeight() supplier = 0
09-29 23:53:24.680  2525  2525 I FaceWidgetPositionAlgorithm: getClockContainerHeight() supplier = 309, bottom margin = 0, real height = 381
09-29 23:53:24.681  2525  2525 I FaceWidgetPositionAlgorithm: getClockContainerHeight() supplier = 309, bottom margin = 72, real height = 381
09-29 23:53:24.681  2525  2525 I FaceWidgetPositionAlgorithm: getMediaContainerHeight() height = 522 container Visibility = 8, isValid = false, mIsDozing = false, fraction = 1.0, source = 0, target = 0
09-29 23:53:24.681  2525  2525 I FaceWidgetPositionAlgorithm: getMediaContainerHeight() supplier = 0
09-29 23:53:24.708  2525  2525 I FaceWidgetPositionAlgorithm: getClockContainerHeight() supplier = 309, bottom margin = 0, real height = 381
09-29 23:53:24.708  2525  2525 I FaceWidgetPositionAlgorithm: getClockContainerHeight() supplier = 309, bottom margin = 72, real height = 381
09-29 23:53:24.708  2525  2525 I FaceWidgetPositionAlgorithm: getMediaContainerHeight() height = 522 container Visibility = 8, isValid = false, mIsDozing = false, fraction = 1.0, source = 0, target = 0
09-29 23:53:24.708  2525  2525 I FaceWidgetPositionAlgorithm: getMediaContainerHeight() supplier = 0
09-29 23:53:25.101  1258  3660 D FreecessController: com.example.questflow(10521) is important[!isUidIdle]
09-29 23:53:25.191   991 31803 I sensors-hal: handle_sns_std_sensor_event:276, [SSC_LIGHT] P: 3(3),m:0,a:12,b:4,c:0,d:6,ag:0,dg:60,it:1824,br:19
09-29 23:53:25.283  1258  1617 E Watchdog: !@Sync: 9518 heap: 134 / 139 FD: 1100 [2025-09-29 23:53:25.282]
09-29 23:53:27.327  2525  2599 D MobileStatusTracker(0/3): onSignalStrengthsChanged level=3, vendorLevel=3
09-29 23:53:27.328  4083 17118 D HeadsetPhoneState: onSignalStrengthsChanged : 2 to 3
09-29 23:53:27.328  4083 17118 D HeadsetPhoneState: sendDeviceStateChanged. mService=1 mSignal=3 mRoam=0 mBatteryCharge=4
09-29 23:53:27.329  4083  4210 I bt_stack: [INFO:rfc_port_fsm.cc(106)] rfc_port_sm_execute: BD_ADDR=cad497_1, PORT=6, STATE=4, EVENT=14
09-29 23:53:27.330   981   981 D vendor.qti.bluetooth@1.0-ibs_handler: SerialClockVote: vote for UART CLK ON
09-29 23:53:27.330  2525  2599 D MobileSignalController(0/3): notifyListener: enabled=true, connected=true, dataConnected=true, networkType=NR/NR_NSA is5gAvailable=false (5G_Available), emergencyOnly=false, roaming=false, isDefault=true, dataActivity=, level=3, ca=false, mmWave=false, disabledDataIcon=false, simCard=ETC
09-29 23:53:27.331   981   981 D vendor.qti.bluetooth@1.0-wake_lock: Acquire wakelock is acquired 
09-29 23:53:27.331   981   981 I vendor.qti.bluetooth@1.0-ibs_handler: DeviceWakeUp: Writing IBS_WAKE_IND
09-29 23:53:27.334  2525  2599 D NetworkController: SignalStrength from intent slotId=0
09-29 23:53:27.337   981  4206 I vendor.qti.bluetooth@1.0-ibs_handler: ProcessIbsCmd: Received IBS_WAKE_ACK: 0xFC
09-29 23:53:27.337   981  4206 I vendor.qti.bluetooth@1.0-ibs_handler: ProcessIbsCmd: Signal wack_cond_
09-29 23:53:27.337   981   981 D vendor.qti.bluetooth@1.0-ibs_handler: DeviceWakeUp: Unblocked from waiting for FC, pthread_cond_timedwait ret = 0
09-29 23:53:27.350  1103  1157 I VSyncReactor: Current= 60, TransitioningTo= 60, hwcPeriod= 60, Distance= 0
09-29 23:53:27.409  5082  5082 I SDHMS:LOAD: type: LoadsFreqs, value: 0:0:0:844800:844800:844800:756480:2150400:710400:305:305:305
09-29 23:53:27.732   981  4206 I vendor.qti.bluetooth@1.0-ibs_handler: ProcessIbsCmd: Received IBS_WAKE_IND: 0xFD
09-29 23:53:27.733   981  4206 I vendor.qti.bluetooth@1.0-ibs_handler: ProcessIbsCmd: Writing IBS_WAKE_ACK
09-29 23:53:27.826   981  4206 I vendor.qti.bluetooth@1.0-ibs_handler: ProcessIbsCmd: Received IBS_SLEEP_IND: 0xFE
09-29 23:53:28.231   981  4206 I vendor.qti.bluetooth@1.0-ibs_handler: ProcessIbsCmd: Received IBS_WAKE_IND: 0xFD
09-29 23:53:28.231   981  4206 I vendor.qti.bluetooth@1.0-ibs_handler: ProcessIbsCmd: Writing IBS_WAKE_ACK
09-29 23:53:28.232   991 31803 I sensors-hal: handle_sns_std_sensor_event:276, [SSC_LIGHT] P: 3(3),m:0,a:12,b:3,c:0,d:2,ag:0,dg:60,it:1824,br:19
09-29 23:53:28.237  4083  4210 W bt_btm_pm: Power mode switched from immediate:sniff[2] to immediate:active[0]
09-29 23:53:28.318   981  4206 I vendor.qti.bluetooth@1.0-ibs_handler: ProcessIbsCmd: Received IBS_SLEEP_IND: 0xFE
09-29 23:53:28.339   981  4208 I vendor.qti.bluetooth@1.0-ibs_handler: DeviceSleep: TX Awake, Sending SLEEP_IND
09-29 23:53:28.340   981  4208 D vendor.qti.bluetooth@1.0-ibs_handler: SerialClockVote: vote for UART CLK OFF
09-29 23:53:28.491   981  4158 D vendor.qti.bluetooth@1.0-wake_lock: Release wakelock is released 
09-29 23:53:29.213  2525  2525 D SecPowerUI.Notification: showChargingNotice oldChargingType : 11 / currentChargingType : 11, oldChargingTime : 1755000 / mChargingTime : 1755000
09-29 23:53:29.213  2525  2525 D SecPowerUI.Notification: There is no change about charging status, so return!
09-29 23:53:29.814  1258  1688 D BatteryExternalStatsWorker: update stats : procstate-change (14)
09-29 23:53:29.815  1258  1688 D BatteryExternalStatsWorker: Fetch WiFi data
09-29 23:53:29.815  1258  1688 D BatteryExternalStatsWorker: Update Rail Energy data
09-29 23:53:29.816  1258  1688 D BatteryExternalStatsWorker: Fetch Bluetooth data
09-29 23:53:29.816  1258  1688 D BatteryExternalStatsWorker: Fetch modem data
09-29 23:53:29.826   981   981 D vendor.qti.bluetooth@1.0-ibs_handler: SerialClockVote: vote for UART CLK ON
09-29 23:53:29.827   981   981 D vendor.qti.bluetooth@1.0-wake_lock: Acquire wakelock is acquired 
09-29 23:53:29.827   981   981 I vendor.qti.bluetooth@1.0-ibs_handler: DeviceWakeUp: Writing IBS_WAKE_IND
09-29 23:53:29.828   981  4206 I vendor.qti.bluetooth@1.0-ibs_handler: ProcessIbsCmd: Received IBS_WAKE_ACK: 0xFC
09-29 23:53:29.828   981  4206 I vendor.qti.bluetooth@1.0-ibs_handler: ProcessIbsCmd: Signal wack_cond_
09-29 23:53:29.828   981   981 D vendor.qti.bluetooth@1.0-ibs_handler: DeviceWakeUp: Unblocked from waiting for FC, pthread_cond_timedwait ret = 0
09-29 23:53:29.829   981  4206 I vendor.qti.bluetooth@1.0-ibs_handler: ProcessIbsCmd: Received IBS_WAKE_IND: 0xFD
09-29 23:53:29.829   981  4206 I vendor.qti.bluetooth@1.0-ibs_handler: ProcessIbsCmd: Writing IBS_WAKE_ACK
09-29 23:53:29.868  1258  5222 D TelephonyManager: requestModemActivityInfo: Sending result to app: ModemActivityInfo{ mTimestamp=917796737 mSleepTimeMs=741580006 mIdleTimeMs=29652631 mActivityStatsTechSpecificInfo=[{mRat=UNKNOWN,mFrequencyRange=UNKNOWN,mTxTimeMs[]=[1656466, 1315340, 1925093, 1220876, 4277299],mRxTimeMs=136044769}]}
09-29 23:53:29.870  1258  1688 D BatteryExternalStatsWorker: Update bluetooth state
09-29 23:53:29.870  1258  1688 D BatteryExternalStatsWorker: mStats lock released
09-29 23:53:29.892  1258  1688 D BatteryExternalStatsWorker: Update modem state
09-29 23:53:29.892  1258  1688 D BatteryExternalStatsWorker: done updateExternalStatsLocked
09-29 23:53:29.915   981  4206 I vendor.qti.bluetooth@1.0-ibs_handler: ProcessIbsCmd: Received IBS_SLEEP_IND: 0xFE
09-29 23:53:29.924  3769 31864 I NearbyMediums: No BLE Fast/GATT advertisements found in the latest cycle.
09-29 23:53:29.924  3769 31864 I NearbyMediums: Current Tracked Scanning Clients are : {NearbyConnections.EnvironmentMonitor, NearbyConnections.TxAdvertisement}
09-29 23:53:30.579   697   697 D io_stats: !@   8,0 r 29755803 614789844 w 8163446 111237640 d 3620164 107666888 f 0 0 iot 6727560 0 th 0 0 0 pt 0 inp 0 0 285724.288
09-29 23:53:30.830   981  4208 I vendor.qti.bluetooth@1.0-ibs_handler: DeviceSleep: TX Awake, Sending SLEEP_IND
09-29 23:53:30.830   981  4208 D vendor.qti.bluetooth@1.0-ibs_handler: SerialClockVote: vote for UART CLK OFF
09-29 23:53:30.981   981  4158 D vendor.qti.bluetooth@1.0-wake_lock: Release wakelock is released 
09-29 23:53:31.269   991 31803 I sensors-hal: handle_sns_std_sensor_event:276, [SSC_LIGHT] P: 3(3),m:0,a:12,b:3,c:0,d:4,ag:0,dg:60,it:1824,br:19
09-29 23:53:31.484  1258  2811 V MdnieScenarioControlService: burn_in_prevention_mode(), enabled : true, mBurnInDisableAppEnabled : false , mAutoBrightnessMode : true, mHighBrightnessModeEnabled : false , mBurnInPreventionACL : false , platform_brightness_value : 21 , BURN_IN_PREVENTION_SUPPORT_VALUE : 143 , mBurnInPreventionEnabled : false , mGameAppLauncher : false
09-29 23:53:31.651  1802  1839 D SyncManager: Performing sync check...
09-29 23:53:31.654  1802  1839 D CheckExpiredEvents: Checking events from 2025-09-29T23:52:51.298120 to 2025-09-29T23:53:31.652676
09-29 23:53:31.671  1103  1157 I VSyncReactor: Current= 60, TransitioningTo= 60, hwcPeriod= 60, Distance= 0
09-29 23:53:31.691  1802  1839 D CheckExpiredEvents: Check complete: 0 expired, 0 deleted, 0 recurring created
09-29 23:53:31.691  1802  1839 D SyncManager: Sync complete: 0 expired, 0 deleted, 0 recurring
09-29 23:53:31.733  1802  1802 D CategoryDropdown: Rendering with 5 categories, selected: shiva rave
09-29 23:53:32.253   991 31823 I sensors-hal: handle_sns_client_event:252, auto_rotation_debug_2 mode,255, type,1,0 acc,-0.223,-0.558,9.938, ar,0, ver,10
09-29 23:53:32.581   697   697 D io_stats: !@   8,0 r 29755803 614789844 w 8163455 111237676 d 3620164 107666888 f 0 0 iot 6727572 0 th 0 0 0 pt 0 inp 0 0 285726.290
09-29 23:53:34.150   991 31803 I sensors-hal: handle_sns_std_sensor_event:276, [SSC_LIGHT] P: 3(3),m:0,a:12,b:4,c:0,d:6,ag:0,dg:60,it:1824,br:19
09-29 23:53:34.226   987   987 I android.hardware.health@2.1-service-samsung: updateLrpSysfs: write: 295
09-29 23:53:34.227  1258  1642 D BatteryService: Sending ACTION_BATTERY_CHANGED: level:89, status:2, health:2, ac:false, usb:true, wireless:false, pogo:false, misc:0x10000, charge_type:1, charger_type:0, voltage:4257, temperature:270, online:4, current_avg:662, ps:false, hvc:false, capacity:280000, current_event:0x20000000, current_now:696, mcc:0, mcv:0, cc:3658863, present:true, scale:100, technology:Li-ion
09-29 23:53:34.229  1258  2291 D MotionRecognitionService: [SAR]  onReceive : ACTION_BATTERY_CHANGED, Plugged: 2
09-29 23:53:34.230  1258  1258 D PhoneWindowManagerExt: ACTION_BATTERY_CHANGED - Level=89, status=2
09-29 23:53:34.230  1258  2439 I DeviceBatteryInfoService: action: android.intent.action.BATTERY_CHANGED
09-29 23:53:34.231  1258  2439 I DeviceBatteryInfoService: phone battery level: 89
09-29 23:53:34.231  1258  2439 I DeviceBatteryInfoService: phone battery status: 2
09-29 23:53:34.231  1258  1258 D AdaptiveBrightnessLongtermModelBuilder: Received android.intent.action.BATTERY_CHANGED
09-29 23:53:34.231  1258  1258 D SemWifiApBroadcastReceiver: Received : android.intent.action.BATTERY_CHANGED
09-29 23:53:34.233  2525  2525 D SamsungBatteryMeterDrawable: onBatteryLevelChanged isSomethingChanged: false
09-29 23:53:34.233  2525  2525 D SamsungBatteryMeterDrawable: onBatteryLevelChanged isSomethingChanged: false
09-29 23:53:34.234  2525  2525 D SamsungBatteryMeterDrawable: onBatteryLevelChanged isSomethingChanged: false
09-29 23:53:34.234  2525  2525 D SamsungBatteryMeterDrawable: onBatteryLevelChanged isSomethingChanged: false
09-29 23:53:34.234  2525  2525 D KeyguardUpdateMonitor: received broadcast android.intent.action.BATTERY_CHANGED
09-29 23:53:34.235  2525  2525 I PowerUI : mBootCompleted = true |  mFullyConnected = true
09-29 23:53:34.235  2525  2525 I PowerUI : BATTERY_HEALTH_CHECK extraHealth=2 mBatteryMiscEvent=65536
09-29 23:53:34.236  2525  8421 D SecPowerUI.Notification: dismissing low battery warning: level=89
09-29 23:53:34.236  2525  8421 D SecPowerUI.Notification: updateNotification mWarning=false mPlaySound=false
09-29 23:53:34.236  2525  8421 D SecPowerUI.Notification: SecBatteryStatsSnapshot{batteryLevel=89, currentBatteryMode=1, chargingTime=1755000, chargingType=11, batteryHealth=2, automaticTestMode=false, isHiccupState=false}
09-29 23:53:34.237  2525  2525 W PowerUI : Plug reason
09-29 23:53:34.237  2525  2525 W PowerUI : Skip charging animation - by plug status
09-29 23:53:34.237  2525  2525 D PowerUI : priorPlugType = 2 mPlugType = 2 priorBatteryStatus = 2 mBatteryStatus = 2
09-29 23:53:34.237  2525  2525 W PowerUI : Plug reason
09-29 23:53:34.237  2525  2525 W PowerUI : Skip charging sound - by plug status
09-29 23:53:34.237  2525  2525 I PowerUI : oldMisalign : false, curMisalign : false
09-29 23:53:34.239  2525  2525 D SecPowerUI.Notification: showChargingNotice oldChargingType : 11 / currentChargingType : 11, oldChargingTime : 1755000 / mChargingTime : 1755000
09-29 23:53:34.239  2525  2525 D SecPowerUI.Notification: There is no change about charging status, so return!
09-29 23:53:34.239  2525  2525 D PowerUI : Battery swelling mode - priorBatterySwellingMode = 0 mBatterySwellingMode = 0 mBatteryStatus = 2
09-29 23:53:34.239  2525  2525 I PowerUI : mBatteryMiscEvent = 65536
09-29 23:53:34.239  2525  2525 D KeyguardUpdateMonitor: handleBatteryUpdate
09-29 23:53:34.241  2525  8421 D SecPowerUI.Notification: 1. restoreScreenTimeOut - saved_value : :
09-29 23:53:34.241  2525  8421 E SecPowerUI.Notification: no saved value, so we do nothing !!
09-29 23:53:34.242  2525  2525 I AODBatteryManager: updateBatteryData: ACTION_BATTERY_CHANGED
09-29 23:53:34.242  2525  2525 I AODBatteryManager: saveBatteryData : AOD BatteryData [mBatteryLevel=89, mBatteryStatus=CHARGING, mBatteryPlugType=USB, mBatteryPlugged=true, mRemainingChargeTime=1755000, mBatteryChargingType=1, mBatteryChargerType=NORMAL, mBatteryOnline=USB, mBatterySwellingMode=NONE, mBatteryProtectMode=false]
09-29 23:53:34.243  2507  2507 D SemBigDataInfoController: Intent: android.intent.action.BATTERY_CHANGED
09-29 23:53:34.244  1258  1651 D BaseRestrictionMgr: Package: com.microsoft.emmx, userid: 0, hostingType: broadcast is Restricted by policy: 4 caller is: null
09-29 23:53:34.244  1258  1651 W BroadcastQueue: intent:Intent { act=android.intent.action.BATTERY_CHANGED flg=0x60000010 (has extras) } is skipped in RestrictedPackage to ProcessRecord{8481a54 4471:com.microsoft.emmx/u0a286}
09-29 23:53:34.244  2507  2507 D SemBigDataInfoController: Intent: android.intent.action.BATTERY_CHANGED
09-29 23:53:34.244  1258  1651 D BaseRestrictionMgr: Package: com.microsoft.emmx, userid: 0, hostingType: broadcast is Restricted by policy: 4 caller is: null
09-29 23:53:34.244  1258  1651 W BroadcastQueue: intent:Intent { act=android.intent.action.BATTERY_CHANGED flg=0x60000010 (has extras) } is skipped in RestrictedPackage to ProcessRecord{8481a54 4471:com.microsoft.emmx/u0a286}
09-29 23:53:34.244  1258  1651 D BaseRestrictionMgr: Package: com.whatsapp, userid: 0, hostingType: broadcast is Restricted by policy: 4 caller is: null
09-29 23:53:34.244  1258  1651 W BroadcastQueue: intent:Intent { act=android.intent.action.BATTERY_CHANGED flg=0x60000010 (has extras) } is skipped in RestrictedPackage to ProcessRecord{3108d4b 26733:com.whatsapp/u0a279}
09-29 23:53:34.244  1258  1651 D BaseRestrictionMgr: Package: com.instagram.android, userid: 0, hostingType: broadcast is Restricted by policy: 4 caller is: null
09-29 23:53:34.244  1258  1651 W BroadcastQueue: intent:Intent { act=android.intent.action.BATTERY_CHANGED flg=0x60000010 (has extras) } is skipped in RestrictedPackage to ProcessRecord{9056440 30582:com.instagram.android/u0a362}
09-29 23:53:34.244  1258  1651 D BaseRestrictionMgr: Package: com.instagram.android, userid: 0, hostingType: broadcast is Restricted by policy: 4 caller is: null
09-29 23:53:34.244  1258  1651 W BroadcastQueue: intent:Intent { act=android.intent.action.BATTERY_CHANGED flg=0x60000010 (has extras) } is skipped in RestrictedPackage to ProcessRecord{9056440 30582:com.instagram.android/u0a362}
09-29 23:53:34.245   934   934 I [SCPMV2][SystemMonitorReceiver]: onReceive: android.intent.action.BATTERY_CHANGED
09-29 23:53:35.108  1258  3660 D FreecessController: com.example.questflow(10521) is important[!isUidIdle]
09-29 23:53:36.585   697   697 D io_stats: !@   8,0 r 29755807 614789860 w 8163468 111237736 d 3620164 107666888 f 0 0 iot 6727576 0 th 0 0 0 pt 0 inp 0 0 285730.293
09-29 23:53:37.192   991 31803 I sensors-hal: handle_sns_std_sensor_event:276, [SSC_LIGHT] P: 3(3),m:0,a:12,b:4,c:0,d:2,ag:0,dg:60,it:1824,br:19
09-29 23:53:37.580  5082  5082 I SDHMS:LOAD: type: LoadsFreqs, value: 0:0:0:844800:844800:844800:715008:940800:710400:305:305:305
09-29 23:53:38.298   981  4206 I vendor.qti.bluetooth@1.0-ibs_handler: ProcessIbsCmd: Received IBS_WAKE_IND: 0xFD
09-29 23:53:38.298   981  4206 D vendor.qti.bluetooth@1.0-ibs_handler: SerialClockVote: vote for UART CLK ON
09-29 23:53:38.299   981  4206 D vendor.qti.bluetooth@1.0-wake_lock: Acquire wakelock is acquired 
09-29 23:53:38.299   981  4206 I vendor.qti.bluetooth@1.0-ibs_handler: ProcessIbsCmd: Writing IBS_WAKE_ACK
09-29 23:53:38.311  4083  4210 W bt_btm_pm: Power mode switched from immediate:active[0] to immediate:sniff[2]
09-29 23:53:38.392   981  4206 I vendor.qti.bluetooth@1.0-ibs_handler: ProcessIbsCmd: Received IBS_SLEEP_IND: 0xFE
09-29 23:53:38.392   981  4206 D vendor.qti.bluetooth@1.0-ibs_handler: SerialClockVote: vote for UART CLK OFF
09-29 23:53:38.545   981  4158 D vendor.qti.bluetooth@1.0-wake_lock: Release wakelock is released 
09-29 23:53:38.606  1258  2308 D InputReader: Btn_touch(11): value=1 when=285732.314562
09-29 23:53:38.607  1258  2308 I InputReader: Touch event's action is 0x0 (id=2, t=0) [pCnt=1, s=0.2495 ] when=285732.314562
09-29 23:53:38.609  1258  2307 I InputDispatcher: Delivering touch to (2525): action: 0x4, f=0x0, d=0, '3f26ddc', t=1 
09-29 23:53:38.610  1258  2307 I InputDispatcher: Delivering touch to (1802): action: 0x0, f=0x0, d=0, '8e5aa16', t=1 
09-29 23:53:38.610  1258  2307 D PowerManagerService: [api] userActivityFromNative :  (event: 2 flags: 0 displayId: 0) eventTime = 285732314
09-29 23:53:38.611  1103  1157 I VSyncReactor: Current= 60, TransitioningTo= 60, hwcPeriod= 60, Distance= 0
09-29 23:53:38.611  1802  1802 I ViewRootImpl@f82b13f[MainActivity]: ViewPostIme pointer 0
09-29 23:53:38.611  1258  1564 I GestureDetector: obtain mCurrentDownEvent. id: 539138419 caller: com.android.server.wm.SystemGesturesPointerEventListener.onPointerEvent:203 com.android.server.wm.PointerEventDispatcher.onInputEvent:53 android.view.InputEventReceiver.dispatchInputEvent:285 
09-29 23:53:38.612  1258  1564 I GestureDetector: obtain mCurrentDownEvent. id: 539138419 caller: com.android.server.wm.SystemPerformancePointerEventListener.onPointerEvent:89 com.android.server.wm.PointerEventDispatcher.onInputEvent:53 android.view.InputEventReceiver.dispatchInputEvent:285 
09-29 23:53:38.612  1258  2307 D PowerManagerService: UserActivityStateListenerState: 1
09-29 23:53:38.639  1258  1564 I GestureDetector: obtain mCurrentMotionEventRaw. action: 2 id: 979797925
09-29 23:53:38.639  1258  1564 I GestureDetector: obtain mCurrentMotionEventRaw. action: 2 id: 979797925
09-29 23:53:38.672  1258  2308 D InputReader: Btn_touch(11): value=0 when=285732.380813
09-29 23:53:38.672  1258  2308 I InputReader: Touch event's action is 0x1 (id=2, t=0) [pCnt=1, s=] when=285732.380813
09-29 23:53:38.673  1258  2307 I InputDispatcher: Delivering touch to (1802): action: 0x1, f=0x0, d=0, '8e5aa16', t=1 
09-29 23:53:38.674  1802  1802 I ViewRootImpl@f82b13f[MainActivity]: ViewPostIme pointer 1
09-29 23:53:38.675  1802  1802 D CalendarXpScreen: Task clicked: ooo, taskId: 71, status: EXPIRED, expired: true
09-29 23:53:38.686  1802  1802 I Dialog  : mIsDeviceDefault = false, mIsSamsungBasicInteraction = false, isMetaDataInActivity = false
09-29 23:53:38.688  1802  1802 I DecorView: [INFO] isPopOver=false config=false
09-29 23:53:38.688  1802  1802 I DecorView: updateCaptionType: isFloating=true isApplication=true hasWindowDecorCaption=false this=DecorView@bf6c30[]
09-29 23:53:38.688  1802  1802 D DecorView: setCaptionType = 0, this = DecorView@bf6c30[]
09-29 23:53:38.689  1802  1802 I DecorView: setWindowBackground: isPopOver=false color=0 d=android.graphics.drawable.ColorDrawable@fd4562e
09-29 23:53:38.694  1802  1802 W OnBackInvokedCallback: OnBackInvokedCallback is not enabled for the application.
09-29 23:53:38.694  1802  1802 W OnBackInvokedCallback: Set 'android:enableOnBackInvokedCallback="true"' in the application manifest.
09-29 23:53:38.698  1802  1836 D NativeCustomFrequencyManager: [NativeCFMS] BpCustomFrequencyManager::BpCustomFrequencyManager()
09-29 23:53:38.700  1258  4242 D InputTransport: Input channel constructed: 'e969e6b', fd=835
09-29 23:53:38.700  1258  4242 D InputTransport: Input channel constructed: 'e969e6b', fd=894
09-29 23:53:38.700  1258  4242 D InputTransport: Input channel constructed: 'e969e6b', fd=904
09-29 23:53:38.700  1103  3543 I SurfaceFlinger: id=91392 createSurf, flag=80004, e969e6b com.example.questflow/com.example.questflow.MainActivity#91392
09-29 23:53:38.702  1258  4242 V WindowManager: Changing focus from Window{8e5aa16 u0 com.example.questflow/com.example.questflow.MainActivity} to Window{e969e6b u0 com.example.questflow/com.example.questflow.MainActivity} displayId=0 Callers=com.android.server.wm.RootWindowContainer.updateFocusedWindowLocked:595 com.android.server.wm.WindowManagerService.updateFocusedWindowLocked:6810 com.android.server.wm.WindowManagerService.addWindow:2054 com.android.server.wm.Session.addToDisplayAsUser:222 
09-29 23:53:38.702  1258  4242 D MARsPolicyManager: onPackageResumedFG pkgName = com.example.questflow, userId = 0
09-29 23:53:38.702  1258  4242 I WindowManager: Cancelling animation restarting=true, leash=Surface(name=Surface(name=547f01e StatusBar)/@0xecd2cc0 - animation-leash of insets_animation)/@0xb7895f8
09-29 23:53:38.702  1258  4242 I WindowManager: Reparenting to original parent: Surface(name=WindowToken{15518d2 type=2000 android.os.BinderProxy@55ddd34})/@0xd7ebdf9, destroy=false, surface=Surface(name=547f01e StatusBar)/@0xecd2cc0
09-29 23:53:38.702  1258  4242 I WindowManager: Reparenting to leash, surface=Surface(name=547f01e StatusBar)/@0xecd2cc0, leashParent=Surface(name=WindowToken{15518d2 type=2000 android.os.BinderProxy@55ddd34})/@0xd7ebdf9
09-29 23:53:38.702  1103  3543 I SurfaceFlinger: id=91393 createSurf, flag=24000, Surface(name=547f01e StatusBar)/@0xecd2cc0 - animation-leash of insets_animation#91393
09-29 23:53:38.703  1258  4242 D WindowManager: makeSurface duration=1 leash=Surface(name=Surface(name=547f01e StatusBar)/@0xecd2cc0 - animation-leash of insets_animation)/@0xe17bd86
09-29 23:53:38.703  1258  4242 I WindowManager: Cancelling animation restarting=true, leash=Surface(name=Surface(name=3f26ddc NavigationBar0)/@0x4b1cb9f - animation-leash of insets_animation)/@0x978c936
09-29 23:53:38.703  1258  4242 I WindowManager: Reparenting to original parent: Surface(name=WindowToken{1f1f24f type=2019 android.os.BinderProxy@1a3f929})/@0x7b854ec, destroy=false, surface=Surface(name=3f26ddc NavigationBar0)/@0x4b1cb9f
09-29 23:53:38.703  1258  4242 I WindowManager: Reparenting to leash, surface=Surface(name=3f26ddc NavigationBar0)/@0x4b1cb9f, leashParent=Surface(name=WindowToken{1f1f24f type=2019 android.os.BinderProxy@1a3f929})/@0x7b854ec
09-29 23:53:38.703  1103  3543 I SurfaceFlinger: id=91394 createSurf, flag=24000, Surface(name=3f26ddc NavigationBar0)/@0x4b1cb9f - animation-leash of insets_animation#91394
09-29 23:53:38.704  1258  4242 D WindowManager: makeSurface duration=0 leash=Surface(name=Surface(name=3f26ddc NavigationBar0)/@0x4b1cb9f - animation-leash of insets_animation)/@0xe676e74
09-29 23:53:38.704  1258  4242 D WindowManager: updateSystemBarAttributes: displayId=0, win=Window{e969e6b u0 com.example.questflow/com.example.questflow.MainActivity}, navColorWin=Window{8e5aa16 u0 com.example.questflow/com.example.questflow.MainActivity}, focusedCanBeNavColorWin=false, behavior=1, appearance=0, statusBarAppearanceRegions=[AppearanceRegion{LIGHT_STATUS_BARS bounds=[0,0][1080,2400]}], requestedVisibilities=, from=com.android.server.wm.DisplayPolicy.focusChangedLw:3247 com.android.server.wm.DisplayContent.updateFocusedWindowLocked:4632 com.android.server.wm.RootWindowContainer.updateFocusedWindowLocked:595 
09-29 23:53:38.704  1258  4242 D StatusBarManagerService: notifyRequestedSystemKey recent=false home=false
09-29 23:53:38.704  1258  4242 D InputTransport: Input channel destroyed: 'e969e6b', fd=904
09-29 23:53:38.705  2525  2525 D NavigationBar: onSystemBarAttributesChanged() -  displayId:0, appearance:0, packageName: com.example.questflow, navbarColorManagedByIme:false
09-29 23:53:38.706  1802  1802 D InsetsController: onStateChanged: InsetsState: {mDisplayFrame=Rect(0, 0 - 1080, 2400), mDisplayCutout=DisplayCutout{insets=Rect(0, 88 - 0, 0) waterfall=Insets{left=0, top=0, right=0, bottom=0} boundingRect={Bounds=[Rect(0, 0 - 0, 0), Rect(512, 0 - 568, 88), Rect(0, 0 - 0, 0), Rect(0, 0 - 0, 0)]} cutoutPathParserInfo={CutoutPathParserInfo{displayWidth=1080 displayHeight=2400 physicalDisplayWidth=1080 physicalDisplayHeight=2400 density={3.0} cutoutSpec={M 0,0 M 0,10.71963616907435 a 9.280363830925644,9.280363830925644 0 1,0 0,18.56072766185129 a 9.280363830925644,9.280363830925644 0 1,0 0,-18.56072766185129 Z @dp} rotation={0} scale={1.0} physicalPixelDisplaySizeRatio={1.0}}}}, mRoundedCorners=RoundedCorners{[RoundedCorner{position=TopLeft, radius=96, center=Point(96, 96)}, RoundedCorner{position=TopRight, radius=96, center=Point(984, 96)}, RoundedCorner{position=BottomRight, radius=96, center=Point(984, 2304)}, RoundedCorner{position=BottomLeft, radius=96, center=Point(96, 2304)}]}  mRoundedCornerFrame=Rect(0, 0 - 1080, 2400), mPrivacyIndicatorBounds=PrivacyIndicatorBounds {static bounds=Rect(948, 0 - 1080, 88) rotation=0}, mSources= { InsetsSource: {mType=ITYPE_STATUS_BAR, mFrame=[0,0][1080,88], mVisible=true, mInsetsRoundedCornerFrame=false}, InsetsSource: {mType=ITYPE_NAVIGATION_BAR, mFrame=[0,2256][1080,2400], mVisible=true, mInsetsRoundedCornerFrame=false}, InsetsSource: {mType=ITYPE_LEFT_GESTURES, mFrame=[0,0][0,2400], mVisible=true, mInsetsRoundedCornerFrame=false}, InsetsSource: {mType=ITYPE_RIGHT_GESTURES, mFrame=[1080,0][1080,2400], mVisible=true, mInsetsRoundedCornerFrame=false}, InsetsSource: {mType=ITYPE_TOP_MANDATORY_GESTURES, mFrame=[0,0][1080,124], mVisible=true, mInsetsRoundedCornerFrame=false}, InsetsSource: {mType=ITYPE_BOTTOM_MANDATORY_GESTURES, mFrame=[0,2256][1080,2400], mVisible=true, mInsetsRoundedCornerFrame=false}, InsetsSource: {mType=ITYPE_LEFT_DISPLAY_CUTOUT, mFrame=[0,0][-100000,2400], mVisible=true, mInsetsRoundedCornerFrame=false}, InsetsSource: {mType=ITYPE_TOP_DISPLAY_CUTOUT, mFrame=[0,0][1080,88], mVisible=true, mInsetsRoundedCornerFrame=false}, InsetsSource: {mType=ITYPE_RIGHT_DISPLAY_CUTOUT, mFrame=[100000,0][1080,2400], mVisible=true, mInsetsRoundedCornerFrame=false}, InsetsSource: {mType=ITYPE_BOTTOM_DISPLAY_CUTOUT, mFrame=[0,100000][1080,2400], mVisible=true, mInsetsRoundedCornerFrame=false}, InsetsSource: {mType=ITYPE_TOP_TAPPABLE_ELEMENT, mFrame=[0,0][1080,88], mVisible=true, mInsetsRoundedCornerFrame=false}, InsetsSource: {mType=ITYPE_BOTTOM_TAPPABLE_ELEMENT, mFrame=[0,2256][1080,2400], mVisible=true, mInsetsRoundedCornerFrame=false}, InsetsSource: {mType=ITYPE_IME, mFrame=[0,0][0,0], mVisibleFrame=[0,1374][1080,2400], mVisible=false, mInsetsRoundedCornerFrame=false} } host=com.example.questflow/com.example.questflow.MainActivity from=android.view.ViewRootImpl.setView:1732
09-29 23:53:38.707  1802  1802 I ViewRootImpl@756138c[MainActivity]: setView = com.android.internal.policy.DecorView@bf6c30 TM=true
09-29 23:53:38.708  1258  4242 D CoreBackPreview: Window{e969e6b u0 com.example.questflow/com.example.questflow.MainActivity}: Setting back callback OnBackInvokedCallbackInfo{mCallback=android.window.IOnBackInvokedCallback$Stub$Proxy@7698f9d, mPriority=0}
09-29 23:53:38.708  1802  1802 I DecorView: notifyKeepScreenOnChanged: keepScreenOn=false
09-29 23:53:38.731  1103  1103 I SurfaceFlinger: [e969e6b com.example.questflow/com.example.questflow.MainActivity#91392] FrameRatePriority: 1
09-29 23:53:38.731  1103  1103 I SurfaceFlinger: [8e5aa16 com.example.questflow/com.example.questflow.MainActivity#91352] FrameRatePriority: -1
09-29 23:53:38.731  1103  1103 I Layer   : id=91388 removedFromDrawingState Surface(name=547f01e StatusBar)/@0xecd2cc0 - animation-leash of insets_animation#91388 (121)
09-29 23:53:38.731  1103  1103 I Layer   : id=91389 removedFromDrawingState Surface(name=3f26ddc NavigationBar0)/@0x4b1cb9f - animation-leash of insets_animation#91389 (121)
09-29 23:53:38.780  1802  1802 I ViewRootImpl@756138c[MainActivity]: performTraversals params={(0,0)(wrapxwrap) gr=CENTER sim={adjust=pan} ty=APPLICATION fmt=TRANSPARENT wanim=0x103030a surfaceInsets=Rect(120, 120 - 120, 120)
09-29 23:53:38.780  1802  1802 I ViewRootImpl@756138c[MainActivity]:   fl=1800002
09-29 23:53:38.780  1802  1802 I ViewRootImpl@756138c[MainActivity]:   pfl=2000000
09-29 23:53:38.780  1802  1802 I ViewRootImpl@756138c[MainActivity]:   bhv=DEFAULT
09-29 23:53:38.780  1802  1802 I ViewRootImpl@756138c[MainActivity]:   fitTypes=STATUS_BARS NAVIGATION_BARS CAPTION_BAR
09-29 23:53:38.780  1802  1802 I ViewRootImpl@756138c[MainActivity]:  dimAmount=0.6 naviIconColor=0}
09-29 23:53:38.780  1802  1802 I ViewRootImpl@756138c[MainActivity]: performTraversals mFirst=true windowShouldResize=false viewVisibilityChanged=false mForceNextWindowRelayout=false params={(0,0)(wrapxwrap) gr=CENTER sim={adjust=pan} ty=APPLICATION fmt=TRANSPARENT wanim=0x103030a surfaceInsets=Rect(120, 120 - 120, 120)
09-29 23:53:38.780  1802  1802 I ViewRootImpl@756138c[MainActivity]:   fl=1800002
09-29 23:53:38.780  1802  1802 I ViewRootImpl@756138c[MainActivity]:   pfl=42000000
09-29 23:53:38.780  1802  1802 I ViewRootImpl@756138c[MainActivity]:   bhv=DEFAULT
09-29 23:53:38.780  1802  1802 I ViewRootImpl@756138c[MainActivity]:   fitTypes=STATUS_BARS NAVIGATION_BARS CAPTION_BAR
09-29 23:53:38.780  1802  1802 I ViewRootImpl@756138c[MainActivity]:  dimAmount=0.6 naviIconColor=0}
09-29 23:53:38.781  1258  4242 V WindowManager: Relayout Window{e969e6b u0 com.example.questflow/com.example.questflow.MainActivity}: viewVisibility=0 req=960x1704 d0
09-29 23:53:38.781  1258  4242 D RestrictionPolicy: isScreenCaptureEnabled : ret=true userId=0
09-29 23:53:38.781  1103  3543 I SurfaceFlinger: id=91395 createSurf, flag=40004, com.example.questflow/com.example.questflow.MainActivity$_1802#91395
09-29 23:53:38.782  1258  4242 D WindowManager: makeSurface duration=1 name=com.example.questflow/com.example.questflow.MainActivity$_1802
09-29 23:53:38.785  1258  4242 V WindowManager: Relayout hash=e969e6b, pid=1802, syncId=-1: mAttrs={(0,0)(wrapxwrap) gr=CENTER sim={adjust=pan} ty=APPLICATION fmt=TRANSPARENT wanim=0x103030a surfaceInsets=Rect(120, 120 - 120, 120)
09-29 23:53:38.785  1258  4242 V WindowManager:   fl=1800002
09-29 23:53:38.785  1258  4242 V WindowManager:   pfl=42000000
09-29 23:53:38.785  1258  4242 V WindowManager:   bhv=DEFAULT
09-29 23:53:38.785  1258  4242 V WindowManager:   fitTypes=STATUS_BARS NAVIGATION_BARS CAPTION_BAR
09-29 23:53:38.785  1258  4242 V WindowManager:  dimAmount=0.6 naviIconColor=0}
09-29 23:53:38.789  1802  1802 I ViewRootImpl@756138c[MainActivity]: updateBlastSurfaceIfNeeded mBlastBufferQueue=null isSameSurfaceControl=false
09-29 23:53:38.791  1802  1802 I BLASTBufferQueue: new BLASTBufferQueue, mName= ViewRootImpl@756138c[MainActivity] mNativeObject= 0xb4000078ad549880 sc.mNativeObject= 0xb4000078b9696640 caller= android.view.ViewRootImpl.updateBlastSurfaceIfNeeded:2909 android.view.ViewRootImpl.relayoutWindow:9847 android.view.ViewRootImpl.performTraversals:3884 android.view.ViewRootImpl.doTraversal:3116 android.view.ViewRootImpl$TraversalRunnable.run:10885 android.view.Choreographer$CallbackRecord.run:1301 android.view.Choreographer$CallbackRecord.run:1309 android.view.Choreographer.doCallbacks:923 android.view.Choreographer.doFrame:852 android.view.Choreographer$FrameDisplayEventReceiver.run:1283 
09-29 23:53:38.791  1802  1802 I BLASTBufferQueue: update, w= 1200 h= 1944 mName = ViewRootImpl@756138c[MainActivity] mNativeObject= 0xb4000078ad549880 sc.mNativeObject= 0xb4000078b9696640 format= -2 caller= android.graphics.BLASTBufferQueue.<init>:84 android.view.ViewRootImpl.updateBlastSurfaceIfNeeded:2909 android.view.ViewRootImpl.relayoutWindow:9847 android.view.ViewRootImpl.performTraversals:3884 android.view.ViewRootImpl.doTraversal:3116 android.view.ViewRootImpl$TraversalRunnable.run:10885 
09-29 23:53:38.791  1802  1802 I ViewRootImpl@756138c[MainActivity]: Relayout returned: old=(0,88,1080,2256) new=(60,320,1020,2024) req=(960,1704)0 dur=9 res=0x3 s={true 0xb40000784ed30000} ch=true seqId=0
09-29 23:53:38.793  1802  1802 I ViewRootImpl@756138c[MainActivity]: mThreadedRenderer.initialize() mSurface={isValid=true 0xb40000784ed30000} hwInitialized=true
09-29 23:53:38.794  1802  1836 D OpenGLRenderer: eglCreateWindowSurface
09-29 23:53:38.802  1802  1802 I ViewRootImpl@756138c[MainActivity]: reportNextDraw android.view.ViewRootImpl.performTraversals:4438 android.view.ViewRootImpl.doTraversal:3116 android.view.ViewRootImpl$TraversalRunnable.run:10885 android.view.Choreographer$CallbackRecord.run:1301 android.view.Choreographer$CallbackRecord.run:1309 
09-29 23:53:38.802  1802  1802 I ViewRootImpl@756138c[MainActivity]: Setup new sync id=0
09-29 23:53:38.802  1802  1802 I ViewRootImpl@756138c[MainActivity]: Setting syncFrameCallback
09-29 23:53:38.802  1802  1802 I ViewRootImpl@756138c[MainActivity]: registerCallbacksForSync syncBuffer=false
09-29 23:53:38.810  1802  1864 I ViewRootImpl@756138c[MainActivity]: Received frameDrawingCallback syncResult=0 frameNum=1.
09-29 23:53:38.810  1802  1864 I ViewRootImpl@756138c[MainActivity]: Setting up sync and frameCommitCallback
09-29 23:53:38.811  1802  1836 I BLASTBufferQueue: [ViewRootImpl@756138c[MainActivity]#4](f:0,a:0) onFrameAvailable the first frame is available
09-29 23:53:38.812  1802  1836 I ViewRootImpl@756138c[MainActivity]: Received frameCommittedCallback lastAttemptedDrawFrameNum=1 didProduceBuffer=true
09-29 23:53:38.812  1802  1836 D OpenGLRenderer: CFMS:: SetUp Pid : 1802    Tid : 1836
09-29 23:53:38.814  1802  1836 W Parcel  : Expecting binder but got null!
09-29 23:53:38.814  1802  1802 I ViewRootImpl@756138c[MainActivity]: onSyncComplete
09-29 23:53:38.814  1802  1802 I ViewRootImpl@756138c[MainActivity]: setupSync seqId=0 mSyncId=0 fn=1 caller=android.view.ViewRootImpl$$ExternalSyntheticLambda11.accept:6 android.window.SurfaceSyncer.lambda$setupSync$1$android-window-SurfaceSyncer:128 android.window.SurfaceSyncer$$ExternalSyntheticLambda1.accept:8 android.window.SurfaceSyncer$SyncSet.checkIfSyncIsComplete:382 android.window.SurfaceSyncer$SyncSet.markSyncReady:359 android.window.SurfaceSyncer.markSyncReady:151 android.view.ViewRootImpl.performTraversals:4503 
09-29 23:53:38.814  1802  1802 I ViewRootImpl@756138c[MainActivity]: reportDrawFinished seqId=0 mSyncId=-1 fn=1 mSurfaceChangedTransaction=0xb40000785b6c5900
09-29 23:53:38.816  1258  4242 D WindowManager: finishDrawingWindow: Window{e969e6b u0 com.example.questflow/com.example.questflow.MainActivity} mDrawState=DRAW_PENDING seqId=0
09-29 23:53:38.818  1258  5436 D InputDispatcher: Focus request (0): e969e6b com.example.questflow/com.example.questflow.MainActivity but waiting because NOT_VISIBLE
09-29 23:53:38.818  1258  5436 D InputDispatcher: Focus left window (0): 8e5aa16 com.example.questflow/com.example.questflow.MainActivity
09-29 23:53:38.820  1258  1567 I WindowManager: Reparenting to leash, surface=Surface(name=e969e6b com.example.questflow/com.example.questflow.MainActivity)/@0x2222c12, leashParent=Surface(name=ActivityRecord{87b06cd u0 com.example.questflow/.MainActivity} t677})/@0x3bac4c6
09-29 23:53:38.820  1802  1802 D CategoryDropdown: Rendering with 5 categories, selected: shiva rave
09-29 23:53:38.820  1103  1164 I SurfaceFlinger: id=91396 createSurf, flag=24004, Surface(name=e969e6b com.example.questflow/com.example.questflow.MainActivity)/@0x2222c12 - animation-leash of window_animation#91396
09-29 23:53:38.821  1258  1567 D WindowManager: makeSurface duration=1 leash=Surface(name=Surface(name=e969e6b com.example.questflow/com.example.questflow.MainActivity)/@0x2222c12 - animation-leash of window_animation)/@0x9e66fe3
09-29 23:53:38.822  1258  1567 V WindowManager: performShowLocked: mDrawState=HAS_DRAWN in Window{e969e6b u0 com.example.questflow/com.example.questflow.MainActivity}
09-29 23:53:38.822  1103  1164 I SurfaceFlinger: id=91397 createSurf, flag=20004, Dim Layer for - Task=677#91397
09-29 23:53:38.823  1258  1567 I WindowManager: Reparenting to leash, surface=Surface(name=Dim Layer for - Task=677)/@0x9c6fde0, leashParent=Surface(name=Task=677)/@0x4eff978
09-29 23:53:38.823  1103  3543 I SurfaceFlinger: id=91398 createSurf, flag=24000, Surface(name=Dim Layer for - Task=677)/@0x9c6fde0 - animation-leash of dimmer#91398
09-29 23:53:38.824  1258  1567 D WindowManager: makeSurface duration=1 leash=Surface(name=Surface(name=Dim Layer for - Task=677)/@0x9c6fde0 - animation-leash of dimmer)/@0x6548899
09-29 23:53:38.832  1802  1802 I DecorView: notifyKeepScreenOnChanged: keepScreenOn=false
09-29 23:53:38.833  1103  1103 D SurfaceFlinger: GPIS:: requestGPIS
09-29 23:53:38.833  1103  3547 D NativeSemDvfsManager: acquire:: timeout = 2000 mIsAcquired = 1  mTagName : SurfaceFlinger 
09-29 23:53:38.833  1103  1103 I Layer   : Layer [com.example.questflow/com.example.questflow.MainActivity$_1802#91395] hidden!! flag(0)
09-29 23:53:38.833  1103  3547 E NativeCustomFrequencyManager: [NativeCFMS] BpCustomFrequencyManager::acquire()
09-29 23:53:38.833   994  1127 I HYPER-HAL: [RequestManager.cpp]acquire(): Acquired ID : 2213356  [1103 / 1000]    HINT : SF_GPU_MINLOCK    list : [TIMEOUT / 2000] 
09-29 23:53:38.833  1258  1567 D ActivityTaskManager: mStartingWindow and mStartingData is null for token=ActivityRecord{87b06cd u0 com.example.questflow/.MainActivity} t677}
09-29 23:53:38.835  1258  1567 D WindowManager: updateSystemBarAttributes: displayId=0, win=Window{e969e6b u0 com.example.questflow/com.example.questflow.MainActivity}, navColorWin=Window{e969e6b u0 com.example.questflow/com.example.questflow.MainActivity}, focusedCanBeNavColorWin=false, behavior=1, appearance=0, statusBarAppearanceRegions=[AppearanceRegion{ bounds=[0,0][1080,2400]}], requestedVisibilities=, from=com.android.server.wm.DisplayPolicy.finishPostLayoutPolicyLw:2527 com.android.server.wm.DisplayContent.applySurfaceChangesTransaction:5713 com.android.server.wm.RootWindowContainer.applySurfaceChangesTransaction:1234 
09-29 23:53:38.836  2525  2525 D SamsungLightBarControlHelper: onStatusBarAppearanceChanged() -  sbModeChanged:false, statusBarMode:MODE_TRANSPARENT, barState:SHADE, isKeyguardShowing:false, navbarColorManagedByIme:false, stackAppearancesChanged:true, (AppearanceRegion{ bounds=[0,0][1080,2400]}, ), packageName:com.example.questflow
09-29 23:53:38.836  1802  1802 I ViewRootImpl@756138c[MainActivity]: performTraversals params={(0,0)(wrapxwrap) gr=CENTER sim={adjust=pan} ty=APPLICATION fmt=TRANSPARENT wanim=0x103030a surfaceInsets=Rect(120, 120 - 120, 120)
09-29 23:53:38.836  1802  1802 I ViewRootImpl@756138c[MainActivity]:   fl=1800002
09-29 23:53:38.836  1802  1802 I ViewRootImpl@756138c[MainActivity]:   pfl=2000000
09-29 23:53:38.836  1802  1802 I ViewRootImpl@756138c[MainActivity]:   bhv=DEFAULT
09-29 23:53:38.836  1802  1802 I ViewRootImpl@756138c[MainActivity]:   fitTypes=STATUS_BARS NAVIGATION_BARS CAPTION_BAR
09-29 23:53:38.836  1802  1802 I ViewRootImpl@756138c[MainActivity]:  dimAmount=0.6 naviIconColor=0}
09-29 23:53:38.837  2525  2525 D SamsungLightBarControlHelper: updateStatus(WHITE icon) NumStacks:1, StatusBarMode:MODE_TRANSPARENT, lightBarBounds:[], StatusBarState:SHADE, packageName:com.example.questflow, isWhiteKeyguardStatusBarBySettings:true
09-29 23:53:38.837  1802  1802 I ViewRootImpl@756138c[MainActivity]: performTraversals mFirst=false windowShouldResize=false viewVisibilityChanged=false mForceNextWindowRelayout=false params={(0,0)(wrapxwrap) gr=CENTER sim={adjust=pan} ty=APPLICATION fmt=TRANSPARENT wanim=0x103030a surfaceInsets=Rect(120, 120 - 120, 120)
09-29 23:53:38.837  1802  1802 I ViewRootImpl@756138c[MainActivity]:   fl=1800002
09-29 23:53:38.837  1802  1802 I ViewRootImpl@756138c[MainActivity]:   pfl=42000000
09-29 23:53:38.837  1802  1802 I ViewRootImpl@756138c[MainActivity]:   bhv=DEFAULT
09-29 23:53:38.837  1802  1802 I ViewRootImpl@756138c[MainActivity]:   fitTypes=STATUS_BARS NAVIGATION_BARS CAPTION_BAR
09-29 23:53:38.837  1802  1802 I ViewRootImpl@756138c[MainActivity]:  dimAmount=0.6 naviIconColor=0}
09-29 23:53:38.838  1258  5436 V WindowManager: Relayout Window{e969e6b u0 com.example.questflow/com.example.questflow.MainActivity}: viewVisibility=0 req=960x1704 d0
09-29 23:53:38.840  1258  5436 V WindowManager: Relayout hash=e969e6b, pid=1802, syncId=-1: mAttrs={(0,0)(wrapxwrap) gr=CENTER sim={adjust=pan} ty=APPLICATION fmt=TRANSPARENT wanim=0x103030a surfaceInsets=Rect(120, 120 - 120, 120)
09-29 23:53:38.840  1258  5436 V WindowManager:   fl=1800002
09-29 23:53:38.840  1258  5436 V WindowManager:   pfl=42000000
09-29 23:53:38.840  1258  5436 V WindowManager:   bhv=DEFAULT
09-29 23:53:38.840  1258  5436 V WindowManager:   fitTypes=STATUS_BARS NAVIGATION_BARS CAPTION_BAR
09-29 23:53:38.840  1258  5436 V WindowManager:  dimAmount=0.6 naviIconColor=0}
09-29 23:53:38.842  1802  1802 I ViewRootImpl@756138c[MainActivity]: updateBlastSurfaceIfNeeded mBlastBufferQueue=0xb4000078ad549880 isSameSurfaceControl=true
09-29 23:53:38.842  1802  1802 I BLASTBufferQueue: update, w= 1200 h= 1944 mName = ViewRootImpl@756138c[MainActivity] mNativeObject= 0xb4000078ad549880 sc.mNativeObject= 0xb40000785b6b5000 format= -2 caller= android.view.ViewRootImpl.updateBlastSurfaceIfNeeded:2898 android.view.ViewRootImpl.relayoutWindow:9847 android.view.ViewRootImpl.performTraversals:3884 android.view.ViewRootImpl.doTraversal:3116 android.view.ViewRootImpl$TraversalRunnable.run:10885 android.view.Choreographer$CallbackRecord.run:1301 
09-29 23:53:38.842  1802  1802 I ViewRootImpl@756138c[MainActivity]: Relayout returned: old=(60,320,1020,2024) new=(60,320,1020,2024) req=(960,1704)0 dur=5 res=0x0 s={true 0xb40000784ed30000} ch=false seqId=0
09-29 23:53:38.848  1103  1164 I SurfaceFlinger: id=91389 Removed Surface(name=3f26ddc NavigationBar0)/@0x4b1cb9f - animation-leash of insets_animation#91389 (125)
09-29 23:53:38.848  1103  1164 I SurfaceFlinger: id=91388 Removed Surface(name=547f01e StatusBar)/@0xecd2cc0 - animation-leash of insets_animation#91388 (125)
09-29 23:53:38.849  1103  1103 I Layer   : id=91388 Destroyed Surface(name=547f01e StatusBar)/@0xecd2cc0 - animation-leash of insets_animation#91388
09-29 23:53:38.849  1103  1103 I Layer   : id=91389 Destroyed Surface(name=3f26ddc NavigationBar0)/@0x4b1cb9f - animation-leash of insets_animation#91389
09-29 23:53:38.853  1802  1802 I ViewRootImpl@f82b13f[MainActivity]: MSG_WINDOW_FOCUS_CHANGED 0 0
09-29 23:53:38.854  2525  2525 I ViewRootImpl@e7930c8[NotificationShade]: performTraversals mFirst=false windowShouldResize=false viewVisibilityChanged=false mForceNextWindowRelayout=false params={(0,0)(fillxfill) gr=TOP CENTER_VERTICAL sim={adjust=resize} layoutInDisplayCutoutMode=always ty=NOTIFICATION_SHADE fmt=TRANSLUCENT
09-29 23:53:38.854  2525  2525 I ViewRootImpl@e7930c8[NotificationShade]:   fl=81840048
09-29 23:53:38.854  2525  2525 I ViewRootImpl@e7930c8[NotificationShade]:   pfl=1b000000
09-29 23:53:38.854  2525  2525 I ViewRootImpl@e7930c8[NotificationShade]:   bhv=SHOW_TRANSIENT_BARS_BY_SWIPE
09-29 23:53:38.854  2525  2525 I ViewRootImpl@e7930c8[NotificationShade]:  dimAmount=0.0 naviIconColor=0
09-29 23:53:38.854  2525  2525 I ViewRootImpl@e7930c8[NotificationShade]:   sfl=60000}
09-29 23:53:38.855  1258  5436 V WindowManager: Relayout Window{e5ffa40 u0 NotificationShade}: viewVisibility=4 req=1080x2400 d0
09-29 23:53:38.856  1258  5436 V WindowManager: Relayout hash=e5ffa40, pid=2525, syncId=-1: mAttrs={(0,0)(fillxfill) gr=TOP CENTER_VERTICAL sim={adjust=resize} layoutInDisplayCutoutMode=always ty=NOTIFICATION_SHADE fmt=TRANSLUCENT
09-29 23:53:38.856  1258  5436 V WindowManager:   fl=81840048
09-29 23:53:38.856  1258  5436 V WindowManager:   pfl=1b000000
09-29 23:53:38.856  1258  5436 V WindowManager:   bhv=SHOW_TRANSIENT_BARS_BY_SWIPE
09-29 23:53:38.856  1258  5436 V WindowManager:  dimAmount=0.0 naviIconColor=0
09-29 23:53:38.856  1258  5436 V WindowManager:   sfl=60000}
09-29 23:53:38.857  2525  2525 I ViewRootImpl@e7930c8[NotificationShade]: Relayout returned: old=(0,0,1080,2400) new=(0,0,1080,2400) req=(1080,2400)4 dur=3 res=0x0 s={false 0x0} ch=false seqId=13
09-29 23:53:38.859  2525  2525 I FaceWidgetPositionAlgorithm: getClockContainerHeight() supplier = 309, bottom margin = 0, real height = 381
09-29 23:53:38.859  2525  2525 I FaceWidgetPositionAlgorithm: getClockContainerHeight() supplier = 309, bottom margin = 72, real height = 381
09-29 23:53:38.859  2525  2525 I FaceWidgetPositionAlgorithm: getMediaContainerHeight() height = 522 container Visibility = 8, isValid = false, mIsDozing = false, fraction = 1.0, source = 0, target = 0
09-29 23:53:38.859  2525  2525 I FaceWidgetPositionAlgorithm: getMediaContainerHeight() supplier = 0
09-29 23:53:38.867  1258  5436 D InputDispatcher: Focus entered window (0): e969e6b com.example.questflow/com.example.questflow.MainActivity
09-29 23:53:38.868  1802  1802 I ViewRootImpl@756138c[MainActivity]: MSG_WINDOW_FOCUS_CHANGED 1 0
09-29 23:53:38.868  1802  1802 I ViewRootImpl@756138c[MainActivity]: mThreadedRenderer.initializeIfNeeded()#2 mSurface={isValid=true 0xb40000784ed30000}
09-29 23:53:38.868  1802  1802 D InputMethodManager: startInputInner - Id : 0
09-29 23:53:38.868  1802  1802 I InputMethodManager: startInputInner - mService.startInputOrWindowGainedFocus
09-29 23:53:38.870  1103  1103 D SurfaceFlinger: Display 4630947232161729153 HWC layers:
09-29 23:53:38.870  1103  1103 D SurfaceFlinger:      DEVICE | 0xb400007cf4617bd0 | 0102 | RGBA_8888    |    0.0    0.0 1080.0 2400.0 |    0    0 1080 2400 | com.example.questflow/com.example.questflow.MainActivity$_1802#91353
09-29 23:53:38.870  1103  1103 D SurfaceFlinger:  SOLID_COLOR |              | 0000 |  Unknown  |    0.0    0.0    0.0    0.0 |    0    0 1080 2400 | Dim Layer for - Task=677#91397
09-29 23:53:38.870  1103  1103 D SurfaceFlinger:      DEVICE | 0xb400007cf62e60a0 | 0100 | RGBA_8888    |   60.0    0.0 1140.0 1944.0 |    0  255 1080 2199 | com.example.questflow/com.example.questflow.MainActivity$_1802#91395
09-29 23:53:38.870  1103  1103 D SurfaceFlinger:      DEVICE | 0xb400007cf62e7610 | 0100 | RGBA_8888    |    0.0    0.0 1080.0   88.0 |    0    0 1080   88 | StatusBar$_2525#85
09-29 23:53:38.870  1103  1103 D SurfaceFlinger:      DEVICE | 0xb400007cf4617770 | 0100 | RGBA_8888    |    0.0    0.0   67.0  329.0 | 1013  358 1080  687 | com.samsung.android.app.cocktailbars[...]rvice.CocktailBarService$_7034#91342
