09-29 23:53:46.159  7077  7077 I HBD     : j updateConfigs 
09-29 23:53:46.159  7077  7077 I HBD     : j isEnabledNightMode : true 
09-29 23:53:46.159  7077  7077 I HBD     : a IC have been binding, RemoteInputConnection{idHash=#f80da73} 
09-29 23:53:46.159  7077  7077 I HBD     : h [EditorInputType]setPrivateImeOptionsToTable privateImeOptions ( null )
09-29 23:53:46.159  7077  7077 I HBD     : b incognitoMode : false 
09-29 23:53:46.159  7077  7077 I HBD     : b needOff = true , isForceOff = false, isNullInputClass : true 
09-29 23:53:46.160  7077  7077 I HBD     : h getDefaultInputRange : UNKNOWN 
09-29 23:53:46.160  7077  7077 I HBD     : h getDefaultInputRange : UNKNOWN 
09-29 23:53:46.160  7077  7077 I HBD     : h getDefaultInputRange : UNKNOWN 
09-29 23:53:46.160  1103  1157 I VSyncReactor: Current= 60, TransitioningTo= 0, hwcPeriod= 60, Distance= 0
09-29 23:53:46.164  7077  7077 I HBD     : b needOff = true , isForceOff = false, isNullInputClass : true 
09-29 23:53:46.165  7077  7077 I HBD     : b update cached prediction status : false 
09-29 23:53:46.165  7077  7077 I HBD     : h getDefaultInputRange : UNKNOWN 
09-29 23:53:46.165  7077  7077 I HBD     : a currentState : 0 
09-29 23:53:46.166  7077  7077 I HBD     : a [UpdatePolicy] [post] a: 0 cl: 1048576 kit: [0/6] vt: 0 ir: 1 
09-29 23:53:46.166  7077  7077 I HBD     : a [NRIC] resetNoResponseState 
09-29 23:53:46.166  7077  7077 I HBD     : b needOff = true , isForceOff = false, isNullInputClass : true 
09-29 23:53:46.166  7077  7077 I HBD     : b update cached prediction status : false 
09-29 23:53:46.167  7077  7077 I HBD     : HoneyBoardService [PF_OP][onStartInput]  8 ms 
09-29 23:53:46.299  1258  1567 I WindowManager: Reparenting to original parent: Surface(name=ActivityRecord{87b06cd u0 com.example.questflow/.MainActivity} t677})/@0x3bac4c6, destroy=true, surface=Surface(name=579bcd com.example.questflow/com.example.questflow.MainActivity)/@0x97f0701
09-29 23:53:46.301  1258  1567 E WindowManager: win=Window{579bcd u0 com.example.questflow/com.example.questflow.MainActivity EXITING} destroySurfaces: appStopped=false cleanupOnResume=false win.mWindowRemovalAllowed=true win.mRemoveOnExit=true win.mViewVisibility=0 caller=com.android.server.wm.WindowState.onExitAnimationDone:6000 com.android.server.wm.WindowStateAnimator.onAnimationFinished:225 com.android.server.wm.WindowState.onAnimationFinished:6225 com.android.server.wm.WindowContainer$$ExternalSyntheticLambda4.onAnimationFinished:2 com.android.server.wm.SurfaceAnimator.lambda$getFinishedCallback$0:140 com.android.server.wm.SurfaceAnimator.$r8$lambda$lRxTVOJy8fX752UbrFno9INW9hE:0 com.android.server.wm.SurfaceAnimator$$ExternalSyntheticLambda1.run:8 
09-29 23:53:46.302  1258  1567 I WindowManager: Destroying surface Surface(name=com.example.questflow/com.example.questflow.MainActivity$_1802)/@0x454123d called by com.android.server.wm.WindowStateAnimator.destroySurface:942 com.android.server.wm.WindowStateAnimator.destroySurfaceLocked:536 com.android.server.wm.WindowState.destroySurfaceUnchecked:4309 com.android.server.wm.WindowState.destroySurface:4283 com.android.server.wm.WindowState.onExitAnimationDone:6000 com.android.server.wm.WindowStateAnimator.onAnimationFinished:225 com.android.server.wm.WindowState.onAnimationFinished:6225 com.android.server.wm.WindowContainer$$ExternalSyntheticLambda4.onAnimationFinished:2 
09-29 23:53:46.315  1103  1103 I Layer   : id=91403 removedFromDrawingState com.example.questflow/com.example.questflow.MainActivity$_1802#91403 (124)
09-29 23:53:46.315  1103  1103 I Layer   : id=91400 removedFromDrawingState 579bcd com.example.questflow/com.example.questflow.MainActivity#91400 (124)
09-29 23:53:46.315  1103  1103 I Layer   : id=91405 removedFromDrawingState Surface(name=579bcd com.example.questflow/com.example.questflow.MainActivity)/@0x97f0701 - animation-leash of window_animation#91405 (124)
09-29 23:53:46.315  1103  1103 I Layer   : Layer [com.example.questflow/com.example.questflow.MainActivity$_1802#91403] hidden!! flag(1)
09-29 23:53:46.315  1103  1103 I SurfaceFlinger: id=91400 Removed 579bcd com.example.questflow/com.example.questflow.MainActivity#91400 (124)
09-29 23:53:46.315  1103  1103 I SurfaceFlinger: id=91403 Removed com.example.questflow/com.example.questflow.MainActivity$_1802#91403 (124)
09-29 23:53:46.315  1103  1103 I SurfaceFlinger: id=91405 Removed Surface(name=579bcd com.example.questflow/com.example.questflow.MainActivity)/@0x97f0701 - animation-leash of window_animation#91405 (124)
09-29 23:53:46.315  1103  1103 I Layer   : id=91405 Destroyed Surface(name=579bcd com.example.questflow/com.example.questflow.MainActivity)/@0x97f0701 - animation-leash of window_animation#91405
09-29 23:53:46.316  1103  1103 I Layer   : id=91400 Destroyed 579bcd com.example.questflow/com.example.questflow.MainActivity#91400
09-29 23:53:46.318  1103  1103 I Layer   : id=91403 Destroyed com.example.questflow/com.example.questflow.MainActivity$_1802#91403
09-29 23:53:46.321  1103  1103 D SurfaceFlinger: Display 4630947232161729153 HWC layers:
09-29 23:53:46.321  1103  1103 D SurfaceFlinger:      DEVICE | 0xb400007cf4618030 | 0102 | RGBA_8888    |    0.0    0.0 1080.0 2400.0 |    0    0 1080 2400 | com.example.questflow/com.example.questflow.MainActivity$_1802#91353
09-29 23:53:46.321  1103  1103 D SurfaceFlinger:  SOLID_COLOR |              | 0000 |  Unknown  |    0.0    0.0    0.0    0.0 |    0    0 1080 2400 | Dim Layer for - Task=677#91397
09-29 23:53:46.321  1103  1103 D SurfaceFlinger:      DEVICE | 0xb400007cf4617f50 | 0100 | RGBA_8888    |   60.0    0.0 1140.0 1944.0 |    0  200 1080 2144 | com.example.questflow/com.example.questflow.MainActivity$_1802#91395
09-29 23:53:46.321  1103  1103 D SurfaceFlinger:      DEVICE | 0xb400007cf62e7610 | 0100 | RGBA_8888    |    0.0    0.0 1080.0   88.0 |    0    0 1080   88 | StatusBar$_2525#85
09-29 23:53:46.321  1103  1103 D SurfaceFlinger:      DEVICE | 0xb400007cf4617770 | 0100 | RGBA_8888    |    0.0    0.0   67.0  329.0 | 1013  358 1080  687 | com.samsung.android.app.cocktailbars[...]rvice.CocktailBarService$_7034#91342
09-29 23:53:46.321  1103  1103 D SurfaceFlinger:      DEVICE | 0xb400007cf62e5a10 | 0100 | RGBA_8888    |    0.0    0.0 1080.0  144.0 |    0 2256 1080 2400 | NavigationBar0$_2525#80
09-29 23:53:46.321  1103  1103 D SurfaceFlinger:      DEVICE | 0xb400007cf4617850 | 0140 | RGBA_
09-29 23:53:46.321  1103  1103 D SurfaceFlinger: 8888    |    0.0    0.0 1080.0  112.0 |    0    0 1080  112 | ScreenDecorOverlay$_2525#90
09-29 23:53:46.321  1103  1103 D SurfaceFlinger:      DEVICE | 0xb400007cf62e7530 | 0140 | RGBA_8888    |    0.0    0.0 1080.0  112.0 |    0 2288 1080 2400 | ScreenDecorOverlayBottom$_2525#91
09-29 23:53:46.321  1103  1103 D SurfaceFlinger: 
09-29 23:53:46.327  1258  1564 I GestureDetector: handleMessage TAP
09-29 23:53:46.328  1258  1258 I GestureDetector: handleMessage TAP
09-29 23:53:46.592   697   697 D io_stats: !@   8,0 r 29756348 614802248 w 8163551 111238304 d 3620172 107667108 f 0 0 iot 6727720 0 th 0 0 0 pt 0 inp 0 0 285740.301
09-29 23:53:46.659  1258  1566 D SGM:GameManager: identifyForegroundApp. com.example.questflow, mCurrentUserId: 0, callerUserId: 0
09-29 23:53:46.659  1258  1566 D SGM:PkgDataHelper: getGamePkgData(). com.example.questflow
09-29 23:53:46.660  1258  1566 D SGM:SemGameManager: isForegroundGame(), ret=false
09-29 23:53:46.792  1258  2308 D InputReader: Btn_touch(11): value=1 when=285740.500340
09-29 23:53:46.792  1258  2308 I InputReader: Touch event's action is 0x0 (id=2, t=0) [pCnt=1, s=0.2502 ] when=285740.500340
09-29 23:53:46.793  1258  2307 I InputDispatcher: Delivering touch to (2525): action: 0x4, f=0x0, d=0, '3f26ddc', t=1 
09-29 23:53:46.793  1258  2307 I InputDispatcher: Delivering touch to (1802): action: 0x0, f=0x0, d=0, 'e969e6b', t=1 +(-60,-320)
09-29 23:53:46.795  1802  1802 I ViewRootImpl@756138c[MainActivity]: ViewPostIme pointer 0
09-29 23:53:46.795  1258  1564 I GestureDetector: obtain mCurrentDownEvent. id: 956305313 caller: com.android.server.wm.SystemGesturesPointerEventListener.onPointerEvent:203 com.android.server.wm.PointerEventDispatcher.onInputEvent:53 android.view.InputEventReceiver.dispatchInputEvent:285 
09-29 23:53:46.795  1258  1564 I GestureDetector: obtain mCurrentDownEvent. id: 956305313 caller: com.android.server.wm.SystemPerformancePointerEventListener.onPointerEvent:89 com.android.server.wm.PointerEventDispatcher.onInputEvent:53 android.view.InputEventReceiver.dispatchInputEvent:285 
09-29 23:53:46.806  1258  1564 I GestureDetector: obtain mCurrentMotionEventRaw. action: 2 id: 398868484
09-29 23:53:46.806  1258  1564 I GestureDetector: obtain mCurrentMotionEventRaw. action: 2 id: 398868484
09-29 23:53:46.888  1103  1157 I VSyncReactor: Current= 60, TransitioningTo= 0, hwcPeriod= 60, Distance= 0
09-29 23:53:47.000  1258  2308 D InputReader: Btn_touch(11): value=0 when=285740.708803
09-29 23:53:47.000  1258  2308 I InputReader: Touch event's action is 0x1 (id=2, t=0) [pCnt=1, s=] when=285740.708803
09-29 23:53:47.000  1258  2307 I InputDispatcher: Delivering touch to (1802): action: 0x1, f=0x0, d=0, 'e969e6b', t=1 +(-60,-320)
09-29 23:53:47.001  1802  1802 I ViewRootImpl@756138c[MainActivity]: ViewPostIme pointer 1
09-29 23:53:47.003  1258  1258 D SGM:GameManager: identifyGamePackage. com.example.questflow, mCurrentUserId: 0, callerUserId: 0, callingMethodInfo: com.android.server.ssrm.fgapps.GameAppUtils.isGame(GameAppUtils.java:84)
09-29 23:53:47.003  1258  1258 D SGM:PkgDataHelper: getGamePkgData(). com.example.questflow
09-29 23:53:47.003  1258  1258 I SemDvfsHyPerManager: acquire hyper - GESTURE_DETECTED/1258@28, type = -999
09-29 23:53:47.003   994  1127 I HYPER-HAL: [RequestManager.cpp]acquire(): Acquired ID : 827569  [1258 / 28]    HINT : GESTURE_DETECTED    list : [TIMEOUT / 507] 
09-29 23:53:47.004  1258  1258 D SGM:GameManager: identifyGamePackage. com.example.questflow, mCurrentUserId: 0, callerUserId: 0, callingMethodInfo: com.android.server.ssrm.fgapps.GameAppUtils.isGame(GameAppUtils.java:84)
09-29 23:53:47.004  1258  1258 D SGM:PkgDataHelper: getGamePkgData(). com.example.questflow
09-29 23:53:47.004  1258  1258 I SemDvfsHyPerManager: acquire hyper - GESTURE_DETECTED/1258@28, type = -999
09-29 23:53:47.005   994  1127 I HYPER-HAL: [ResourceManager.cpp]updateResource(): [CPUMinFreq] UpdateResource Request ID : 827569    Value : 1075200
09-29 23:53:47.005   994  1127 I HYPER-HAL: [RequestManager.cpp]acquire(): Acquired ID : 827569  [1258 / 28]    HINT : GESTURE_DETECTED    list : [TIMEOUT / 507] 
09-29 23:53:47.005   994  1127 I HYPER-HAL: [ResourceManager.cpp]updateResource(): [CPUMinFreq] UpdateResource Request ID : 827569    Value : 1075200
09-29 23:53:47.515   994  2670 I HYPER-HAL: [ResourceManager.cpp]removeResource(): [CPUMinFreq] RemoveResource Request ID : 827569
09-29 23:53:47.515   994  2670 I HYPER-HAL: [RequestManager.cpp]releaseLocked(): Released ID : 827569
09-29 23:53:47.574  1258  2308 D InputReader: Btn_touch(11): value=1 when=285741.282645
09-29 23:53:47.575  1258  2308 I InputReader: Touch event's action is 0x0 (id=2, t=0) [pCnt=1, s=0.2503 ] when=285741.282645
09-29 23:53:47.576  1258  2307 I InputDispatcher: Delivering touch to (2525): action: 0x4, f=0x0, d=0, '3f26ddc', t=1 
09-29 23:53:47.576  1258  2307 I InputDispatcher: Delivering touch to (1802): action: 0x0, f=0x0, d=0, 'e969e6b', t=1 +(-60,-320)
09-29 23:53:47.576  1258  2307 D PowerManagerService: [api] userActivityFromNative :  (event: 2 flags: 0 displayId: 0) eventTime = 285741282
09-29 23:53:47.577  1258  1564 I GestureDetector: obtain mCurrentDownEvent. id: 409034480 caller: com.android.server.wm.SystemGesturesPointerEventListener.onPointerEvent:203 com.android.server.wm.PointerEventDispatcher.onInputEvent:53 android.view.InputEventReceiver.dispatchInputEvent:285 
09-29 23:53:47.577  1258  1564 I GestureDetector: obtain mCurrentDownEvent. id: 409034480 caller: com.android.server.wm.SystemPerformancePointerEventListener.onPointerEvent:89 com.android.server.wm.PointerEventDispatcher.onInputEvent:53 android.view.InputEventReceiver.dispatchInputEvent:285 
09-29 23:53:47.578  1802  1802 I ViewRootImpl@756138c[MainActivity]: ViewPostIme pointer 0
09-29 23:53:47.588  1258  1564 I GestureDetector: obtain mCurrentMotionEventRaw. action: 2 id: 712694271
09-29 23:53:47.588  1258  1564 I GestureDetector: obtain mCurrentMotionEventRaw. action: 2 id: 712694271
09-29 23:53:47.633  1103  1157 I VSyncReactor: Current= 60, TransitioningTo= 0, hwcPeriod= 60, Distance= 0
09-29 23:53:47.651  1258  2308 D InputReader: Btn_touch(11): value=0 when=285741.360515
09-29 23:53:47.651  1258  2308 I InputReader: Touch event's action is 0x1 (id=2, t=0) [pCnt=1, s=] when=285741.360515
09-29 23:53:47.651  1258  2307 I InputDispatcher: Delivering touch to (1802): action: 0x1, f=0x0, d=0, 'e969e6b', t=1 +(-60,-320)
09-29 23:53:47.654  1802  1802 I ViewRootImpl@756138c[MainActivity]: ViewPostIme pointer 1
09-29 23:53:47.660  1802  1802 D CheckExpiredEvents: Checking events from 2025-09-29T23:53:31.652676 to 2025-09-29T23:53:47.660110
09-29 23:53:47.665  1258  5222 D CoreBackPreview: Window{e969e6b u0 com.example.questflow/com.example.questflow.MainActivity}: Setting back callback null
09-29 23:53:47.671  1802  1802 I MSHandlerLifeCycle: removeMultiSplitHandler: no exist. decor=DecorView@bf6c30[MainActivity]
09-29 23:53:47.673  1802  1836 D OpenGLRenderer: setSurface called with nullptr
09-29 23:53:47.673  1802  1836 D OpenGLRenderer: setSurface() destroyed EGLSurface
09-29 23:53:47.673  1802  1836 D OpenGLRenderer: destroyEglSurface
09-29 23:53:47.674  1802  1836 D OpenGLRenderer: endAllActiveAnimators on 0xb40000784f16e300 (UnprojectedRipple) with handle 0xb4000078ca754120
09-29 23:53:47.674  1802  1802 I ViewRootImpl@756138c[MainActivity]: dispatchDetachedFromWindow
09-29 23:53:47.675  1258  5222 D InputTransport: Input channel destroyed: 'e969e6b', fd=835
09-29 23:53:47.675  1258  5222 W InputManager-JNI: Input channel object 'e969e6b com.example.questflow/com.example.questflow.MainActivity (client)' was disposed without first being removed with the input manager!
09-29 23:53:47.675  1258  5222 D InputTransport: Input channel destroyed: 'e969e6b', fd=894
09-29 23:53:47.675  1258  5222 V WindowManager: Remove Window{e969e6b u0 com.example.questflow/com.example.questflow.MainActivity}: mSurfaceController=Surface(name=com.example.questflow/com.example.questflow.MainActivity$_1802)/@0x2369ffb mAnimatingExit=false mRemoveOnExit=false mHasSurface=true surfaceShowing=true animating=false app-animation=false mWillReplaceWindow=false mDisplayFrozen=false callers=com.android.server.wm.WindowState.removeIfPossible:3041 com.android.server.wm.WindowManagerService.removeWindow:2289 com.android.server.wm.Session.remove:236 android.view.IWindowSession$Stub.onTransact:743 com.android.server.wm.Session.onTransact:188 android.os.Binder.execTransactInternal:1316 
09-29 23:53:47.675  1258  5222 I WindowManager: Reparenting to leash, surface=Surface(name=e969e6b com.example.questflow/com.example.questflow.MainActivity)/@0x2222c12, leashParent=Surface(name=ActivityRecord{87b06cd u0 com.example.questflow/.MainActivity} t677})/@0x3bac4c6
09-29 23:53:47.676  1103  1164 I SurfaceFlinger: id=91408 createSurf, flag=24000, Surface(name=e969e6b com.example.questflow/com.example.questflow.MainActivity)/@0x2222c12 - animation-leash of window_animation#91408
09-29 23:53:47.677  1258  5222 D WindowManager: makeSurface duration=2 leash=Surface(name=Surface(name=e969e6b com.example.questflow/com.example.questflow.MainActivity)/@0x2222c12 - animation-leash of window_animation)/@0xd22c818
09-29 23:53:47.677  1258  5222 V WindowManager: removeIfPossible 2, Window{e969e6b u0 com.example.questflow/com.example.questflow.MainActivity}: mAnimatingExit=true caller=com.android.server.wm.WindowState.removeIfPossible:3041 com.android.server.wm.WindowManagerService.removeWindow:2289 com.android.server.wm.Session.remove:236 android.view.IWindowSession$Stub.onTransact:743 com.android.server.wm.Session.onTransact:188 
09-29 23:53:47.678  1258  5222 V WindowManager: Changing focus from Window{e969e6b u0 com.example.questflow/com.example.questflow.MainActivity EXITING} to Window{8e5aa16 u0 com.example.questflow/com.example.questflow.MainActivity} displayId=0 Callers=com.android.server.wm.RootWindowContainer.updateFocusedWindowLocked:595 com.android.server.wm.WindowManagerService.updateFocusedWindowLocked:6810 com.android.server.wm.WindowState.setupWindowForRemoveOnExit:3252 com.android.server.wm.WindowState.removeIfPossible:3220 
09-29 23:53:47.678  1258  5222 D MARsPolicyManager: onPackageResumedFG pkgName = com.example.questflow, userId = 0
09-29 23:53:47.678  1258  5222 I WindowManager: Cancelling animation restarting=true, leash=Surface(name=Surface(name=547f01e StatusBar)/@0xecd2cc0 - animation-leash of insets_animation)/@0xba2d900
09-29 23:53:47.678  1258  5222 I WindowManager: Reparenting to original parent: Surface(name=WindowToken{15518d2 type=2000 android.os.BinderProxy@55ddd34})/@0xd7ebdf9, destroy=false, surface=Surface(name=547f01e StatusBar)/@0xecd2cc0
09-29 23:53:47.678  1258  5222 I WindowManager: Reparenting to leash, surface=Surface(name=547f01e StatusBar)/@0xecd2cc0, leashParent=Surface(name=WindowToken{15518d2 type=2000 android.os.BinderProxy@55ddd34})/@0xd7ebdf9
09-29 23:53:47.678  1103  3542 I SurfaceFlinger: id=91409 createSurf, flag=24000, Surface(name=547f01e StatusBar)/@0xecd2cc0 - animation-leash of insets_animation#91409
09-29 23:53:47.679  1258  5222 D WindowManager: makeSurface duration=0 leash=Surface(name=Surface(name=547f01e StatusBar)/@0xecd2cc0 - animation-leash of insets_animation)/@0x2ae9856
09-29 23:53:47.679  1258  5222 I WindowManager: Cancelling animation restarting=true, leash=Surface(name=Surface(name=3f26ddc NavigationBar0)/@0x4b1cb9f - animation-leash of insets_animation)/@0x231177e
09-29 23:53:47.679  1258  5222 I WindowManager: Reparenting to original parent: Surface(name=WindowToken{1f1f24f type=2019 android.os.BinderProxy@1a3f929})/@0x7b854ec, destroy=false, surface=Surface(name=3f26ddc NavigationBar0)/@0x4b1cb9f
09-29 23:53:47.679  1258  5222 I WindowManager: Reparenting to leash, surface=Surface(name=3f26ddc NavigationBar0)/@0x4b1cb9f, leashParent=Surface(name=WindowToken{1f1f24f type=2019 android.os.BinderProxy@1a3f929})/@0x7b854ec
09-29 23:53:47.679  1103  3542 I SurfaceFlinger: id=91410 createSurf, flag=24000, Surface(name=3f26ddc NavigationBar0)/@0x4b1cb9f - animation-leash of insets_animation#91410
09-29 23:53:47.679  1258  5222 D WindowManager: makeSurface duration=0 leash=Surface(name=Surface(name=3f26ddc NavigationBar0)/@0x4b1cb9f - animation-leash of insets_animation)/@0x7884dc4
09-29 23:53:47.680  1258  5222 D WindowManager: updateSystemBarAttributes: displayId=0, win=Window{8e5aa16 u0 com.example.questflow/com.example.questflow.MainActivity}, navColorWin=Window{e969e6b u0 com.example.questflow/com.example.questflow.MainActivity EXITING}, focusedCanBeNavColorWin=false, behavior=1, appearance=8, statusBarAppearanceRegions=[AppearanceRegion{ bounds=[0,0][1080,2400]}], requestedVisibilities=, from=com.android.server.wm.DisplayPolicy.focusChangedLw:3247 com.android.server.wm.DisplayContent.updateFocusedWindowLocked:4632 com.android.server.wm.RootWindowContainer.updateFocusedWindowLocked:595 
09-29 23:53:47.680  1258  5222 D StatusBarManagerService: notifyRequestedSystemKey recent=false home=false
09-29 23:53:47.680  2525  2525 D NavigationBar: onSystemBarAttributesChanged() -  displayId:0, appearance:8, packageName: com.example.questflow (APPEARANCE_LIGHT_STATUS_BARS ), navbarColorManagedByIme:false
09-29 23:53:47.680  1258  5222 I WindowManager: Reparenting to leash, surface=Surface(name=Dim Layer for - Task=677)/@0x9c6fde0, leashParent=Surface(name=Task=677)/@0x4eff978
09-29 23:53:47.681  1103  3542 I SurfaceFlinger: id=91411 createSurf, flag=24000, Surface(name=Dim Layer for - Task=677)/@0x9c6fde0 - animation-leash of dimmer#91411
09-29 23:53:47.681  1258  5222 D WindowManager: makeSurface duration=1 leash=Surface(name=Surface(name=Dim Layer for - Task=677)/@0x9c6fde0 - animation-leash of dimmer)/@0x65304ad
09-29 23:53:47.684  1103  1103 I SurfaceFlinger: [e969e6b com.example.questflow/com.example.questflow.MainActivity#91392] FrameRatePriority: -1
09-29 23:53:47.684  1103  1103 I Layer   : id=91406 removedFromDrawingState Surface(name=547f01e StatusBar)/@0xecd2cc0 - animation-leash of insets_animation#91406 (125)
09-29 23:53:47.684  1103  1103 I Layer   : id=74 removedFromDrawingState 547f01e StatusBar#74 (125)
09-29 23:53:47.684  1103  1103 I Layer   : id=85 removedFromDrawingState StatusBar$_2525#85 (125)
09-29 23:53:47.684  1103  1103 I SurfaceFlinger: [8e5aa16 com.example.questflow/com.example.questflow.MainActivity#91352] FrameRatePriority: 1
09-29 23:53:47.684  1802  1802 D InputTransport: Input channel destroyed: 'e969e6b', fd=111
09-29 23:53:47.685  1103  1103 I Layer   : id=74 addToCurrentState 547f01e StatusBar#74 (125)
09-29 23:53:47.685  1103  1103 I Layer   : id=85 addToCurrentState StatusBar$_2525#85 (125)
09-29 23:53:47.685  1258  1567 D WindowManager: updateSystemBarAttributes: displayId=0, win=Window{8e5aa16 u0 com.example.questflow/com.example.questflow.MainActivity}, navColorWin=Window{8e5aa16 u0 com.example.questflow/com.example.questflow.MainActivity}, focusedCanBeNavColorWin=false, behavior=1, appearance=8, statusBarAppearanceRegions=[AppearanceRegion{LIGHT_STATUS_BARS bounds=[0,0][1080,2400]}], requestedVisibilities=, from=com.android.server.wm.DisplayPolicy.finishPostLayoutPolicyLw:2527 com.android.server.wm.DisplayContent.applySurfaceChangesTransaction:5713 com.android.server.wm.RootWindowContainer.applySurfaceChangesTransaction:1234 
09-29 23:53:47.685  1103  1103 I Layer   : id=91407 removedFromDrawingState Surface(name=3f26ddc NavigationBar0)/@0x4b1cb9f - animation-leash of insets_animation#91407 (125)
09-29 23:53:47.685  1103  1634 I SurfaceFlinger: id=91406 Removed Surface(name=547f01e StatusBar)/@0xecd2cc0 - animation-leash of insets_animation#91406 (125)
09-29 23:53:47.685  1103  1103 I SurfaceFlinger: id=91407 Removed Surface(name=3f26ddc NavigationBar0)/@0x4b1cb9f - animation-leash of insets_animation#91407 (125)
09-29 23:53:47.686  1103  1103 I Layer   : id=91406 Destroyed Surface(name=547f01e StatusBar)/@0xecd2cc0 - animation-leash of insets_animation#91406
09-29 23:53:47.686  1103  1103 I Layer   : id=91407 Destroyed Surface(name=3f26ddc NavigationBar0)/@0x4b1cb9f - animation-leash of insets_animation#91407
09-29 23:53:47.688  1802  1802 D CategoryDropdown: Rendering with 5 categories, selected: shiva rave
09-29 23:53:47.689  1258  5222 D InputDispatcher: Focus left window (0): e969e6b com.example.questflow/com.example.questflow.MainActivity
09-29 23:53:47.689  1258  1566 V WindowManager: Unknown focus tokens, dropping reportFocusChanged
09-29 23:53:47.690  2525  2525 D SamsungLightBarControlHelper: onStatusBarAppearanceChanged() -  sbModeChanged:false, statusBarMode:MODE_TRANSPARENT, barState:SHADE, isKeyguardShowing:false, navbarColorManagedByIme:false, stackAppearancesChanged:true, (AppearanceRegion{LIGHT_STATUS_BARS bounds=[0,0][1080,2400]}, ), packageName:com.example.questflow
09-29 23:53:47.691  2525  2525 D SamsungLightBarControlHelper: updateStatus(BLACK icon) NumStacks:1, StatusBarMode:MODE_TRANSPARENT, lightBarBounds:[Rect(0, 0 - 1080, 2400)], StatusBarState:SHADE, packageName:com.example.questflow, isWhiteKeyguardStatusBarBySettings:true
09-29 23:53:47.698  5082  5082 I SDHMS:LOAD: type: LoadsFreqs, value: 0:14:0:1037568:2073600:844800:1072128:2150400:710400:305:305:305
09-29 23:53:47.703  2525  2525 I ViewRootImpl@e7930c8[NotificationShade]: performTraversals mFirst=false windowShouldResize=false viewVisibilityChanged=false mForceNextWindowRelayout=false params={(0,0)(fillxfill) gr=TOP CENTER_VERTICAL sim={adjust=resize} layoutInDisplayCutoutMode=always ty=NOTIFICATION_SHADE fmt=TRANSLUCENT
09-29 23:53:47.703  2525  2525 I ViewRootImpl@e7930c8[NotificationShade]:   fl=81840048
09-29 23:53:47.703  2525  2525 I ViewRootImpl@e7930c8[NotificationShade]:   pfl=1b000000
09-29 23:53:47.703  2525  2525 I ViewRootImpl@e7930c8[NotificationShade]:   vsysui=2000
09-29 23:53:47.703  2525  2525 I ViewRootImpl@e7930c8[NotificationShade]:   apr=LIGHT_STATUS_BARS
09-29 23:53:47.703  2525  2525 I ViewRootImpl@e7930c8[NotificationShade]:   bhv=SHOW_TRANSIENT_BARS_BY_SWIPE
09-29 23:53:47.703  2525  2525 I ViewRootImpl@e7930c8[NotificationShade]:  dimAmount=0.0 naviIconColor=0
09-29 23:53:47.703  2525  2525 I ViewRootImpl@e7930c8[NotificationShade]:   sfl=60000}
09-29 23:53:47.703  1258  5222 V WindowManager: Relayout Window{e5ffa40 u0 NotificationShade}: viewVisibility=4 req=1080x2400 d0
09-29 23:53:47.705  1258  5222 V WindowManager: Relayout hash=e5ffa40, pid=2525, syncId=-1: mAttrs={(0,0)(fillxfill) gr=TOP CENTER_VERTICAL sim={adjust=resize} layoutInDisplayCutoutMode=always ty=NOTIFICATION_SHADE fmt=TRANSLUCENT
09-29 23:53:47.705  1258  5222 V WindowManager:   fl=81840048
09-29 23:53:47.705  1258  5222 V WindowManager:   pfl=1b000000
09-29 23:53:47.705  1258  5222 V WindowManager:   vsysui=2000
09-29 23:53:47.705  1258  5222 V WindowManager:   apr=LIGHT_STATUS_BARS
09-29 23:53:47.705  1258  5222 V WindowManager:   bhv=SHOW_TRANSIENT_BARS_BY_SWIPE
09-29 23:53:47.705  1258  5222 V WindowManager:  dimAmount=0.0 naviIconColor=0
09-29 23:53:47.705  1258  5222 V WindowManager:   sfl=60000}
09-29 23:53:47.706  2525  2525 I ViewRootImpl@e7930c8[NotificationShade]: Relayout returned: old=(0,0,1080,2400) new=(0,0,1080,2400) req=(1080,2400)4 dur=2 res=0x0 s={false 0x0} ch=false seqId=13
09-29 23:53:47.708  2525  2525 I FaceWidgetPositionAlgorithm: getClockContainerHeight() supplier = 309, bottom margin = 0, real height = 381
09-29 23:53:47.708  2525  2525 I FaceWidgetPositionAlgorithm: getClockContainerHeight() supplier = 309, bottom margin = 72, real height = 381
09-29 23:53:47.708  2525  2525 I FaceWidgetPositionAlgorithm: getMediaContainerHeight() height = 522 container Visibility = 8, isValid = false, mIsDozing = false, fraction = 1.0, source = 0, target = 0
09-29 23:53:47.708  2525  2525 I FaceWidgetPositionAlgorithm: getMediaContainerHeight() supplier = 0
09-29 23:53:47.719  1802  1802 D InsetsController: onStateChanged: InsetsState: {mDisplayFrame=Rect(0, 0 - 1080, 2400), mDisplayCutout=DisplayCutout{insets=Rect(0, 88 - 0, 0) waterfall=Insets{left=0, top=0, right=0, bottom=0} boundingRect={Bounds=[Rect(0, 0 - 0, 0), Rect(512, 0 - 568, 88), Rect(0, 0 - 0, 0), Rect(0, 0 - 0, 0)]} cutoutPathParserInfo={CutoutPathParserInfo{displayWidth=1080 displayHeight=2400 physicalDisplayWidth=1080 physicalDisplayHeight=2400 density={3.0} cutoutSpec={M 0,0 M 0,10.71963616907435 a 9.280363830925644,9.280363830925644 0 1,0 0,18.56072766185129 a 9.280363830925644,9.280363830925644 0 1,0 0,-18.56072766185129 Z @dp} rotation={0} scale={1.0} physicalPixelDisplaySizeRatio={1.0}}}}, mRoundedCorners=RoundedCorners{[RoundedCorner{position=TopLeft, radius=96, center=Point(96, 96)}, RoundedCorner{position=TopRight, radius=96, center=Point(984, 96)}, RoundedCorner{position=BottomRight, radius=96, center=Point(984, 2304)}, RoundedCorner{position=BottomLeft, radius=96, center=Point(96, 2304)}]}  mRoundedCornerFrame=Rect(0, 0 - 1080, 2400), mPrivacyIndicatorBounds=PrivacyIndicatorBounds {static bounds=Rect(948, 0 - 1080, 88) rotation=0}, mSources= { InsetsSource: {mType=ITYPE_STATUS_BAR, mFrame=[0,0][1080,88], mVisible=true, mInsetsRoundedCornerFrame=false}, InsetsSource: {mType=ITYPE_NAVIGATION_BAR, mFrame=[0,2256][1080,2400], mVisible=true, mInsetsRoundedCornerFrame=false}, InsetsSource: {mType=ITYPE_LEFT_GESTURES, mFrame=[0,0][0,2400], mVisible=true, mInsetsRoundedCornerFrame=false}, InsetsSource: {mType=ITYPE_RIGHT_GESTURES, mFrame=[1080,0][1080,2400], mVisible=true, mInsetsRoundedCornerFrame=false}, InsetsSource: {mType=ITYPE_TOP_MANDATORY_GESTURES, mFrame=[0,0][1080,124], mVisible=true, mInsetsRoundedCornerFrame=false}, InsetsSource: {mType=ITYPE_BOTTOM_MANDATORY_GESTURES, mFrame=[0,2256][1080,2400], mVisible=true, mInsetsRoundedCornerFrame=false}, InsetsSource: {mType=ITYPE_LEFT_DISPLAY_CUTOUT, mFrame=[0,0][-100000,2400], mVisible=true, mInsetsRoundedCornerFrame=false}, InsetsSource: {mType=ITYPE_TOP_DISPLAY_CUTOUT, mFrame=[0,0][1080,88], mVisible=true, mInsetsRoundedCornerFrame=false}, InsetsSource: {mType=ITYPE_RIGHT_DISPLAY_CUTOUT, mFrame=[100000,0][1080,2400], mVisible=true, mInsetsRoundedCornerFrame=false}, InsetsSource: {mType=ITYPE_BOTTOM_DISPLAY_CUTOUT, mFrame=[0,100000][1080,2400], mVisible=true, mInsetsRoundedCornerFrame=false}, InsetsSource: {mType=ITYPE_TOP_TAPPABLE_ELEMENT, mFrame=[0,0][1080,88], mVisible=true, mInsetsRoundedCornerFrame=false}, InsetsSource: {mType=ITYPE_BOTTOM_TAPPABLE_ELEMENT, mFrame=[0,2256][1080,2400], mVisible=true, mInsetsRoundedCornerFrame=false} } host=com.example.questflow/com.example.questflow.MainActivity from=android.view.ViewRootImpl$ViewRootHandler.handleMessageImpl:6740
09-29 23:53:47.721  1258  5222 D InputDispatcher: Focus entered window (0): 8e5aa16 com.example.questflow/com.example.questflow.MainActivity
09-29 23:53:47.724  1802  1802 I ViewRootImpl@f82b13f[MainActivity]: MSG_WINDOW_FOCUS_CHANGED 1 0
09-29 23:53:47.724  1802  1802 I ViewRootImpl@f82b13f[MainActivity]: mThreadedRenderer.initializeIfNeeded()#2 mSurface={isValid=true 0xb4000078b98db800}
09-29 23:53:47.725  1802  1802 D InputMethodManager: startInputInner - Id : 0
09-29 23:53:47.725  1802  1802 I InputMethodManager: startInputInner - mService.startInputOrWindowGainedFocus
09-29 23:53:47.725  1258  5222 V InputMethodManagerService: Unspecified window will hide input
09-29 23:53:47.725  1258  5222 V InputMethodManagerService: hideCurrentInputLocked : canceled, shouldHideSoftInput=false, mInputShown=false, mImeWindowVis=0
09-29 23:53:47.726  1258  5222 I InputMethodBindingController: setCurrentMethodNotVisible: mVisibleBound=false, mHasConnection=true, caller = com.android.server.inputmethod.InputMethodManagerService.hideCurrentInputLocked:4356 com.android.server.inputmethod.InputMethodManagerService.startInputOrWindowGainedFocusInternalLocked:4662 com.android.server.inputmethod.InputMethodManagerService.startInputOrWindowGainedFocusInternal:4440 com.android.server.inputmethod.InputMethodManagerService.startInputOrWindowGainedFocus:4379 com.android.internal.view.IInputMethodManager$Stub.onTransact:518 com.android.server.inputmethod.InputMethodManagerService.onTransact:2302 android.os.Binder.execTransactInternal:1316 android.os.Binder.execTransact:1280 <bottom of call stack> <bottom of call stack> 
09-29 23:53:47.726  1258  5222 D InputMethodManagerService: DESKTOP MODE! : 2
09-29 23:53:47.726  1258  5222 D InputMethodManagerService: NOT IN KNOX DESKTOP MODE!
09-29 23:53:47.726  1258  5222 V InputMethodManagerService: getDisplayIdOfInputMethodWindowToBeAdded: displayId=0
09-29 23:53:47.726  1258  5222 D InputMethodManagerService: isImeSwitcherDisabledPackage : false
09-29 23:53:47.726  1258  5222 D InputMethodManagerService: shouldShowImeSwitcherLocked : checking vis : 3
09-29 23:53:47.726  1258  5222 D InputMethodManagerService: checkDisplayOfStartInputAndUpdateKeyboard: displayId=0, mFocusedDisplayId=0
09-29 23:53:47.726  1258  5222 D InputTransport: Input channel constructed: 'ClientS', fd=835
09-29 23:53:47.726  1258  5222 D InputTransport: Input channel destroyed: 'ClientS', fd=835
09-29 23:53:47.727  1258  5222 D RestrictionPolicy: isScreenCaptureEnabled : ret=true userId=0
09-29 23:53:47.727  7077  7077 I HBD     : HoneyBoardService onFinishInput 
09-29 23:53:47.727  1258  5222 I WindowManager: Cancelling animation restarting=true, leash=Surface(name=Surface(name=57f330c InputMethod)/@0xf553e6a - animation-leash of insets_animation)/@0x1732b6a
09-29 23:53:47.727  1258  5222 I WindowManager: Reparenting to original parent: Surface(name=WindowToken{4da59aa type=2011 android.os.Binder@ec61495})/@0xf9041ef, destroy=false, surface=Surface(name=57f330c InputMethod)/@0xf553e6a
09-29 23:53:47.727  1258  5222 I WindowManager: Reparenting to leash, surface=Surface(name=57f330c InputMethod)/@0xf553e6a, leashParent=Surface(name=WindowToken{4da59aa type=2011 android.os.Binder@ec61495})/@0xf9041ef
09-29 23:53:47.727  7077  7077 I HBD     : a IC have been unbinding,  RemoteInputConnection{idHash=#f80da73}
09-29 23:53:47.727  7077  7077 I HBD     : HoneyBoardService [PF_CL][onFinishInput]  0 ms 
09-29 23:53:47.727  7077  7077 I HBD     : HoneyBoardService [IMI] onStartInput - caller pid : 1802 , caller uid : 10521 
09-29 23:53:47.727  7077  7077 I HBD     : j updateConfigs 
09-29 23:53:47.727  1103  1164 I SurfaceFlinger: id=91412 createSurf, flag=24004, Surface(name=57f330c InputMethod)/@0xf553e6a - animation-leash of insets_animation#91412
09-29 23:53:47.727  7077  7077 I HBD     : j isEnabledNightMode : true 
09-29 23:53:47.728  7077  7077 I HBD     : a IC have been binding, RemoteInputConnection{idHash=#f80da73} 
09-29 23:53:47.728  7077  7077 I HBD     : h [EditorInputType]setPrivateImeOptionsToTable privateImeOptions ( null )
09-29 23:53:47.728  7077  7077 I HBD     : b incognitoMode : false 
09-29 23:53:47.728  7077  7077 I HBD     : b needOff = true , isForceOff = false, isNullInputClass : true 
09-29 23:53:47.728  7077  7077 I HBD     : h getDefaultInputRange : UNKNOWN 
09-29 23:53:47.728  1802  1802 D TodayViewModel: Updating calendar link - newStatus: PENDING, isExpiredNow: false
09-29 23:53:47.728  7077  7077 I HBD     : h getDefaultInputRange : UNKNOWN 
09-29 23:53:47.728  7077  7077 I HBD     : h getDefaultInputRange : UNKNOWN 
09-29 23:53:47.729  1258  5222 D WindowManager: makeSurface duration=2 leash=Surface(name=Surface(name=57f330c InputMethod)/@0xf553e6a - animation-leash of insets_animation)/@0x8905c2e
09-29 23:53:47.729  7077  7077 I HBD     : b needOff = true , isForceOff = false, isNullInputClass : true 
09-29 23:53:47.729  7077  7077 I HBD     : b update cached prediction status : false 
09-29 23:53:47.729  7077  7077 I HBD     : h getDefaultInputRange : UNKNOWN 
09-29 23:53:47.730  7077  7077 I HBD     : a currentState : 0 
09-29 23:53:47.731  7077  7077 I HBD     : a [UpdatePolicy] [post] a: 0 cl: 1048576 kit: [0/6] vt: 0 ir: 1 
09-29 23:53:47.731  7077  7077 I HBD     : a [NRIC] resetNoResponseState 
09-29 23:53:47.731  7077  7077 I HBD     : b needOff = true , isForceOff = false, isNullInputClass : true 
09-29 23:53:47.731  7077  7077 I HBD     : b update cached prediction status : false 
09-29 23:53:47.732  7077  7077 I HBD     : HoneyBoardService [PF_OP][onStartInput]  5 ms 
09-29 23:53:47.736  1258  5436 D InputMethodManagerService: isImeSwitcherDisabledPackage : false
09-29 23:53:47.736  1103  1103 I Layer   : id=91399 removedFromDrawingState Surface(name=57f330c InputMethod)/@0xf553e6a - animation-leash of insets_animation#91399 (124)
09-29 23:53:47.736  1103  1103 I SurfaceFlinger: id=91399 Removed Surface(name=57f330c InputMethod)/@0xf553e6a - animation-leash of insets_animation#91399 (124)
09-29 23:53:47.736  1802  1802 E TodayViewModel: === CALENDAR EVENT HANDLING IN updateCalendarTask ===
09-29 23:53:47.736  1802  1802 E TodayViewModel:   Task: ooo
09-29 23:53:47.737  1802  1802 E TodayViewModel:   DateTime: 2025-09-30T14:00
09-29 23:53:47.737  1802  1802 E TodayViewModel:   IsExpiredNow: false
09-29 23:53:47.737  1802  1802 E TodayViewModel:   WasExpired: true
09-29 23:53:47.737  1802  1802 E TodayViewModel:   DeleteOnExpiry: true
09-29 23:53:47.737  1802  1802 E TodayViewModel:   CalendarEventId: 526
09-29 23:53:47.737  1103  1103 I Layer   : id=91399 Destroyed Surface(name=57f330c InputMethod)/@0xf553e6a - animation-leash of insets_animation#91399
09-29 23:53:47.737  1802  1802 E TodayViewModel:   ExistingLink deleteOnExpiry: true
09-29 23:53:47.737  1802  1802 E TodayViewModel:   >>> CASE 2: CREATING NEW - needs calendar event <<<
09-29 23:53:47.739  7077  7077 I InputMethodService: removeImeSurface
09-29 23:53:47.740  7077  7077 I MSHandlerLifeCycle: check: return. pkg=com.samsung.android.honeyboard isActivity=false callers=com.android.internal.policy.DecorView.setVisibility:4412 android.app.Dialog.hide:767 android.inputmethodservice.InputMethodService.removeImeSurface:1290 android.inputmethodservice.InputMethodService.scheduleImeSurfaceRemoval:1279 android.inputmethodservice.InputMethodService.-$$Nest$mscheduleImeSurfaceRemoval:0 
09-29 23:53:47.740  7077  7077 I MSHandlerLifeCycle: removeMultiSplitHandler: no exist. decor=DecorView@70d85d6[InputMethod]
09-29 23:53:47.744  1802  1802 D CheckExpiredEvents: Check complete: 0 expired, 0 deleted, 0 recurring created
09-29 23:53:47.746  1258  5436 I ActivityManager: Changes in 10111 19 to 3, 0 to 8
09-29 23:53:47.777  1802  1820 D InputTransport: Input channel destroyed: 'ClientS', fd=129
09-29 23:53:47.777  1802  1820 D InputTransport: Input channel destroyed: 'ClientS', fd=124
09-29 23:53:47.777  1802  1836 D OpenGLRenderer: setSurface called with nullptr
09-29 23:53:47.777  1802  1820 D InputTransport: Input channel destroyed: 'ClientS', fd=125
09-29 23:53:47.778  1258  5436 D SyncManager: userId - 0 auto - true
09-29 23:53:47.778  1802  1836 D OpenGLRenderer: setSurface called with nullptr
09-29 23:53:47.778  2525  2525 D FaceWidgetCalendarManager: onChange ContentObserver
09-29 23:53:47.778  2525  2525 D FaceWidgetCalendarManager: handleFaceWidgetCalendarUpdated() mFlags is 0
09-29 23:53:47.779  1258  5436 D SyncManager: userId - 0 auto - true
09-29 23:53:47.780  1802  1836 D OpenGLRenderer: setSurface called with nullptr
09-29 23:53:47.784  1889  2450 I CalendarProvider$CalendarAlarmManager: [setExactAndAllowWhileIdle] canScheduleExactAlarm : true
09-29 23:53:47.785  1889  2450 I CalendarProvider$CalendarAlarmManager: Check next alarm : 917819656
09-29 23:53:47.786  2525  2525 D FaceWidgetCalendarManager: onChange ContentObserver
09-29 23:53:47.786  2525  2525 D FaceWidgetCalendarManager: handleFaceWidgetCalendarUpdated() mFlags is 0
09-29 23:53:47.786  1258  5436 D SyncManager: userId - 0 auto - true
09-29 23:53:47.786  1258  5436 D SyncManager: userId - 0 auto - true
09-29 23:53:47.795  1802  1802 D CategoryDropdown: Rendering with 5 categories, selected: shiva rave
09-29 23:53:47.804  1802  1802 E TodayViewModel:   Created new calendar event with ID: 527
09-29 23:53:47.838  1258  1567 I WindowManager: Reparenting to original parent: Surface(name=ActivityRecord{87b06cd u0 com.example.questflow/.MainActivity} t677})/@0x3bac4c6, destroy=true, surface=Surface(name=e969e6b com.example.questflow/com.example.questflow.MainActivity)/@0x2222c12
09-29 23:53:47.838  1258  1567 E WindowManager: win=Window{e969e6b u0 com.example.questflow/com.example.questflow.MainActivity EXITING} destroySurfaces: appStopped=false cleanupOnResume=false win.mWindowRemovalAllowed=true win.mRemoveOnExit=true win.mViewVisibility=0 caller=com.android.server.wm.WindowState.onExitAnimationDone:6000 com.android.server.wm.WindowStateAnimator.onAnimationFinished:225 com.android.server.wm.WindowState.onAnimationFinished:6225 com.android.server.wm.WindowContainer$$ExternalSyntheticLambda4.onAnimationFinished:2 com.android.server.wm.SurfaceAnimator.lambda$getFinishedCallback$0:140 com.android.server.wm.SurfaceAnimator.$r8$lambda$lRxTVOJy8fX752UbrFno9INW9hE:0 com.android.server.wm.SurfaceAnimator$$ExternalSyntheticLambda1.run:8 
09-29 23:53:47.838  1258  1567 I WindowManager: Destroying surface Surface(name=com.example.questflow/com.example.questflow.MainActivity$_1802)/@0x2369ffb called by com.android.server.wm.WindowStateAnimator.destroySurface:942 com.android.server.wm.WindowStateAnimator.destroySurfaceLocked:536 com.android.server.wm.WindowState.destroySurfaceUnchecked:4309 com.android.server.wm.WindowState.destroySurface:4283 com.android.server.wm.WindowState.onExitAnimationDone:6000 com.android.server.wm.WindowStateAnimator.onAnimationFinished:225 com.android.server.wm.WindowState.onAnimationFinished:6225 com.android.server.wm.WindowContainer$$ExternalSyntheticLambda4.onAnimationFinished:2 
09-29 23:53:47.841  1258  1567 I WindowManager: Reparenting to original parent: Surface(name=Task=677)/@0x4eff978, destroy=true, surface=Surface(name=Dim Layer for - Task=677)/@0x9c6fde0
09-29 23:53:47.853  1802  1802 D CategoryDropdown: Rendering with 5 categories, selected: shiva rave
09-29 23:53:47.855  1103  1103 I Layer   : id=91395 removedFromDrawingState com.example.questflow/com.example.questflow.MainActivity$_1802#91395 (123)
09-29 23:53:47.855  1103  1103 I Layer   : id=91392 removedFromDrawingState e969e6b com.example.questflow/com.example.questflow.MainActivity#91392 (123)
09-29 23:53:47.855  1103  1103 I Layer   : id=91408 removedFromDrawingState Surface(name=e969e6b com.example.questflow/com.example.questflow.MainActivity)/@0x2222c12 - animation-leash of window_animation#91408 (123)
09-29 23:53:47.855  1103  1103 I Layer   : Layer [com.example.questflow/com.example.questflow.MainActivity$_1802#91395] hidden!! flag(1)
09-29 23:53:47.855  1103  1103 I SurfaceFlinger: id=91392 Removed e969e6b com.example.questflow/com.example.questflow.MainActivity#91392 (123)
09-29 23:53:47.855  1103  1103 I SurfaceFlinger: id=91395 Removed com.example.questflow/com.example.questflow.MainActivity$_1802#91395 (123)
09-29 23:53:47.855  1103  1103 I SurfaceFlinger: id=91408 Removed Surface(name=e969e6b com.example.questflow/com.example.questflow.MainActivity)/@0x2222c12 - animation-leash of window_animation#91408 (123)
09-29 23:53:47.856  1103  1103 I Layer   : id=91408 Destroyed Surface(name=e969e6b com.example.questflow/com.example.questflow.MainActivity)/@0x2222c12 - animation-leash of window_animation#91408
09-29 23:53:47.856  1103  1103 I Layer   : id=91392 Destroyed e969e6b com.example.questflow/com.example.questflow.MainActivity#91392
09-29 23:53:47.859  1103  1103 I Layer   : id=91395 Destroyed com.example.questflow/com.example.questflow.MainActivity$_1802#91395
09-29 23:53:47.866  1103  1103 D SurfaceFlinger: Display 4630947232161729153 HWC layers:
09-29 23:53:47.866  1103  1103 D SurfaceFlinger:      DEVICE | 0xb400007cf4617bd0 | 0102 | RGBA_8888    |    0.0    0.0 1080.0 2400.0 |    0    0 1080 2400 | com.example.questflow/com.example.questflow.MainActivity$_1802#91353
09-29 23:53:47.866  1103  1103 D SurfaceFlinger:      DEVICE | 0xb400007cf62e7290 | 0100 | RGBA_8888    |    0.0    0.0 1080.0   88.0 |    0    0 1080   88 | StatusBar$_2525#85
09-29 23:53:47.866  1103  1103 D SurfaceFlinger:      DEVICE | 0xb400007cf4617770 | 0100 | RGBA_8888    |    0.0    0.0   67.0  329.0 | 1013  358 1080  687 | com.samsung.android.app.cocktailbars[...]rvice.CocktailBarService$_7034#91342
09-29 23:53:47.866  1103  1103 D SurfaceFlinger:      DEVICE | 0xb400007cf62e5a10 | 0100 | RGBA_8888    |    0.0    0.0 1080.0  144.0 |    0 2256 1080 2400 | NavigationBar0$_2525#80
09-29 23:53:47.866  1103  1103 D SurfaceFlinger:      DEVICE | 0xb400007cf4617850 | 0140 | RGBA_8888    |    0.0    0.0 1080.0  112.0 |    0    0 1080  112 | ScreenDecorOverlay$_2525#90
09-29 23:53:47.866  1103  1103 D SurfaceFlinger:      DEVICE | 0xb400007cf62e7530 | 0140 | RGBA_8888    |    0.0    0.0 1080.0  112.0 |    0 2288 1080 2400 | ScreenDecorOverlayBottom$_2525#91
09-29 23:53:47.866  1103  1103 D SurfaceFlinger: 
09-29 23:53:47.871  1103  1103 I Layer   : id=91397 removedFromDrawingState Dim Layer for - Task=677#91397 (120)
09-29 23:53:47.871  1103  1103 I Layer   : id=91411 removedFromDrawingState Surface(name=Dim Layer for - Task=677)/@0x9c6fde0 - animation-leash of dimmer#91411 (120)
09-29 23:53:47.871  1103  1103 I SurfaceFlinger: id=91397 Removed Dim Layer for - Task=677#91397 (120)
09-29 23:53:47.871  1103  1103 I SurfaceFlinger: id=91411 Removed Surface(name=Dim Layer for - Task=677)/@0x9c6fde0 - animation-leash of dimmer#91411 (120)
09-29 23:53:47.872  1103  1103 I Layer   : id=91411 Destroyed Surface(name=Dim Layer for - Task=677)/@0x9c6fde0 - animation-leash of dimmer#91411
09-29 23:53:47.872  1103  1103 I Layer   : id=91397 Destroyed Dim Layer for - Task=677#91397
09-29 23:53:47.877  1258  1258 I GestureDetector: handleMessage TAP
09-29 23:53:47.878  1258  1564 I GestureDetector: handleMessage TAP
09-29 23:53:48.138   994  2663 I HYPER-HAL: [RequestManager.cpp]releaseLocked(): Released ID : 2213356
09-29 23:53:48.231  1258  1566 D SGM:GameManager: identifyForegroundApp. com.example.questflow, mCurrentUserId: 0, callerUserId: 0
09-29 23:53:48.231  1258  1566 D SGM:PkgDataHelper: getGamePkgData(). com.example.questflow
09-29 23:53:48.231  1258  1566 D SGM:SemGameManager: isForegroundGame(), ret=false
09-29 23:53:48.322 32725 32725 I SCS@AiSearch user 0: (ObserverWorker::TASKS) [main] entering in startWork triggered by [content://com.android.calendar]():  
09-29 23:53:48.322 32725 32725 I SCS@AiSearch user 0: (BaseCollector::TASKS) [main] entering in onChange():  
09-29 23:53:48.322 32725  1964 I SCS@AiSearch user 0: (BaseCollector::TASKS) [TASKS-0] entering in collectChanges():  
09-29 23:53:48.323 32725 32725 I SCS@AiSearch user 0: (ObserverWorker::CALENDAR) [main] entering in startWork triggered by [content://com.android.calendar]():  
09-29 23:53:48.323 32725 32725 I SCS@AiSearch user 0: (BaseCollector::CALENDAR) [main] entering in onChange():  
09-29 23:53:48.324 32725  1962 I SCS@AiSearch user 0: (BaseCollector::CALENDAR) [CALENDAR-0] entering in collectChanges():  
09-29 23:53:48.327  1258  2980 D PackageManager: setEnabledSetting : userId = 0 packageName = com.samsung.android.scs cmp = androidx.work.impl.background.systemalarm.RescheduleReceiver newState = 1 callingPackage = 10115/com.samsung.android.scs
09-29 23:53:48.327  1258  2980 D ApplicationPolicy: getApplicationStateEnabled : pkg = com.samsung.android.scs userId : 0
09-29 23:53:48.328  1258  2980 D ApplicationPolicy: getApplicationComponentState : pkg = com.samsung.android.scs userId : 0
09-29 23:53:48.335 32725  1962 I SCS@AiSearch user 0: (BaseCollector::CALENDAR) [CALENDAR-0] enter():  enter from w
09-29 23:53:48.340 32725  1964 I SCS@AiSearch user 0: (BaseCollector::TASKS) fetchInternal values : maxSyncId: -1 indexCount: 0 sourceCount: 0
09-29 23:53:48.340 32725  1962 I SCS@AiSearch user 0: (BaseCollector::CALENDAR) [CALENDAR-0] leave():  leave
09-29 23:53:48.340 32725  1962 I SCS@AiSearch user 0: (BaseCollector::CALENDAR) fetchInternal values : maxSyncId: 526 indexCount: 168 sourceCount: 168
09-29 23:53:48.340  1258  5436 D PackageManager: setEnabledSetting : userId = 0 packageName = com.samsung.android.scs cmp = androidx.work.impl.background.systemalarm.RescheduleReceiver newState = 1 callingPackage = 10115/com.samsung.android.scs
09-29 23:53:48.341 32725  1962 I SCS@AiSearch user 0: (BaseCollector::CALENDAR) [CALENDAR-0] enter():  enter from s
09-29 23:53:48.341  1258  5436 D ApplicationPolicy: getApplicationStateEnabled : pkg = com.samsung.android.scs userId : 0
09-29 23:53:48.341  1258  5436 D ApplicationPolicy: getApplicationComponentState : pkg = com.samsung.android.scs userId : 0
09-29 23:53:48.346 32725  1962 I SCS@AiSearch user 0: (BaseCollector::CALENDAR) [CALENDAR-0] leave():  leave
09-29 23:53:48.346 32725  1962 I SCS@AiSearch user 0: (BaseCollector::CALENDAR) [CALENDAR-0] enter():  enter from n0
09-29 23:53:48.351 32725  1964 I SCS@AiSearch user 0: (IndexManager) [TASKS-0] entering in addIndex():  
09-29 23:53:48.352 32725  1964 I SCS@AiSearch user 0: (BaseCollector::TASKS) fetch: fetching took  18 ms
09-29 23:53:48.352 32725  1964 I SCS@AiSearch user 0: (BaseCollector::TASKS) fetchChanges: applied 0 items
09-29 23:53:48.352 32725  1964 I SCS@AiSearch user 0: (BaseCollector::TASKS) Collect finished. Result: true
09-29 23:53:48.353 32725  1964 I SCS@AiSearch user 0: (BaseCollector::TASKS) enqueue ObserverWorker name: com.samsung.android.calendar.synctasks, policy: APPEND_OR_REPLACE
09-29 23:53:48.353 32725 32754 I WM-WorkerWrapper: Worker result SUCCESS for Work [ id=e9a4c531-ce55-4694-9788-3cd85e565e56, tags={ com.samsung.android.calendar.synctasks, com.samsung.android.scs.ai.search.data.collector.ObserverWorker } ]
09-29 23:53:48.355 32725  1962 I SCS@AiSearch user 0: (BaseCollector::CALENDAR) [CALENDAR-0] enter():  enter from D
09-29 23:53:48.359 32725  1962 I SCS@AiSearch user 0: (BaseCollector::CALENDAR) [CALENDAR-0] leave():  leave
09-29 23:53:48.359 32725  1962 I SCS@AiSearch user 0: (BaseCollector::CALENDAR) indexables size:1
09-29 23:53:48.361 32725  1962 I SCS@AiSearch user 0: (BaseCollector::CALENDAR) [CALENDAR-0] leave():  leave
09-29 23:53:48.361 32725  1962 I SCS@AiSearch user 0: (IndexManager) [CALENDAR-0] entering in addIndex():  
09-29 23:53:48.361 32725  1962 I SCS@AiSearch user 0: (IndexManager) [INSERT] index=[com.samsung.android.calendar], size=1
09-29 23:53:48.361 32725  1962 I SCS@AiSearch user 0: (IndexManager) getIndexWriter(): indexName com.samsung.android.calendar
09-29 23:53:48.365 32725  1962 I SCS@AiSearch user 0: (IndexManager) [INSERT] Done
09-29 23:53:48.365 32725  1962 I SCS@AiSearch user 0: (IndexSearcherManager) [CALENDAR-0] entering in refreshSearcherManager():  refreshSearcherManager for com.samsung.android.calendar
09-29 23:53:48.383  1258  5222 D PackageManager: setEnabledSetting : userId = 0 packageName = com.samsung.android.scs cmp = androidx.work.impl.background.systemalarm.RescheduleReceiver newState = 1 callingPackage = 10115/com.samsung.android.scs
09-29 23:53:48.384  1258  5222 D ApplicationPolicy: getApplicationStateEnabled : pkg = com.samsung.android.scs userId : 0
09-29 23:53:48.385  1258  5222 D ApplicationPolicy: getApplicationComponentState : pkg = com.samsung.android.scs userId : 0
09-29 23:53:48.392 32725  1962 I SCS@AiSearch user 0: (IndexSearcherManager) [CALENDAR-0] leaving from refreshSearcherManager():  
09-29 23:53:48.392 32725  1962 I SCS@AiSearch user 0: (IndexManager) addIndex(): done
