09-29 23:54:14.561  2525  2525 D CarrierTextController: SIM ready and in service: subId=3, ss={mVoiceRegState=0(IN_SERVICE), mDataRegState=0(IN_SERVICE), mChannelNumber=100, duplexMode()=1, mCellBandwidths=[20000, 10000], mOperatorAlphaLong=vodafone.de, mOperatorAlphaShort=vodafone.de, isManualNetworkSelection=false(automatic), getRilVoiceRadioTechnology=14(LTE), getRilDataRadioTechnology=14(LTE), mCssIndicator=unsupported, mNetworkId=*1, mSystemId=*1, mCdmaRoamingIndicator=-1, mCdmaDefaultRoamingIndicator=-1, VoiceRegType=0, Snap=0, MobileData=IN_SERVICE, MobileDataRoamingType=home, MobileDataRat=LTE, PsOnly=false, FemtocellInd=0, SprDisplayRoam=false, OptRadioTech=0, MsimSubmode=0, IsVoiceCallAvailable=true, mIsEmergencyOnly=false, isUsingCarrierAggregation=false, mArfcnRsrpBoost=0, mNetworkRegistrationInfos=[NetworkRegistrationInfo{ domain=CS transportType=WWAN registrationState=HOME roamingType=NOT_ROAMING accessNetworkTechnology=LTE rejectCause=0 emergencyEnabled=false availableServices=[VOICE,SMS,VIDEO] cellIdentity=CellIdentityLte:{ mCi=5****17 mPci=494 mTac=4***7 mEarfcn=100 mBands=[1] mBandwidth=2147483647 mMcc=262 mMnc=02 mAlphaLong=vodafone.de mAlphaShort=vodafone.de mAdditionalPlmns={} mCsgInfo=null} voiceSpecificInfo=VoiceSpecificRegistrationInfo { mCssSupported=false mRoamingIndicator=0 mSystemIsInPrl=0 mDefaultRoamingIndicator=0} dataSpecificInfo=null nrState=**** rRplmn=26202 isUsingCarrierAggregation=false}, NetworkRegistrationInfo{ domain=PS transportType=WWAN registrationState=HOME roamingType=NOT_ROAMING accessNetworkTechnology=LTE rejectCause=0 emergencyEnabled=false availableServices=[DATA] cellIdentity=CellIdentityLte:{ mCi=5****17 mPci=494 mTac=4***7 mEarfcn=100 mBands=[1] mBandwidth=2147483647 mMcc=262 mMnc=02 mAlphaLong=vodafone.de mAlphaShort=vodafone.de mAdditionalPlmns={} mCsgInfo=null} voiceSpecificInfo=null dataSpecificInfo=android.telephony.DataSpecificRegistrationInfo :{ maxDataCalls = 16 isDcNrRestricted = false isNrAvailable = true isEnDcAvailable = true LteVopsSupportInfo :  mVopsSupport = 2 mEmcBearerSupport = 2 } nrState=**** rRplmn=26202 isUsingCarrierAggregation=false}], mNrFrequencyRange=0, mOperatorAlphaLongRaw=vodafone.de, mOperatorAlphaShortRaw=vodafone.de, mIsDataRoamingFromRegistration=false, mIsIwlanPreferred=false}
09-29 23:54:14.561  1258  2291 I MotionRecognitionService: [SAR] id : 15 cmd :off
09-29 23:54:14.561  1258  2291 W MotionRecognitionService: DEFAULT
09-29 23:54:14.561  2525  2525 D CarrierTextController: setText : vodafone.de
09-29 23:54:14.561  2525  2525 D FaceWidgetPagesController: onRefreshCarrierInfo()
09-29 23:54:14.561  2507  2634 I System.out: Broadcast completed: result=0
09-29 23:54:14.562  2525  2525 D FaceWidgetClockRoamManager: isNetworkRoamingState id=3
09-29 23:54:14.562  2525  2525 D FaceWidgetClockRoamManager: isNetworkRoamingState false
09-29 23:54:14.562  2525  2525 D FaceWidgetClockRoamManager: onRefreshCarrierInfo(pre, now): false, false
09-29 23:54:14.562  2525  2525 D FaceWidgetClockPage: onRefreshCarrierInfo : isChanged false mIsRoaming false
09-29 23:54:14.562  2525  2525 D MultiSIMController: MESSAGE_UPDATE_SERVICE_STATE
09-29 23:54:14.562  1258  2353 D ConnectivityService: Update of LinkProperties for [233 CELLULAR]; created=793621730; firstConnected=793621731
09-29 23:54:14.563  1258  1651 W BroadcastQueue: Permission Denial: receiving Intent { act=android.intent.action.SERVICE_STATE flg=0x1000010 (has extras) } to com.google.android.cellbroadcastreceiver/com.android.cellbroadcastreceiver.CellBroadcastReceiver requires android.permission.ACCESS_FINE_LOCATION due to sender android (uid 1001)
09-29 23:54:14.563  1258  2353 D ConnectivityService: notifyType CALLBACK_IP_CHANGED for [233 CELLULAR]
09-29 23:54:14.564  1258  2353 D ConnectivityService: Update of LinkProperties for [238 CELLULAR]; created=884244081; firstConnected=884244081
09-29 23:54:14.564  1258  2353 D ConnectivityService: Setting tx/rx TCP buffers to 2097152,4194304,8388608,524288,1572864,2097152
09-29 23:54:14.564  1258  5222 W ContextImpl: Calling a method in the system process without a qualified user: android.app.ContextImpl.sendBroadcastMultiplePermissions:1335 android.content.Context.sendBroadcastMultiplePermissions:2285 com.android.server.TelephonyRegistry.broadcastServiceStateChanged:3145 com.android.server.TelephonyRegistry.notifyServiceStateForPhoneId:1630 com.android.internal.telephony.ITelephonyRegistry$Stub.onTransact:499 
09-29 23:54:14.564  2895  3022 I PdnController<0>: onLinkPropertiesChanged: network 233 lp {InterfaceName: rmnet_data2 LinkAddresses: [ 2a00:20:70d0:17e9:a52e:e3f2:5370:93d9/64 ] DnsAddresses: [ ] PcscfAddresses: [ /2a01:8f0:400:953::5,/2a01:8f0:400:599::5 ] Domains: null MTU: 1280 TcpBufferSizes: 2097152,4194304,8388608,524288,1572864,2097152 Routes: [ ::/0 -> fe80::4 rmnet_data2 mtu 1280,2a00:20:70d0:17e9::/64 -> :: rmnet_data2 mtu 0 ]} old {InterfaceName: rmnet_data2 LinkAddresses: [ 2a00:20:70d0:17e9:a52e:e3f2:5370:93d9/64 ] DnsAddresses: [ ] PcscfAddresses: [ /2a01:8f0:400:953::5,/2a01:8f0:400:599::5 ] Domains: null MTU: 1280 TcpBufferSizes: 2097152,4194304,8388608,4096,1048576,2097152 Routes: [ ::/0 -> fe80::4 rmnet_data2 mtu 1280,2a00:20:70d0:17e9::/64 -> :: rmnet_data2 mtu 0 ]}
09-29 23:54:14.564  1258  2353 D ConnectivityService: notifyType CALLBACK_IP_CHANGED for [238 CELLULAR]
09-29 23:54:14.565  2507  2507 V PhoneGlobals: handleServiceStateChanged
09-29 23:54:14.565  2507  2507 D NotificationMgr: updateNetworkSelection, Use Samsung codes instead of AOSP codes
09-29 23:54:14.565  2507  2507 V PhoneGlobals: subId=-1, mDefaultDataSubId=3, ss roaming=false
09-29 23:54:14.567  2507  2507 I Telephony: TelecomAccountRegistry$AccountEntry: isRttCurrentlySupported -- regular acct,, hasVoiceAvailability: true, isRttSupported: false, alwaysAllowWhileRoaming: false, isRoaming: false, isOnWfc: false
09-29 23:54:14.567  2507  2507 V PhoneGlobals: handleServiceStateChanged
09-29 23:54:14.567  2507  2507 D NotificationMgr: updateNetworkSelection, Use Samsung codes instead of AOSP codes
09-29 23:54:14.567  2507  2507 V PhoneGlobals: subId=3, mDefaultDataSubId=3, ss roaming=false
09-29 23:54:14.567  2507  2507 V PhoneGlobals: updateDataRoamingStatus
09-29 23:54:14.567  2895  3131 I PdnController: handleMessage: what 111
09-29 23:54:14.567  2507  2507 V PhoneGlobals: dataAllowed=true, reasons=Data allowed reason: NORMAL
09-29 23:54:14.568  2895  3131 I PdnController: onLinkPropertiesChanged: networkType=11, linkProperties={InterfaceName: rmnet_data2 LinkAddresses: [ 2a00:20:70d0:17e9:a52e:e3f2:5370:93d9/64 ] DnsAddresses: [ ] PcscfAddresses: [ /2a01:8f0:400:953::5,/2a01:8f0:400:599::5 ] Domains: null MTU: 1280 TcpBufferSizes: 2097152,4194304,8388608,524288,1572864,2097152 Routes: [ ::/0 -> fe80::4 rmnet_data2 mtu 1280,2a00:20:70d0:17e9::/64 -> :: rmnet_data2 mtu 0 ]}
09-29 23:54:14.568  1258  1651 W BroadcastQueue: Appop Denial: receiving Intent { act=android.intent.action.SERVICE_STATE flg=0x1000010 (has extras) } to ProcessRecord{3128e88 1258:system/1000} (pid=1258, uid=1000) excludes appop android:fine_location due to sender android (uid 1001)
09-29 23:54:14.568  1258  1651 W BroadcastQueue: Appop Denial: receiving Intent { act=android.intent.action.SERVICE_STATE flg=0x1000010 (has extras) } to ProcessRecord{ed9a7cd 2525:com.android.systemui/u0a63} (pid=2525, uid=10063) excludes appop android:fine_location due to sender android (uid 1001)
09-29 23:54:14.568  1258  1651 W BroadcastQueue: Appop Denial: receiving Intent { act=android.intent.action.SERVICE_STATE flg=0x1000010 (has extras) } to ProcessRecord{d6c21b1 2507:com.android.phone/1001} (pid=2507, uid=1001) excludes appop android:fine_location due to sender android (uid 1001)
09-29 23:54:14.568  1258  1651 W BroadcastQueue: Appop Denial: receiving Intent { act=android.intent.action.SERVICE_STATE flg=0x1000010 (has extras) } to ProcessRecord{d6c21b1 2507:com.android.phone/1001} (pid=2507, uid=1001) excludes appop android:fine_location due to sender android (uid 1001)
09-29 23:54:14.568  1258  1651 W BroadcastQueue: Appop Denial: receiving Intent { act=android.intent.action.SERVICE_STATE flg=0x1000010 (has extras) } to ProcessRecord{d6c21b1 2507:com.android.phone/1001} (pid=2507, uid=1001) excludes appop android:fine_location due to sender android (uid 1001)
09-29 23:54:14.568  1258  1651 W BroadcastQueue: Appop Denial: receiving Intent { act=android.intent.action.SERVICE_STATE flg=0x1000010 (has extras) } to ProcessRecord{3128e88 1258:system/1000} (pid=1258, uid=1000) excludes appop android:fine_location due to sender android (uid 1001)
09-29 23:54:14.569  1258  1651 W BroadcastQueue: Appop Denial: receiving Intent { act=android.intent.action.SERVICE_STATE flg=0x1000010 (has extras) } to ProcessRecord{3128e88 1258:system/1000} (pid=1258, uid=1000) excludes appop android:read_phone_state due to sender android (uid 1001)
09-29 23:54:14.569  1258  1651 W BroadcastQueue: Appop Denial: receiving Intent { act=android.intent.action.SERVICE_STATE flg=0x1000010 (has extras) } to ProcessRecord{ed9a7cd 2525:com.android.systemui/u0a63} (pid=2525, uid=10063) excludes appop android:read_phone_state due to sender android (uid 1001)
09-29 23:54:14.569  1258  1651 W BroadcastQueue: Appop Denial: receiving Intent { act=android.intent.action.SERVICE_STATE flg=0x1000010 (has extras) } to ProcessRecord{d6c21b1 2507:com.android.phone/1001} (pid=2507, uid=1001) excludes appop android:read_phone_state due to sender android (uid 1001)
09-29 23:54:14.569  1258  1651 W BroadcastQueue: Appop Denial: receiving Intent { act=android.intent.action.SERVICE_STATE flg=0x1000010 (has extras) } to ProcessRecord{d6c21b1 2507:com.android.phone/1001} (pid=2507, uid=1001) excludes appop android:read_phone_state due to sender android (uid 1001)
09-29 23:54:14.569  1258  1651 W BroadcastQueue: Appop Denial: receiving Intent { act=android.intent.action.SERVICE_STATE flg=0x1000010 (has extras) } to ProcessRecord{d6c21b1 2507:com.android.phone/1001} (pid=2507, uid=1001) excludes appop android:read_phone_state due to sender android (uid 1001)
09-29 23:54:14.569  1258  1651 W BroadcastQueue: Appop Denial: receiving Intent { act=android.intent.action.SERVICE_STATE flg=0x1000010 (has extras) } to ProcessRecord{3128e88 1258:system/1000} (pid=1258, uid=1000) excludes appop android:read_phone_state due to sender android (uid 1001)
09-29 23:54:14.569  1258  1651 W BroadcastQueue: Permission Denial: broadcasting Intent { act=android.intent.action.SERVICE_STATE flg=0x1000010 (has extras) } from android (pid=2507, uid=1001) to com.samsung.android.mcfds/com.samsung.android.ce.ContextEngineReceiver requires com.samsung.android.ce.permission.START_SERVICE_CE
09-29 23:54:14.569  1258  1651 W BroadcastQueue: Permission Denial: receiving Intent { act=android.intent.action.SERVICE_STATE flg=0x1000010 (has extras) } to com.google.android.cellbroadcastreceiver/com.android.cellbroadcastreceiver.CellBroadcastReceiver requires android.permission.READ_PHONE_STATE due to sender android (uid 1001)
09-29 23:54:14.569  1258  1651 W BroadcastQueue: Permission Denial: broadcasting Intent { act=android.intent.action.SERVICE_STATE flg=0x1000010 (has extras) } from android (pid=2507, uid=1001) to com.samsung.android.mcfds/com.samsung.android.ce.ContextEngineReceiver requires com.samsung.android.ce.permission.START_SERVICE_CE
09-29 23:54:14.574  1166  1166 D CellBroadcastReceiver: onReceive Intent { act=android.intent.action.SERVICE_STATE flg=0x1000010 cmp=com.google.android.cellbroadcastreceiver/com.android.cellbroadcastreceiver.CellBroadcastReceiver (has extras) }
09-29 23:54:14.574  1166  1166 D CellBroadcastReceiver: onServiceStateChanged, ss: 0
09-29 23:54:14.575  1166  1166 D CellBroadcastReceiver: networkOperator: 26202
09-29 23:54:14.575  1166  1166 D CellBroadcastReceiver: update supported roaming operator as 
09-29 23:54:14.576  2507  2694 I TelephonyProvider: D/TelephonyProvider: subIdString = 3 subId = 3
09-29 23:54:14.577  1258  5227 W BroadcastQueue: Permission Denial: broadcasting Intent { act=android.intent.action.SERVICE_STATE flg=0x1000010 (has extras) } from android (pid=2507, uid=1001) to com.samsung.android.mcfds/com.samsung.android.ce.ContextEngineReceiver requires com.samsung.android.ce.permission.START_SERVICE_CE
09-29 23:54:14.578  1258  3625 D FreecessController: UFZ : com.microsoft.emmx(4471)
09-29 23:54:14.579  1258  3660 W LocationManagerService: onFreezeStateChanged, uid[10286]=false
09-29 23:54:14.579  1258  3625 D FreecessController: UFZ : com.microsoft.emmx(0), reason: Binder(1)-free_buffer_full
09-29 23:54:14.579  1258  3625 D FreecessController: com.microsoft.emmx(state: Initial -> Freezeable, Reason: Binder(1)-free_buffer_full)
09-29 23:54:14.580  1258  3660 I PowerManagerService: [PWL] SetWakeLockEnableDisable uid = 10286 , disable= false
09-29 23:54:14.580  1258  3660 I PowerManagerService: [PWL] can not change uid =  10286
09-29 23:54:14.583  1258  2353 D ConnectivityService: [233 CELLULAR] EVENT_NETWORK_INFO_CHANGED, going from CONNECTED to CONNECTED
09-29 23:54:14.583  2525  2599 D MobileSignalController(0/3): notifyListener: enabled=true, connected=true, dataConnected=true, networkType=NR/NR_NSA is5gAvailable=false (5G_Available), emergencyOnly=false, roaming=false, isDefault=true, dataActivity=, level=3, ca=false, mmWave=false, disabledDataIcon=false, simCard=ETC
09-29 23:54:14.584  2525  2599 D NetworkController: ServiceState from intent slotId=0
09-29 23:54:14.584  2525  2599 D NetworkController: IsPowerOffServiceState is false: 0
09-29 23:54:14.584  2525  2599 D Tile.AirplaneModeTile:  handleUpdateState: airplane mode is disabled : enter mSetting.getValue() == 0 mIsWiFiOnlyDevice false isNoSimState false !isPowerOffServiceState true
09-29 23:54:14.584  2525  2599 D Tile.AirplaneModeTile:  handleUpdateState:  value = false, state = 1
09-29 23:54:14.586  1258  2353 D ConnectivityService: Update of LinkProperties for [233 CELLULAR]; created=793621730; firstConnected=793621731
09-29 23:54:14.588  1258  2353 D ConnectivityService: [238 CELLULAR] EVENT_NETWORK_INFO_CHANGED, going from CONNECTED to CONNECTED
09-29 23:54:14.589  2507  2694 I TelephonyProvider: D/TelephonyProvider: subIdString = 3 subId = 3
09-29 23:54:14.594  1258  2353 D ConnectivityService: Update of LinkProperties for [238 CELLULAR]; created=884244081; firstConnected=884244081
09-29 23:54:14.598  1258  2353 D ConnectivityService: reportNetworkActive, notify 1 listeners
09-29 23:54:14.621  1258  2447 D NetdEventListenerService: DNS Requested by : 238, 10286, 4, true
09-29 23:54:14.640  1258  2447 D NetdEventListenerService: DNS Requested by : 238, 10286, 4, true
09-29 23:54:14.808 23684 23712 I ContactsProvider_EventLog: cp_s: [CONTACT con(69) dat(564) acc({google(3)=47, com.whatsapp(6)=39, com.google.android.apps.tachyon(9)=19, sim(2)=21}) calls([logtype:100 cnt:11, logtype:200 cnt:1, logtype:300 cnt:224, logtype:1000 cnt:240, logtype:1150 cnt:11]) Iso(DE) uId(0) ]
09-29 23:54:14.808 23684 23712 I ContactsProvider_EventLog: cp_s: [ agr({[3 ,6 ,6]=1, [2 ,6]=1, [3]=9, [3 ,6 ,9]=16, [2]=20, [6 ,9]=1, [3 ,6]=19, [3 ,9]=2}) ]
09-29 23:54:14.808 23684 23712 I ContactsProvider_EventLog: cp_s: [ cnt({acore(23684)=1}) ]
09-29 23:54:14.808 23684 23712 I ContactsProvider_EventLog: cp_s: [PROFILE ] [SAPROFILE con(1) acc({phone(1)=1}) ]
09-29 23:54:14.808 23684 23712 I ContactsProvider_EventLog: cp_s: [STATE R(F) ]
09-29 23:54:14.933  3769 31144 I NearbyMediums: No BLE Fast/GATT advertisements found in the latest cycle.
09-29 23:54:14.933  3769 31144 I NearbyMediums: Current Tracked Scanning Clients are : {NearbyConnections.EnvironmentMonitor, NearbyConnections.TxAdvertisement}
09-29 23:54:15.079  3769 31144 I NearbySharing: Network state changed: NetworkState(isRestricted=false, isOnline=true, isCongested=false, isMetered=true, isWifiConnected=false)
09-29 23:54:15.126  1258  3660 D FreecessController: com.example.questflow(10521) is important[!isUidIdle]
09-29 23:54:15.364  2525  2599 D MobileStatusTracker(0/3): onDataActivity: direction=2
09-29 23:54:15.365  2525  2599 D MobileSignalController(0/3): notifyListener: enabled=true, connected=true, dataConnected=true, networkType=NR/NR_NSA is5gAvailable=false (5G_Available), emergencyOnly=false, roaming=false, isDefault=true, dataActivity=out, level=3, ca=false, mmWave=false, disabledDataIcon=false, simCard=ETC
09-29 23:54:15.374  1103  1157 I VSyncReactor: Current= 60, TransitioningTo= 60, hwcPeriod= 60, Distance= 0
09-29 23:54:16.232   991 31803 I sensors-hal: handle_sns_std_sensor_event:276, [SSC_LIGHT] P: 2(2),m:0,a:8,b:2,c:0,d:6,ag:0,dg:60,it:1824,br:19
09-29 23:54:16.377  2525  2599 D MobileStatusTracker(0/3): onDataActivity: direction=0
09-29 23:54:16.380  2525  2599 D MobileSignalController(0/3): notifyListener: enabled=true, connected=true, dataConnected=true, networkType=NR/NR_NSA is5gAvailable=false (5G_Available), emergencyOnly=false, roaming=false, isDefault=true, dataActivity=, level=3, ca=false, mmWave=false, disabledDataIcon=false, simCard=ETC
09-29 23:54:16.389  1103  1157 I VSyncReactor: Current= 60, TransitioningTo= 60, hwcPeriod= 60, Distance= 0
09-29 23:54:16.615   697   697 D io_stats: !@   8,0 r 29756381 614803004 w 8163832 111240972 d 3620254 107667648 f 0 0 iot 6727792 0 th 0 0 0 pt 0 inp 0 0 285770.323
09-29 23:54:18.221  5082  5082 I SDHMS:LOAD: type: LoadsFreqs, value: 0:0:0:844800:844800:844800:727680:1574400:710400:305:305:305
09-29 23:54:19.272   991 31803 I sensors-hal: handle_sns_std_sensor_event:276, [SSC_LIGHT] P: 2(2),m:0,a:8,b:2,c:0,d:4,ag:0,dg:60,it:1824,br:19
09-29 23:54:19.416  2525  2525 D SecPowerUI.Notification: showChargingNotice oldChargingType : 11 / currentChargingType : 11, oldChargingTime : 1723000 / mChargingTime : 1723000
09-29 23:54:19.416  2525  2525 D SecPowerUI.Notification: There is no change about charging status, so return!
09-29 23:54:20.022  5082  6865 I SDHMS:D : SIOP:: AP:268 BAT:270 USB:255 CHG:291 PA:-777 CP:264 WIFI:281 CF:287 BLK:0 SUBBAT:0 SKIN:295 SKINF:-777 SKINB:-777 LRP:295 LRF:-777 LRB:-777 BLRF:292 BLRB:295 APT:-777 APR:-777 
09-29 23:54:20.022  5082  6865 I SDHMS:D : MODEMQ:: 
09-29 23:54:20.420   991 31823 I sensors-hal: handle_sns_client_event:252, auto_rotation_debug_2 mode,255, type,1,0 acc,-0.306,0.412,9.940, ar,0, ver,10
09-29 23:54:22.151   991 31803 I sensors-hal: handle_sns_std_sensor_event:276, [SSC_LIGHT] P: 2(2),m:0,a:8,b:2,c:0,d:4,ag:0,dg:60,it:1824,br:19
09-29 23:54:22.618   697   697 D io_stats: !@   8,0 r 29756381 614803004 w 8163845 111241028 d 3620254 107667648 f 0 0 iot 6727800 0 th 0 0 0 pt 0 inp 0 0 285776.327
09-29 23:54:24.447   987   987 I android.hardware.health@2.1-service-samsung: updateLrpSysfs: write: 295
09-29 23:54:24.449  1258  4241 D BatteryService: Sending ACTION_BATTERY_CHANGED: level:90, status:2, health:2, ac:false, usb:true, wireless:false, pogo:false, misc:0x10000, charge_type:1, charger_type:0, voltage:4261, temperature:271, online:4, current_avg:671, ps:false, hvc:false, capacity:280000, current_event:0x20000000, current_now:718, mcc:0, mcv:0, cc:3667021, present:true, scale:100, technology:Li-ion
09-29 23:54:24.451  1258  2291 D MotionRecognitionService: [SAR]  onReceive : ACTION_BATTERY_CHANGED, Plugged: 2
09-29 23:54:24.454  1258  2439 I DeviceBatteryInfoService: action: android.intent.action.BATTERY_CHANGED
09-29 23:54:24.454  1258  2439 I DeviceBatteryInfoService: phone battery level: 90
09-29 23:54:24.454  1258  2439 I DeviceBatteryInfoService: phone battery status: 2
09-29 23:54:24.454  1258  2439 D DeviceBatteryInfoService: setBatteryStatus : 2
09-29 23:54:24.457  2525  2525 D SamsungBatteryMeterDrawable: onBatteryLevelChanged isSomethingChanged: true
09-29 23:54:24.457  2525  2525 D SamsungBatteryMeterDrawable: onBatteryLevelChanged isSomethingChanged: true
09-29 23:54:24.458  2525  2525 D SamsungBatteryMeterDrawable: onBatteryLevelChanged isSomethingChanged: true
09-29 23:54:24.458  2525  2525 D SamsungBatteryMeterDrawable: onBatteryLevelChanged isSomethingChanged: true
09-29 23:54:24.459  2525  2525 D KeyguardUpdateMonitor: received broadcast android.intent.action.BATTERY_CHANGED
09-29 23:54:24.460  2525  2525 I PowerUI : mBootCompleted = true |  mFullyConnected = true
09-29 23:54:24.460  2525  2525 I PowerUI : BATTERY_HEALTH_CHECK extraHealth=2 mBatteryMiscEvent=65536
09-29 23:54:24.460  2525  2525 W PowerUI : Plug reason
09-29 23:54:24.460  2525  2525 W PowerUI : Skip charging animation - by plug status
09-29 23:54:24.460  2525  2525 D PowerUI : priorPlugType = 2 mPlugType = 2 priorBatteryStatus = 2 mBatteryStatus = 2
09-29 23:54:24.460  2525  2525 W PowerUI : Plug reason
09-29 23:54:24.460  2525  2525 W PowerUI : Skip charging sound - by plug status
09-29 23:54:24.460  2525  2525 I PowerUI : oldMisalign : false, curMisalign : false
09-29 23:54:24.461  5082  5082 E SDHMS:SDHMS_UTIL_IO: e = /sys/class/power_supply/battery/chg_type: open failed: ENOENT (No such file or directory)
09-29 23:54:24.461  2525  2525 D SecPowerUI.Notification: showChargingNotice oldChargingType : 11 / currentChargingType : 11, oldChargingTime : 1723000 / mChargingTime : 1705000
09-29 23:54:24.461  2525  2525 D SecPowerUI.Notification: showChargingNotification()
09-29 23:54:24.461  2525  2525 D SecPowerUI.Notification: SecBatteryStatsSnapshot{batteryLevel=90, currentBatteryMode=1, chargingTime=1705000, chargingType=11, batteryHealth=2, automaticTestMode=false, isHiccupState=false}
09-29 23:54:24.463  1103  1157 I VSyncReactor: Current= 60, TransitioningTo= 60, hwcPeriod= 60, Distance= 0
09-29 23:54:24.465  4083  4083 D HeadsetPhoneState: sendDeviceStateChanged. mService=1 mSignal=3 mRoam=0 mBatteryCharge=5
09-29 23:54:24.466  1258  1651 D BaseRestrictionMgr: Package: com.whatsapp, userid: 0, hostingType: broadcast is Restricted by policy: 4 caller is: null
09-29 23:54:24.466  1258  1651 W BroadcastQueue: intent:Intent { act=android.intent.action.BATTERY_CHANGED flg=0x60000010 (has extras) } is skipped in RestrictedPackage to ProcessRecord{3108d4b 26733:com.whatsapp/u0a279}
09-29 23:54:24.467  1258  1651 D BaseRestrictionMgr: Package: com.instagram.android, userid: 0, hostingType: broadcast is Restricted by policy: 4 caller is: null
09-29 23:54:24.467  1258  1651 W BroadcastQueue: intent:Intent { act=android.intent.action.BATTERY_CHANGED flg=0x60000010 (has extras) } is skipped in RestrictedPackage to ProcessRecord{9056440 30582:com.instagram.android/u0a362}
09-29 23:54:24.468  1258  1651 D BaseRestrictionMgr: Package: com.instagram.android, userid: 0, hostingType: broadcast is Restricted by policy: 4 caller is: null
09-29 23:54:24.468  1258  1651 W BroadcastQueue: intent:Intent { act=android.intent.action.BATTERY_CHANGED flg=0x60000010 (has extras) } is skipped in RestrictedPackage to ProcessRecord{9056440 30582:com.instagram.android/u0a362}
09-29 23:54:24.469  4083  4210 I bt_stack: [INFO:rfc_port_fsm.cc(106)] rfc_port_sm_execute: BD_ADDR=cad497_1, PORT=6, STATE=4, EVENT=14
09-29 23:54:24.469  2525 12663 D SecPowerUI.Notification: dismissing low battery warning: level=90
09-29 23:54:24.469  2525 12663 D SecPowerUI.Notification: updateNotification mWarning=false mPlaySound=false
09-29 23:54:24.469  2525 12663 D SecPowerUI.Notification: SecBatteryStatsSnapshot{batteryLevel=90, currentBatteryMode=1, chargingTime=1705000, chargingType=11, batteryHealth=2, automaticTestMode=false, isHiccupState=false}
09-29 23:54:24.470   934   934 I [SCPMV2][SystemMonitorReceiver]: onReceive: android.intent.action.BATTERY_CHANGED
09-29 23:54:24.470   981   981 D vendor.qti.bluetooth@1.0-ibs_handler: SerialClockVote: vote for UART CLK ON
09-29 23:54:24.470   981   981 D vendor.qti.bluetooth@1.0-wake_lock: Acquire wakelock is acquired 
09-29 23:54:24.470   981   981 I vendor.qti.bluetooth@1.0-ibs_handler: DeviceWakeUp: Writing IBS_WAKE_IND
09-29 23:54:24.471   981  4206 I vendor.qti.bluetooth@1.0-ibs_handler: ProcessIbsCmd: Received IBS_WAKE_ACK: 0xFC
09-29 23:54:24.471   981  4206 I vendor.qti.bluetooth@1.0-ibs_handler: ProcessIbsCmd: Signal wack_cond_
09-29 23:54:24.471   981   981 D vendor.qti.bluetooth@1.0-ibs_handler: DeviceWakeUp: Unblocked from waiting for FC, pthread_cond_timedwait ret = 0
09-29 23:54:24.471  2525 12663 D SecPowerUI.Notification: 1. restoreScreenTimeOut - saved_value : :
09-29 23:54:24.471  2525 12663 E SecPowerUI.Notification: no saved value, so we do nothing !!
09-29 23:54:24.473  1258  1258 D PhoneWindowManagerExt: ACTION_BATTERY_CHANGED - Level=90, status=2
09-29 23:54:24.473  1258  1258 D AdaptiveBrightnessLongtermModelBuilder: Received android.intent.action.BATTERY_CHANGED
09-29 23:54:24.474  1258  1258 D SemWifiApBroadcastReceiver: Received : android.intent.action.BATTERY_CHANGED
09-29 23:54:24.477  2507  2507 D SemBigDataInfoController: Intent: android.intent.action.BATTERY_CHANGED
09-29 23:54:24.477  2507  2507 D SemBigDataInfoController: Intent: android.intent.action.BATTERY_CHANGED
09-29 23:54:24.483  5551  5551 D WM-BatteryChrgTracker: Received android.os.action.CHARGING
09-29 23:54:24.485  1258  1258 D NetworkPolicy: ChargingState: new(true), old(false)
09-29 23:54:24.488  1258  1651 D CompatibilityChangeReporter: Compat change id reported: 168419799; UID 10242; state: DISABLED
09-29 23:54:24.489  1258  5482 D ApplicationPolicy: isStatusBarNotificationAllowedAsUser: packageName = com.android.systemui,userId = 0
09-29 23:54:24.489  1258  5482 D ApplicationPolicy: isStatusBarNotificationAllowedAsUser: packageName = com.android.systemui,userId = -1
09-29 23:54:24.489  1258  5482 D ApplicationPolicy: isStatusBarNotificationAllowedAsUser: converting userId from USER_ALLto 0
09-29 23:54:24.490  2525  2525 D PowerUI : Battery swelling mode - priorBatterySwellingMode = 0 mBatterySwellingMode = 0 mBatteryStatus = 2
09-29 23:54:24.490  2525  2525 I PowerUI : mBatteryMiscEvent = 65536
09-29 23:54:24.492  5551  5577 D WM-GreedyScheduler: Constraints not met: Cancelling work ID WorkGenerationalId(workSpecId=962b10d0-6161-413f-9527-0fa97560e0fb, generation=1305)
09-29 23:54:24.493  5551  5577 D WM-GreedyScheduler: Constraints not met: Cancelling work ID WorkGenerationalId(workSpecId=070bc4e9-1b1a-418c-bd03-4b7b2c50c979, generation=1667)
09-29 23:54:24.493  5551  5577 D WM-GreedyScheduler: Constraints not met: Cancelling work ID WorkGenerationalId(workSpecId=358b4d9b-d184-4248-87d4-d5fcdec1c0a0, generation=24)
09-29 23:54:24.493  5551  5577 D WM-GreedyScheduler: Constraints not met: Cancelling work ID WorkGenerationalId(workSpecId=a3f039b8-7f91-4281-a0d0-f648a10a868d, generation=1)
09-29 23:54:24.493  5551  5577 D WM-GreedyScheduler: Constraints not met: Cancelling work ID WorkGenerationalId(workSpecId=070bc4e9-1b1a-418c-bd03-4b7b2c50c979, generation=1669)
09-29 23:54:24.493  5551  5577 D WM-GreedyScheduler: Constraints not met: Cancelling work ID WorkGenerationalId(workSpecId=962b10d0-6161-413f-9527-0fa97560e0fb, generation=1307)
09-29 23:54:24.493  5551  5577 D WM-GreedyScheduler: Constraints not met: Cancelling work ID WorkGenerationalId(workSpecId=962b10d0-6161-413f-9527-0fa97560e0fb, generation=1308)
09-29 23:54:24.494  2525  2525 I FaceWidgetPositionAlgorithm: getClockContainerHeight() supplier = 309, bottom margin = 0, real height = 381
09-29 23:54:24.494  2525  2525 I FaceWidgetPositionAlgorithm: getClockContainerHeight() supplier = 309, bottom margin = 72, real height = 381
09-29 23:54:24.494  2525  2525 I FaceWidgetPositionAlgorithm: getMediaContainerHeight() height = 522 container Visibility = 8, isValid = false, mIsDozing = false, fraction = 1.0, source = 0, target = 0
09-29 23:54:24.494  2525  2525 I FaceWidgetPositionAlgorithm: getMediaContainerHeight() supplier = 0
09-29 23:54:24.495  2525  2525 V QsExpandAnimator: setQsExpansionPosition 0.0
09-29 23:54:24.508  2525  2525 I AODBatteryManager: updateBatteryData: ACTION_BATTERY_CHANGED
09-29 23:54:24.509  2525  2525 I AODBatteryManager: saveBatteryData : AOD BatteryData [mBatteryLevel=90, mBatteryStatus=CHARGING, mBatteryPlugType=USB, mBatteryPlugged=true, mRemainingChargeTime=1705000, mBatteryChargingType=1, mBatteryChargerType=NORMAL, mBatteryOnline=USB, mBatterySwellingMode=NONE, mBatteryProtectMode=false]
09-29 23:54:24.509  2525  2525 I ChargingInfoManager: updateChargingInfo: newState = AOD ChargingInfo [mState=BATTERY_AND_REMAIN_TIME, mIsCharging=true, mIsFullyCharged=false, mIsBatteryProtectMode=false], oldState = AOD ChargingInfo [mState=BATTERY_AND_REMAIN_TIME, mIsCharging=true, mIsFullyCharged=false, mIsBatteryProtectMode=false]
09-29 23:54:24.509  2525  2525 D KeyguardUpdateMonitor: handleBatteryUpdate
09-29 23:54:24.511  2525  2525 D KeyguardSecIndicationController: addIndicationTimeout() returned - unlocking
09-29 23:54:24.512  2525  2525 D KeyguardSecIndicationController: addIndication() returned - unlocking
09-29 23:54:24.512  2525  2525 D KeyguardSecIndicationPolicy:  remove Item pos = DEFAULT, type =           OWNER_INFO
09-29 23:54:24.512  2525  2525 D KeyguardSecIndicationController: addBatteryAndOwnerInfoIndication() battery status = BatteryStatus{status=2,level=90,plugged=2,health=2,maxChargingWattage=-1,remaining=1705000ultraFastCharger=0}
09-29 23:54:24.512  1258  2340 V NetworkPolicy: getRestrictBackgroundInLowerPowerMode: enabled(true)
09-29 23:54:24.583  1258  3660 D FreecessController: com.microsoft.emmx(state: Freezeable -> Frozen, Reason: Binder(1)-free_buffer_full)
09-29 23:54:24.585  1258  1688 D BatteryExternalStatsWorker: update stats : wakelock-change (1)
09-29 23:54:24.585  1258  3660 D FreecessController: FZ : com.microsoft.emmx(4471)
09-29 23:54:24.586  1258  3660 D FreecessController: FZ : com.microsoft.emmx(0), reason: Bg
09-29 23:54:24.590  1258  3660 I PowerManagerService: [PWL] SetWakeLockEnableDisable uid = 10286 , disable= true
09-29 23:54:24.590  1258  3660 I PowerManagerService: [PWL] can not change uid =  10286
09-29 23:54:24.590  1258  3660 W LocationManagerService: onFreezeStateChanged, uid[10286]=true
09-29 23:54:24.591  1258  1258 D CompatibilityChangeReporter: Compat change id reported: 135634846; UID 10204; state: DISABLED
09-29 23:54:24.591  1258  1258 D CompatibilityChangeReporter: Compat change id reported: 177438394; UID 10204; state: DISABLED
09-29 23:54:24.591  1258  1258 D CompatibilityChangeReporter: Compat change id reported: 135772972; UID 10204; state: DISABLED
09-29 23:54:24.592  1258  1258 D CompatibilityChangeReporter: Compat change id reported: 135754954; UID 10204; state: ENABLED
09-29 23:54:24.592  1258  1652 D CompatibilityChangeReporter: Compat change id reported: 143937733; UID 10204; state: ENABLED
09-29 23:54:24.598  1258  1258 D CompatibilityChangeReporter: Compat change id reported: 135634846; UID 10242; state: DISABLED
09-29 23:54:24.598  1258  1258 D CompatibilityChangeReporter: Compat change id reported: 177438394; UID 10242; state: DISABLED
09-29 23:54:24.598  1258  1258 D CompatibilityChangeReporter: Compat change id reported: 135772972; UID 10242; state: DISABLED
09-29 23:54:24.598  1258  1258 D CompatibilityChangeReporter: Compat change id reported: 135754954; UID 10242; state: ENABLED
09-29 23:54:24.600  1258  1258 I ActivityManager: com.samsung.android.smartsuggestions is exempt from freezer by list
09-29 23:54:24.600  1258  1258 D CompatibilityChangeReporter: Compat change id reported: 135634846; UID 10121; state: DISABLED
09-29 23:54:24.600  1258  1258 D CompatibilityChangeReporter: Compat change id reported: 177438394; UID 10121; state: DISABLED
09-29 23:54:24.600  1258  1258 D CompatibilityChangeReporter: Compat change id reported: 135772972; UID 10121; state: DISABLED
09-29 23:54:24.600  1258  1258 D CompatibilityChangeReporter: Compat change id reported: 135754954; UID 10121; state: ENABLED
09-29 23:54:24.614   913   913 D Zygote  : Forked child process 2717
09-29 23:54:24.614 23349 23349 I CMHJobService: [#CMH#] onStartJob Called at Sept. 29,2025 23:54:24 
09-29 23:54:24.615  1258  1652 I ActivityManager: Start proc 2717:com.facebook.appmanager/u0a204 for service {com.facebook.appmanager/com.facebook.preloads.platform.common.periodicwork.PeriodicWorkJobService}
09-29 23:54:24.615  1258  1652 D CompatibilityChangeReporter: Compat change id reported: 143937733; UID 10242; state: ENABLED
09-29 23:54:24.616 23349 23349 I CMHJobService: [#CMH#] Battery Percentage is:  0.9, High Temp: 536870912
09-29 23:54:24.619  1258  1688 E KernelCpuSpeedReader: Failed to read cpu-freq: /sys/devices/system/cpu/cpu7/cpufreq/stats/time_in_state: open failed: ENOENT (No such file or directory)
09-29 23:54:24.619   697   697 D io_stats: !@   8,0 r 29756466 614804864 w 8163845 111241028 d 3620254 107667648 f 0 0 iot 6727824 0 th 0 0 0 pt 0 inp 0 0 285778.328
09-29 23:54:24.619  1258  1688 E KernelCpuSpeedReader: Failed to read cpu-freq: /sys/devices/system/cpu/cpu4/cpufreq/stats/time_in_state: open failed: ENOENT (No such file or directory)
09-29 23:54:24.620  1258  1688 E KernelCpuSpeedReader: Failed to read cpu-freq: /sys/devices/system/cpu/cpu0/cpufreq/stats/time_in_state: open failed: ENOENT (No such file or directory)
09-29 23:54:24.620  1258  1688 D BatteryExternalStatsWorker: Update CPU state
09-29 23:54:24.620  1258  1688 D BatteryExternalStatsWorker: mStats lock released
09-29 23:54:24.620  1258  1688 D BatteryExternalStatsWorker: done updateExternalStatsLocked
09-29 23:54:24.625   913   913 D Zygote  : Forked child process 2718
09-29 23:54:24.627  1258  5482 D CompatibilityChangeReporter: Compat change id reported: 135634846; UID 10247; state: DISABLED
09-29 23:54:24.628  1258  5482 D CompatibilityChangeReporter: Compat change id reported: 177438394; UID 10247; state: DISABLED
09-29 23:54:24.628  1258  5482 D CompatibilityChangeReporter: Compat change id reported: 135772972; UID 10247; state: DISABLED
09-29 23:54:24.628  1258  5482 D CompatibilityChangeReporter: Compat change id reported: 135754954; UID 10247; state: ENABLED
09-29 23:54:24.629  1258  1652 I ActivityManager: Start proc 2718:com.google.android.apps.turbo:aab/u0a242 for service {com.google.android.apps.turbo/com.google.android.libraries.smartbattery.appusage.library.EvaluateAppBucketsJob}
09-29 23:54:24.629  1258  1652 D CompatibilityChangeReporter: Compat change id reported: 143937733; UID 10121; state: ENABLED
09-29 23:54:24.633  2717  2717 I book.appmanager: Using CollectorTypeCC GC.
09-29 23:54:24.638   913   913 D Zygote  : Forked child process 2726
09-29 23:54:24.638  2717  2717 E book.appmanager: Not starting debugger since process cannot load the jdwp agent.
09-29 23:54:24.638  1258  1652 I ActivityManager: Start proc 2726:com.samsung.android.smartsuggestions:core/u0a121 for service {com.samsung.android.smartsuggestions/com.samsung.android.app.deepsky.data.construction.knowledgeconstructor.giconstructor.DataCleanupJobService}
09-29 23:54:24.638  1258  1652 D CompatibilityChangeReporter: Compat change id reported: 143937733; UID 10247; state: ENABLED
09-29 23:54:24.638  4976  9833 I LPAutoUpdateWorker: #doWork
09-29 23:54:24.642  2717  2717 D ActivityThread: setConscryptValidator
09-29 23:54:24.642  2717  2717 D ActivityThread: setConscryptValidator - put
09-29 23:54:24.646  2718  2718 I .apps.turbo:aab: Using CollectorTypeCC GC.
09-29 23:54:24.646   913   913 D Zygote  : Forked child process 2736
09-29 23:54:24.646  4976  5531 I WM-WorkerWrapper: Worker result SUCCESS for Work [ id=7efa951a-f16e-4092-834b-65f5b954ccea, tags={ com.google.android.libraries.speech.modeldownload.languagepacks.backgroundtask.workmanager.LanguagePackAutoUpdateWorker } ]
09-29 23:54:24.647  4976  5215 I LPDownloadSettingsState: Defaulting LP download condition to 2 as user has not edited settings.
09-29 23:54:24.647  4976  5215 I DefaultLPManager: #getAvailablePackages
09-29 23:54:24.647  1258  1652 I ActivityManager: Start proc 2736:com.google.android.webview:webview_apk/u0a247 for service {com.google.android.webview/org.chromium.android_webview.nonembedded.AwComponentUpdateService}
09-29 23:54:24.647  4976  5215 I iuq     : #getDownloadableLanguagePacks
09-29 23:54:24.648  4976  5215 W SystemLPSourceImpl: #getAvailablePackages: Note there is not reason to call this method, as getInstalledPackages() returns the same LanguagePacks for this impl.
09-29 23:54:24.648  4976  5215 I DefaultLPManager: #getInstalledPackages
09-29 23:54:24.648  4976  5215 I iuq     : #getInstalledPackages
09-29 23:54:24.649  2718  2718 E .apps.turbo:aab: Not starting debugger since process cannot load the jdwp agent.
09-29 23:54:24.650  4976  5215 I DefaultLPManager: #getInstalledPackages
09-29 23:54:24.651  4976  5215 I iuq     : #getInstalledPackages
09-29 23:54:24.651  4976  5215 I DefaultLPManager: #getRequestedPackages
09-29 23:54:24.651  4976  5215 I ZipLPPopulator: #addNewFileGroups
09-29 23:54:24.651  4976  5215 I iuq     : #getDownloadableLanguagePacks
09-29 23:54:24.651  4976  5215 W SystemLPSourceImpl: #getRequestedPackages: There is not reason to call this method, as the result is always empty.
09-29 23:54:24.651  4976  5215 I DefaultLPManager: #getAvailablePackages
09-29 23:54:24.652  4976  5215 I iuq     : #getDownloadableLanguagePacks
09-29 23:54:24.652  4976  5215 W SystemLPSourceImpl: #getAvailablePackages: Note there is not reason to call this method, as getInstalledPackages() returns the same LanguagePacks for this impl.
09-29 23:54:24.655  2718  2718 D ActivityThread: setConscryptValidator
09-29 23:54:24.655  2718  2718 D ActivityThread: setConscryptValidator - put
09-29 23:54:24.657  1258  5482 I ActivityManager: DSS OFF for com.facebook.appmanager
09-29 23:54:24.658  4976  5215 E VoiceSearchConfigProtoU: Unrecognized recognizer for [ja-JP, 3054]: 23. Ignoring it and its associated features.
09-29 23:54:24.658  4976  5215 E VoiceSearchConfigProtoU: Unrecognized recognizer for [ja-JP, 3054]: 22. Ignoring it and its associated features.
09-29 23:54:24.658  4976  5215 E VoiceSearchConfigProtoU: Unrecognized recognizer for [ja-JP, 3054]: 23. Ignoring it and its associated features.
09-29 23:54:24.658  4976  5215 E VoiceSearchConfigProtoU: Unrecognized recognizer for [ja-JP, 3054]: 22. Ignoring it and its associated features.
09-29 23:54:24.658  4976  5215 E VoiceSearchConfigProtoU: Unrecognized recognizer for [ja-JP, 3054]: 23. Ignoring it and its associated features.
09-29 23:54:24.658  4976  5215 E VoiceSearchConfigProtoU: Unrecognized recognizer for [ja-JP, 3054]: 22. Ignoring it and its associated features.
09-29 23:54:24.658  4976  5215 E VoiceSearchConfigProtoU: Unrecognized recognizer for [ja-JP, 3054]: 22. Ignoring it and its associated features.
09-29 23:54:24.658  4976  5215 E VoiceSearchConfigProtoU: Unrecognized recognizer for [ja-JP, 3054]: 22. Ignoring it and its associated features.
09-29 23:54:24.659  4976  5215 E VoiceSearchConfigProtoU: Unrecognized recognizer for [ja-JP, 3056]: 23. Ignoring it and its associated features.
09-29 23:54:24.659  4976  5215 E VoiceSearchConfigProtoU: Unrecognized recognizer for [ja-JP, 3056]: 22. Ignoring it and its associated features.
09-29 23:54:24.659  4976  5215 E VoiceSearchConfigProtoU: Unrecognized recognizer for [ja-JP, 3056]: 23. Ignoring it and its associated features.
09-29 23:54:24.659  4976  5215 E VoiceSearchConfigProtoU: Unrecognized recognizer for [ja-JP, 3056]: 22. Ignoring it and its associated features.
09-29 23:54:24.659  4976  5215 E VoiceSearchConfigProtoU: Unrecognized recognizer for [ja-JP, 3056]: 23. Ignoring it and its associated features.
09-29 23:54:24.659  4976  5215 E VoiceSearchConfigProtoU: Unrecognized recognizer for [ja-JP, 3056]: 22. Ignoring it and its associated features.
09-29 23:54:24.659  4976  5215 E VoiceSearchConfigProtoU: Unrecognized recognizer for [ja-JP, 3056]: 22. Ignoring it and its associated features.
09-29 23:54:24.659  4976  5215 E VoiceSearchConfigProtoU: Unrecognized recognizer for [ja-JP, 3056]: 22. Ignoring it and its associated features.
09-29 23:54:24.661  2726  2726 I uggestions:core: Using CollectorTypeCC GC.
09-29 23:54:24.663  4976  5215 E VoiceSearchConfigProtoU: Unrecognized recognizer for [ja-JP, 3054]: 23. Ignoring it and its associated features.
09-29 23:54:24.663  4976  5215 E VoiceSearchConfigProtoU: Unrecognized recognizer for [ja-JP, 3054]: 22. Ignoring it and its associated features.
09-29 23:54:24.663  4976  5215 E VoiceSearchConfigProtoU: Unrecognized recognizer for [ja-JP, 3054]: 23. Ignoring it and its associated features.
09-29 23:54:24.663  4976  5215 E VoiceSearchConfigProtoU: Unrecognized recognizer for [ja-JP, 3054]: 22. Ignoring it and its associated features.
09-29 23:54:24.663  4976  5215 E VoiceSearchConfigProtoU: Unrecognized recognizer for [ja-JP, 3054]: 23. Ignoring it and its associated features.
09-29 23:54:24.663  4976  5215 E VoiceSearchConfigProtoU: Unrecognized recognizer for [ja-JP, 3054]: 22. Ignoring it and its associated features.
09-29 23:54:24.663  4976  5215 E VoiceSearchConfigProtoU: Unrecognized recognizer for [ja-JP, 3054]: 22. Ignoring it and its associated features.
09-29 23:54:24.663  4976  5215 E VoiceSearchConfigProtoU: Unrecognized recognizer for [ja-JP, 3054]: 22. Ignoring it and its associated features.
09-29 23:54:24.665  4976  5215 E VoiceSearchConfigProtoU: Unrecognized recognizer for [ja-JP, 3056]: 23. Ignoring it and its associated features.
09-29 23:54:24.665  4976  5215 E VoiceSearchConfigProtoU: Unrecognized recognizer for [ja-JP, 3056]: 22. Ignoring it and its associated features.
09-29 23:54:24.665  4976  5215 E VoiceSearchConfigProtoU: Unrecognized recognizer for [ja-JP, 3056]: 23. Ignoring it and its associated features.
09-29 23:54:24.665  4976  5215 E VoiceSearchConfigProtoU: Unrecognized recognizer for [ja-JP, 3056]: 22. Ignoring it and its associated features.
09-29 23:54:24.665  4976  5215 E VoiceSearchConfigProtoU: Unrecognized recognizer for [ja-JP, 3056]: 23. Ignoring it and its associated features.
09-29 23:54:24.665  2726  2726 E uggestions:core: Not starting debugger since process cannot load the jdwp agent.
09-29 23:54:24.665  4976  5215 E VoiceSearchConfigProtoU: Unrecognized recognizer for [ja-JP, 3056]: 22. Ignoring it and its associated features.
09-29 23:54:24.665  4976  5215 E VoiceSearchConfigProtoU: Unrecognized recognizer for [ja-JP, 3056]: 22. Ignoring it and its associated features.
09-29 23:54:24.665  4976  5215 E VoiceSearchConfigProtoU: Unrecognized recognizer for [ja-JP, 3056]: 22. Ignoring it and its associated features.
09-29 23:54:24.665  2736  2736 I iew:webview_apk: Using CollectorTypeCC GC.
09-29 23:54:24.667  4976  5588 I SystemLPSourceImpl: Parsed system partition LanguagePack metadata file: /product/usr/srec/en-US/metadata
09-29 23:54:24.668  4976  5215 E VoiceSearchConfigProtoU: Unrecognized recognizer for [ja-JP, 3054]: 23. Ignoring it and its associated features.
09-29 23:54:24.669  4976  5215 E VoiceSearchConfigProtoU: Unrecognized recognizer for [ja-JP, 3054]: 22. Ignoring it and its associated features.
09-29 23:54:24.669  2736  2736 E iew:webview_apk: Not starting debugger since process cannot load the jdwp agent.
09-29 23:54:24.669  4976  5215 E VoiceSearchConfigProtoU: Unrecognized recognizer for [ja-JP, 3054]: 23. Ignoring it and its associated features.
09-29 23:54:24.669  4976  5215 E VoiceSearchConfigProtoU: Unrecognized recognizer for [ja-JP, 3054]: 22. Ignoring it and its associated features.
09-29 23:54:24.669  4976  5215 E VoiceSearchConfigProtoU: Unrecognized recognizer for [ja-JP, 3054]: 23. Ignoring it and its associated features.
09-29 23:54:24.669  4976  5215 E VoiceSearchConfigProtoU: Unrecognized recognizer for [ja-JP, 3054]: 22. Ignoring it and its associated features.
09-29 23:54:24.669  4976  5215 E VoiceSearchConfigProtoU: Unrecognized recognizer for [ja-JP, 3054]: 22. Ignoring it and its associated features.
09-29 23:54:24.669  4976  5215 E VoiceSearchConfigProtoU: Unrecognized recognizer for [ja-JP, 3054]: 22. Ignoring it and its associated features.
09-29 23:54:24.670  2726  2726 D ActivityThread: setConscryptValidator
09-29 23:54:24.670  2726  2726 D ActivityThread: setConscryptValidator - put
09-29 23:54:24.671  4976  5215 E VoiceSearchConfigProtoU: Unrecognized recognizer for [ja-JP, 3056]: 23. Ignoring it and its associated features.
09-29 23:54:24.671  4976  5215 E VoiceSearchConfigProtoU: Unrecognized recognizer for [ja-JP, 3056]: 22. Ignoring it and its associated features.
09-29 23:54:24.672  4976  5215 E VoiceSearchConfigProtoU: Unrecognized recognizer for [ja-JP, 3056]: 23. Ignoring it and its associated features.
09-29 23:54:24.672  4976  5215 E VoiceSearchConfigProtoU: Unrecognized recognizer for [ja-JP, 3056]: 22. Ignoring it and its associated features.
09-29 23:54:24.672  4976  5215 E VoiceSearchConfigProtoU: Unrecognized recognizer for [ja-JP, 3056]: 23. Ignoring it and its associated features.
09-29 23:54:24.672  4976  5215 E VoiceSearchConfigProtoU: Unrecognized recognizer for [ja-JP, 3056]: 22. Ignoring it and its associated features.
09-29 23:54:24.672  4976  5215 E VoiceSearchConfigProtoU: Unrecognized recognizer for [ja-JP, 3056]: 22. Ignoring it and its associated features.
09-29 23:54:24.672  4976  5215 E VoiceSearchConfigProtoU: Unrecognized recognizer for [ja-JP, 3056]: 22. Ignoring it and its associated features.
09-29 23:54:24.673  2736  2736 D ActivityThread: setConscryptValidator
09-29 23:54:24.673  2736  2736 D ActivityThread: setConscryptValidator - put
09-29 23:54:24.673  4976  5588 I SystemLPSourceImpl: Parsed system partition LanguagePack metadata file: /product/usr/srec/en-US/metadata
09-29 23:54:24.674  4976  5215 I LPRequestState: [ZipfileRequests] #resolveDesiredLanguagePacks
09-29 23:54:24.674  1258  4242 I ActivityManager: DSS OFF for com.google.android.apps.turbo
09-29 23:54:24.674  4976  5588 I SystemLPSourceImpl: Parsed system partition LanguagePack metadata file: /product/usr/srec/en-US/metadata
09-29 23:54:24.675  2717  2717 D CompatibilityChangeReporter: Compat change id reported: 171979766; UID 10204; state: ENABLED
09-29 23:54:24.675  4976  5588 I SystemLPSourceImpl: Parsed system partition LanguagePack metadata file: /product/usr/srec/en-US/metadata
09-29 23:54:24.676  4976  5215 I LPRequestState: [ManagerRequests] #resolveDesiredLanguagePacks
09-29 23:54:24.676  4976  5215 I LPDownloadSettingsState: Defaulting LP download condition to 2 as user has not edited settings.
09-29 23:54:24.678  1258  2980 D ActivityManager: >>> EXECUTING create of com.samsung.android.calendar/com.samsung.android.libcalendar.platform.jobservice.CalendarProviderObserverJobService
09-29 23:54:24.678  1258  2980 D ActivityManager: schedule service timeout ProcessRecord{8c1a11f 28654:com.samsung.android.calendar/u0a213}
09-29 23:54:24.678  2718  2718 D CompatibilityChangeReporter: Compat change id reported: 171979766; UID 10242; state: ENABLED
09-29 23:54:24.680  1258  2980 D ActivityManager: >>> EXECUTING bind of com.samsung.android.calendar/com.samsung.android.libcalendar.platform.jobservice.CalendarProviderObserverJobService
09-29 23:54:24.681  1258  4242 I ActivityManager: DSS OFF for com.samsung.android.smartsuggestions
09-29 23:54:24.685  1258  5227 I ActivityManager: DSS OFF for com.google.android.webview
09-29 23:54:24.685  2718  2718 D nativeloader: Configuring classloader-namespace for other apk /system/framework/org.apache.http.legacy.jar. target_sdk_version=33, uses_libraries=ALL, library_path=/data/app/~~NjZjlcfFtX-T6k1mPkbpTA==/com.google.android.apps.turbo-YnDtv0OlVtjXshT2AHU5vQ==/lib/arm64:/data/app/~~NjZjlcfFtX-T6k1mPkbpTA==/com.google.android.apps.turbo-YnDtv0OlVtjXshT2AHU5vQ==/base.apk!/lib/arm64-v8a, permitted_path=/data:/mnt/expand:/data/user/0/com.google.android.apps.turbo
09-29 23:54:24.685  2718  2718 D nativeloader: Extending system_exposed_libraries: libhumantracking.arcsoft.so:libPortraitDistortionCorrection.arcsoft.so:libPortraitDistortionCorrectionCali.arcsoft.so:libface_landmark.arcsoft.so:libFacialStickerEngine.arcsoft.so:libveengine.arcsoft.so:lib_pet_detection.arcsoft.so:libhigh_res.arcsoft.so:libimage_enhancement.arcsoft.so:liblow_light_hdr.arcsoft.so:libhigh_dynamic_range.arcsoft.so:libsuperresolution.arcsoft.so:libobjectcapture_jni.arcsoft.so:libobjectcapture.arcsoft.so:libFacialAttributeDetection.arcsoft.so:libBeauty_v4.camera.samsung.so:libexifa.camera.samsung.so:libjpega.camera.samsung.so:libOpenCv.camera.samsung.so:libVideoClassifier.camera.samsung.so:libtensorflowLite.dynamic_viewing.camera.samsung.so:libImageScreener.camera.samsung.so:libMyFilter.camera.samsung.so:libtflite2.myfilters.camera.samsung.so:libHIDTSnapJNI.camera.samsung.so:libSmartScan.camera.samsung.so:libRectify.camera.samsung.so:libDocRectifyWrapper.camera.samsung.so:libUltraWideDistortionCorrection.camera.samsung.so:libWideDistortionCorr
09-29 23:54:24.685  4976  5215 I ZipLPPopulator: Updated file group for group 'langpack-domain_de-DE_3056_zipfile' from location: https://dl.google.com/android/voice/soda/de-DE/v3056/soda-de-DE-v3056.zip
09-29 23:54:24.685  4976  5215 I iuq     : #getPendingPackages
09-29 23:54:24.689  2726  2726 D CompatibilityChangeReporter: Compat change id reported: 171979766; UID 10121; state: ENABLED
09-29 23:54:24.691  2736  2736 D CompatibilityChangeReporter: Compat change id reported: 171979766; UID 10247; state: ENABLED
09-29 23:54:24.693  4976  5215 I LanguagePackMaintenance: Background downloading 0 packs, for an ideal set of 1 total packs
09-29 23:54:24.693  4976  5215 I LanguagePackMaintenance: Background downloading packs []
09-29 23:54:24.693  4976  5215 I LanguagePackMaintenance: Ideal set: [de-DE_v3056]
09-29 23:54:24.694  4976  5215 I LPRequestState: [ManagerRequests] #resolveUnusedLanguagePacks
09-29 23:54:24.694  1258  1688 D BatteryExternalStatsWorker: update stats : modem-data (4)
09-29 23:54:24.694  4976  5215 I LPRequestState: [ManagerRequests] #resolveDesiredLanguagePacks
09-29 23:54:24.694  4976  5215 I LPRequestState: [ManagerRequests] #resolveUnusedLanguagePacks
