09-29 23:54:24.694  4976  5215 I LPRequestState: [ManagerRequests] #resolveDesiredLanguagePacks
09-29 23:54:24.695  4976  5215 I DefaultLPManager: #calculateRolledBackPacks
09-29 23:54:24.695  1258  1688 D BatteryExternalStatsWorker: Fetch modem data
09-29 23:54:24.695  1258  1688 D BatteryExternalStatsWorker: Update Rail Energy data
09-29 23:54:24.695  2736  2736 W ziparchive: Unable to open '/data/app/~~LnJjltLlLNtnTJKopaEgQQ==/com.google.android.trichromelibrary_733915533--TuBOWIaJ1IumDVXn783dw==/base.dm': No such file or directory
09-29 23:54:24.695  2736  2736 W ziparchive: Unable to open '/data/app/~~LnJjltLlLNtnTJKopaEgQQ==/com.google.android.trichromelibrary_733915533--TuBOWIaJ1IumDVXn783dw==/base.dm': No such file or directory
09-29 23:54:24.695  4976  5215 I LanguagePackMaintenance: Background deleting 0 stale packs: 
09-29 23:54:24.695  4976  5215 I LanguagePackMaintenance: Background LanguagePack updates finished successfully
09-29 23:54:24.696  4976  5215 I FakeAppFlowTransport: (TEST) Generic AppFlow event: # ncs@d6c985de
09-29 23:54:24.698  1258  1258 I Telecom:SamsungTelecomServiceImpl: isInManagedCall - callingPackage : android
09-29 23:54:24.698  2736  2736 W iew:webview_apk: Entry not found
09-29 23:54:24.699  2736  2736 D nativeloader: Configuring classloader-namespace for other apk /data/app/~~LnJjltLlLNtnTJKopaEgQQ==/com.google.android.trichromelibrary_733915533--TuBOWIaJ1IumDVXn783dw==/base.apk. target_sdk_version=36, uses_libraries=ALL, library_path=/data/app/~~HqQhgphpVJc1sJPEQNrQKA==/com.google.android.webview-wD49TDA596bYyVb0yz7mPQ==/lib/arm64:/data/app/~~HqQhgphpVJc1sJPEQNrQKA==/com.google.android.webview-wD49TDA596bYyVb0yz7mPQ==/base.apk!/lib/arm64-v8a:/data/app/~~LnJjltLlLNtnTJKopaEgQQ==/com.google.android.trichromelibrary_733915533--TuBOWIaJ1IumDVXn783dw==/base.apk!/lib/arm64-v8a, permitted_path=/data:/mnt/expand:/data/user/0/com.google.android.webview
09-29 23:54:24.699  2736  2736 D nativeloader: Extending system_exposed_libraries: libhumantracking.arcsoft.so:libPortraitDistortionCorrection.arcsoft.so:libPortraitDistortionCorrectionCali.arcsoft.so:libface_landmark.arcsoft.so:libFacialStickerEngine.arcsoft.so:libveengine.arcsoft.so:lib_pet_detection.arcsoft.so:libhigh_res.arcsoft.so:libimage_enhancement.arcsoft.so:liblow_light_hdr.arcsoft.so:libhigh_dynamic_range.arcsoft.so:libsuperresolution.arcsoft.so:libobjectcapture_jni.arcsoft.so:libobjectcapture.arcsoft.so:libFacialAttributeDetection.arcsoft.so:libBeauty_v4.camera.samsung.so:libexifa.camera.samsung.so:libjpega.camera.samsung.so:libOpenCv.camera.samsung.so:libVideoClassifier.camera.samsung.so:libtensorflowLite.dynamic_viewing.camera.samsung.so:libImageScreener.camera.samsung.so:libMyFilter.camera.samsung.so:libtflite2.myfilters.camera.samsung.so:libHIDTSnapJNI.camera.samsung.so:libSmartScan.camera.samsung.so:libRectify.camera.samsung.so:libDocRectifyWrapper.camera.samsung.so:libUltraWideDistortionCorrection.camera.samsung.so:libWideDistortionCorr
09-29 23:54:24.701  2718  2718 D nativeloader: Configuring classloader-namespace for other apk /data/app/~~NjZjlcfFtX-T6k1mPkbpTA==/com.google.android.apps.turbo-YnDtv0OlVtjXshT2AHU5vQ==/base.apk. target_sdk_version=33, uses_libraries=, library_path=/data/app/~~NjZjlcfFtX-T6k1mPkbpTA==/com.google.android.apps.turbo-YnDtv0OlVtjXshT2AHU5vQ==/lib/arm64:/data/app/~~NjZjlcfFtX-T6k1mPkbpTA==/com.google.android.apps.turbo-YnDtv0OlVtjXshT2AHU5vQ==/base.apk!/lib/arm64-v8a, permitted_path=/data:/mnt/expand:/data/user/0/com.google.android.apps.turbo
09-29 23:54:24.705  2525  2525 D InterruptionStateProvider: Group alert behavior is suppressed but we want to alert bubble
09-29 23:54:24.706  7034  7034 I Edge.badge: updateBadge item = com.android.systemui:-1 1
09-29 23:54:24.707  3035  3035 I Launcher.NotificationListener: onNotificationPosted : com.android.systemui number : 0
09-29 23:54:24.708  1258  2606 D PackageManager: setEnabledSetting : userId = 0 packageName = com.facebook.services cmp = com.facebook.oxygen.services.helium.trampoline.HeliumSandboxedService newState = 1 callingPackage = 10082/com.facebook.services
09-29 23:54:24.709  1258  2606 D ApplicationPolicy: getApplicationStateEnabled : pkg = com.facebook.services userId : 0
09-29 23:54:24.710  1258  2606 D ApplicationPolicy: getApplicationComponentState : pkg = com.facebook.services userId : 0
09-29 23:54:24.711  1258  4242 D ActivityManager: <<< DONE EXECUTING com.samsung.android.calendar/com.samsung.android.libcalendar.platform.jobservice.CalendarProviderObserverJobService
09-29 23:54:24.711  1258  5482 D ActivityManager: <<< DONE EXECUTING com.samsung.android.calendar/com.samsung.android.libcalendar.platform.jobservice.CalendarProviderObserverJobService
09-29 23:54:24.711  1258  5482 D ActivityManager: No more executingServices of com.samsung.android.calendar/com.samsung.android.libcalendar.platform.jobservice.CalendarProviderObserverJobService
09-29 23:54:24.714  1258  2606 D PackageManager: setEnabledSetting : userId = 0 packageName = com.facebook.services cmp = com.facebook.oxygen.services.helium.trampoline.HeliumSandboxedService0 newState = 1 callingPackage = 10082/com.facebook.services
09-29 23:54:24.715  1258  2606 D ApplicationPolicy: getApplicationStateEnabled : pkg = com.facebook.services userId : 0
09-29 23:54:24.716  1258  2606 D ApplicationPolicy: getApplicationComponentState : pkg = com.facebook.services userId : 0
09-29 23:54:24.717  1258  2606 D PackageManager: setEnabledSetting : userId = 0 packageName = com.facebook.services cmp = com.facebook.oxygen.services.helium.trampoline.HeliumSandboxedService1 newState = 1 callingPackage = 10082/com.facebook.services
09-29 23:54:24.718  1258  2606 D ApplicationPolicy: getApplicationStateEnabled : pkg = com.facebook.services userId : 0
09-29 23:54:24.718  2736  2736 D nativeloader: Configuring classloader-namespace for other apk /data/app/~~HqQhgphpVJc1sJPEQNrQKA==/com.google.android.webview-wD49TDA596bYyVb0yz7mPQ==/base.apk. target_sdk_version=36, uses_libraries=, library_path=/data/app/~~HqQhgphpVJc1sJPEQNrQKA==/com.google.android.webview-wD49TDA596bYyVb0yz7mPQ==/lib/arm64:/data/app/~~HqQhgphpVJc1sJPEQNrQKA==/com.google.android.webview-wD49TDA596bYyVb0yz7mPQ==/base.apk!/lib/arm64-v8a:/data/app/~~LnJjltLlLNtnTJKopaEgQQ==/com.google.android.trichromelibrary_733915533--TuBOWIaJ1IumDVXn783dw==/base.apk!/lib/arm64-v8a, permitted_path=/data:/mnt/expand:/data/user/0/com.google.android.webview
09-29 23:54:24.718  1258  2606 D ApplicationPolicy: getApplicationComponentState : pkg = com.facebook.services userId : 0
09-29 23:54:24.720  2717  2717 D nativeloader: Configuring classloader-namespace for other apk /data/app/~~5iyj3vzNOMBAGL1suiCOOQ==/com.facebook.appmanager-f8sRqO_isS7k2kwv58guJg==/base.apk. target_sdk_version=35, uses_libraries=, library_path=/data/app/~~5iyj3vzNOMBAGL1suiCOOQ==/com.facebook.appmanager-f8sRqO_isS7k2kwv58guJg==/lib/arm64:/data/app/~~5iyj3vzNOMBAGL1suiCOOQ==/com.facebook.appmanager-f8sRqO_isS7k2kwv58guJg==/base.apk!/lib/arm64-v8a, permitted_path=/data:/mnt/expand:/data/user/0/com.facebook.appmanager
09-29 23:54:24.723  2718  2718 V GraphicsEnvironment: ANGLE Developer option for 'com.google.android.apps.turbo' set to: 'default'
09-29 23:54:24.724  2718  2718 V GraphicsEnvironment: ANGLE GameManagerService for com.google.android.apps.turbo: false
09-29 23:54:24.726  2718  2718 D NetworkSecurityConfig: No Network Security Config specified, using platform default
09-29 23:54:24.727  2718  2718 D NetworkSecurityConfig: No Network Security Config specified, using platform default
09-29 23:54:24.731  2718  2718 D CompatibilityChangeReporter: Compat change id reported: 183155436; UID 10242; state: ENABLED
09-29 23:54:24.737  2718  2718 W Turbo.TurboApplication: Going to the application!
09-29 23:54:24.740  2736  2736 V GraphicsEnvironment: ANGLE Developer option for 'com.google.android.webview' set to: 'default'
09-29 23:54:24.741  2736  2736 V GraphicsEnvironment: ANGLE GameManagerService for com.google.android.webview: false
09-29 23:54:24.741  2736  2736 V GraphicsEnvironment: App is not on the allowlist for updatable production driver.
09-29 23:54:24.742  1258  4242 D TelephonyManager: requestModemActivityInfo: Sending result to app: ModemActivityInfo{ mTimestamp=917851612 mSleepTimeMs=741618824 mIdleTimeMs=29655769 mActivityStatsTechSpecificInfo=[{mRat=UNKNOWN,mFrequencyRange=UNKNOWN,mTxTimeMs[]=[1656466, 1315461, 1925277, 1220926, 4277336],mRxTimeMs=136057293}]}
09-29 23:54:24.742  1258  1688 D BatteryExternalStatsWorker: mStats lock released
09-29 23:54:24.746  2736  2736 I LoadedApk: No resource references to update in package com.google.android.trichromelibrary
09-29 23:54:24.746  2736  2736 D NetworkSecurityConfig: No Network Security Config specified, using platform default
09-29 23:54:24.748  1258  1688 D BatteryExternalStatsWorker: Update modem state
09-29 23:54:24.748  1258  1688 D BatteryExternalStatsWorker: done updateExternalStatsLocked
09-29 23:54:24.749  2736  2736 D NetworkSecurityConfig: No Network Security Config specified, using platform default
09-29 23:54:24.751  2736  2736 I cr_WebViewApkApp: version=140.0.7339.155 (733915533) minSdkVersion=29 processName=com.google.android.webview:webview_apk splits=<none>
09-29 23:54:24.754  2717  2717 V GraphicsEnvironment: ANGLE Developer option for 'com.facebook.appmanager' set to: 'default'
09-29 23:54:24.754  2717  2717 V GraphicsEnvironment: ANGLE GameManagerService for com.facebook.appmanager: false
09-29 23:54:24.754  2717  2717 V GraphicsEnvironment: App is not on the allowlist for updatable production driver.
09-29 23:54:24.754  1258  2606 D ActivityManager: >>> EXECUTING unbind of com.samsung.android.calendar/com.samsung.android.libcalendar.platform.jobservice.CalendarProviderObserverJobService
09-29 23:54:24.754  1258  2606 D ActivityManager: schedule service timeout ProcessRecord{8c1a11f 28654:com.samsung.android.calendar/u0a213}
09-29 23:54:24.755  1258  2606 D ActivityManager: >>> EXECUTING destroy of com.samsung.android.calendar/com.samsung.android.libcalendar.platform.jobservice.CalendarProviderObserverJobService
09-29 23:54:24.757  1258  2606 W JobScheduler: Job didn't exist in JobStore: 7fc2d0d #u0a213/10009 com.samsung.android.calendar/com.samsung.android.libcalendar.platform.jobservice.CalendarProviderObserverJobService
09-29 23:54:24.757  2717  2717 D NetworkSecurityConfig: Using Network Security Config from resource fb_network_security_config debugBuild: false
09-29 23:54:24.761  2717  2717 D NetworkSecurityConfig: Using Network Security Config from resource fb_network_security_config debugBuild: false
09-29 23:54:24.763  1258  5482 D CompatibilityChangeReporter: Compat change id reported: 161145287; UID 10242; state: DISABLED
09-29 23:54:24.801  1258  4242 D CompatibilityChangeReporter: Compat change id reported: 135634846; UID 10247; state: DISABLED
09-29 23:54:24.801  1258  4242 D CompatibilityChangeReporter: Compat change id reported: 177438394; UID 10247; state: DISABLED
09-29 23:54:24.801  1258  4242 D CompatibilityChangeReporter: Compat change id reported: 135772972; UID 10247; state: DISABLED
09-29 23:54:24.801  1258  4242 D CompatibilityChangeReporter: Compat change id reported: 135754954; UID 10247; state: ENABLED
09-29 23:54:24.802  1258  1652 D CompatibilityChangeReporter: Compat change id reported: 143937733; UID 10247; state: ENABLED
09-29 23:54:24.802  2726  2726 I System.out: [2025-09-29T21:54:24.802282Z][main] FeedbackProvider, onStartup
09-29 23:54:24.802  1258  2980 D ActivityManager: <<< DONE EXECUTING com.samsung.android.calendar/com.samsung.android.libcalendar.platform.jobservice.CalendarProviderObserverJobService
09-29 23:54:24.803  1258  4242 D ActivityManager: <<< DONE EXECUTING com.samsung.android.calendar/com.samsung.android.libcalendar.platform.jobservice.CalendarProviderObserverJobService
09-29 23:54:24.803  1258  4242 D ActivityManager: No more executingServices of com.samsung.android.calendar/com.samsung.android.libcalendar.platform.jobservice.CalendarProviderObserverJobService
09-29 23:54:24.803  2736  2736 I cr_LibraryLoader: Successfully loaded native library
09-29 23:54:24.803  2717  2717 D d       : ExceptionHandlerManager not explicitly initialized, using default mode
09-29 23:54:24.803  2717  2717 D d       : initializing exception handler manager, prioritized=true
09-29 23:54:24.807  2717  2717 W SoLoader: Initializing SoLoader: 0
09-29 23:54:24.807  2717  2717 W SoLoader: context.getApplicationContext returned null, holding reference to original context.ApplicationSoSource fallbacks to: /data/app/~~5iyj3vzNOMBAGL1suiCOOQ==/com.facebook.appmanager-f8sRqO_isS7k2kwv58guJg==/lib/arm64
09-29 23:54:24.807  2717  2717 W SoLoader: Recording new base apk path: /data/app/~~5iyj3vzNOMBAGL1suiCOOQ==/com.facebook.appmanager-f8sRqO_isS7k2kwv58guJg==/base.apk
09-29 23:54:24.807  2717  2717 W SoLoader: Previously recorded 0 base apk paths.
09-29 23:54:24.808  2717  2717 I SoLoader: Preparing SO source: DirectorySoSource[root = /vendor/lib64 flags = 2]
09-29 23:54:24.808  2717  2717 I SoLoader: Preparing SO source: DirectorySoSource[root = /system/lib64 flags = 2]
09-29 23:54:24.808  2717  2717 I SoLoader: Preparing SO source: DirectApkSoSource[root = [/data/app/~~5iyj3vzNOMBAGL1suiCOOQ==/com.facebook.appmanager-f8sRqO_isS7k2kwv58guJg==/base.apk!/lib/arm64-v8a]]
09-29 23:54:24.808  2726  2726 I System.out: [2025-09-29T21:54:24.808791Z][main] [SCPM_V2] SCPMPolicyContentProvider, onCreate()
09-29 23:54:24.809  2726  2726 I System.out: [2025-09-29T21:54:24.809416Z][main] [SCPM_V2] SCPMPolicyHandler, init(): called
09-29 23:54:24.809   913   913 D Zygote  : Forked child process 2832
09-29 23:54:24.810  1258  1652 I ActivityManager: Start proc 2832:com.google.android.webview:webview_service/u0a247 for service {com.google.android.webview/org.chromium.android_webview.services.MetricsBridgeService}
09-29 23:54:24.811  2717  2717 I SoLoader: Preparing SO source: ApplicationSoSource[DirectorySoSource[root = /data/app/~~5iyj3vzNOMBAGL1suiCOOQ==/com.facebook.appmanager-f8sRqO_isS7k2kwv58guJg==/lib/arm64 flags = 1]]
09-29 23:54:24.811  2717  2717 I SoLoader: init finish: 4 SO sources prepared
09-29 23:54:24.811  2717  2717 W SoLoader: SoLoader initialized: 8
09-29 23:54:24.814  1258  2980 I GenerationRegistry: mBackingStore.isClosed() : false
09-29 23:54:24.815  2726  2726 I System.out: [2025-09-29T21:54:24.815173Z][main], [DeepSkyFlow] [SCPM_V2] SCPMPolicyHandler, restoreRegisteredPolicies(): policies registered=[GENERAL_CONFIG, EXTSERVICE_POLICYLIST]
09-29 23:54:24.815  2726  2726 I System.out: [2025-09-29T21:54:24.815302Z][main] DeepSkyProvider, onStartup
09-29 23:54:24.816 28654 28654 I SamsungCalendar$CountdownWidgetProvider: onReceive : action =com.samsung.android.calendar.ACTION_CALENDAR_PROVIDER_CHANGED, id = 0
09-29 23:54:24.825 28654 28654 I SamsungCalendar$TodayCoverWidgetProvider: onReceive : action =com.samsung.android.calendar.ACTION_CALENDAR_PROVIDER_CHANGED, id = 0
09-29 23:54:24.826 28654 28654 I SamsungCalendar$TodayCoverWidgetProvider: isWidgetEnabled false
09-29 23:54:24.830  2832  2832 I webview_service: Using CollectorTypeCC GC.
09-29 23:54:24.832   981  4206 I vendor.qti.bluetooth@1.0-ibs_handler: ProcessIbsCmd: Received IBS_WAKE_IND: 0xFD
09-29 23:54:24.832   981  4206 I vendor.qti.bluetooth@1.0-ibs_handler: ProcessIbsCmd: Writing IBS_WAKE_ACK
09-29 23:54:24.834  2832  2832 E webview_service: Not starting debugger since process cannot load the jdwp agent.
09-29 23:54:24.839  2832  2832 D ActivityThread: setConscryptValidator
09-29 23:54:24.839  2832  2832 D ActivityThread: setConscryptValidator - put
09-29 23:54:24.844  2726  2726 I System.out: [2025-09-29T21:54:24.844153Z][main] DonationProvider, onStartup
09-29 23:54:24.845  1258  2606 I ActivityManager: DSS OFF for com.google.android.webview
09-29 23:54:24.846  1258  4242 I GenerationRegistry: mBackingStore.isClosed() : false
09-29 23:54:24.847  2717  2717 W SQLiteLog: (28) failed to open "/data/user/0/com.facebook.appmanager/databases/androidx.work.workdb" with flag (163842) and mode_t (0) due to error (2)
09-29 23:54:24.847  2717  2717 W SQLiteLog: (28) failed to open "/data/user/0/com.facebook.appmanager/databases/androidx.work.workdb" with flag (163840) and mode_t (0) due to error (2)
09-29 23:54:24.847  2717  2717 E SQLiteLog: (14) cannot open file at line 40941 of [bcd014c473]
09-29 23:54:24.847  2717  2717 E SQLiteLog: (14) os_unix.c:40941: (2) open(/data/user/0/com.facebook.appmanager/databases/androidx.work.workdb) - 
09-29 23:54:24.847  2717  2717 E SQLiteLog: (1) Process book.appmanager : Pid (2717) Uid (10204) Euid (10204) Gid (10204) Egid (10204)
09-29 23:54:24.847  2717  2717 E SQLiteLog: (1) osStat failed "/data/user/0/com.facebook.appmanager/databases/androidx.work.workdb" due to error (2)
09-29 23:54:24.847  2717  2717 E SQLiteLog: (1) Stat of /data/user/0/com.facebook.appmanager/databases : st_mode(40771) st_uid(10204) st_gid(10204) st_ino(9292)
09-29 23:54:24.847  2717  2717 E SQLiteLog: (1) Stat of /data/user/0/com.facebook.appmanager : st_mode(40700) st_uid(10204) st_gid(10204) st_ino(6599)
09-29 23:54:24.847  2717  2717 E SQLiteLog: (1) Stat of /data/user/0 : st_mode(40751) st_uid(0) st_gid(0) st_ino(23583720)
09-29 23:54:24.847  2717  2717 E SQLiteLog: (1) Stat of /data/user : st_mode(40751) st_uid(0) st_gid(0) st_ino(23583721)
09-29 23:54:24.847  2717  2717 E SQLiteLog: (1) Stat of /data : st_mode(40771) st_uid(1000) st_gid(1000) st_ino(3)
09-29 23:54:24.848  1258  5482 D CompatibilityChangeReporter: Compat change id reported: 161145287; UID 10204; state: DISABLED
09-29 23:54:24.849  2717  2717 E SQLiteDatabase: Failed to open database '/data/user/0/com.facebook.appmanager/databases/androidx.work.workdb'.
09-29 23:54:24.849  2717  2717 E SQLiteDatabase: android.database.sqlite.SQLiteCantOpenDatabaseException: Cannot open database '/data/user/0/com.facebook.appmanager/databases/androidx.work.workdb' with flags 0x0: File /data/user/0/com.facebook.appmanager/databases/androidx.work.workdb doesn't exist
09-29 23:54:24.849  2717  2717 E SQLiteDatabase: 	at android.database.sqlite.SQLiteConnection.open(SQLiteConnection.java:394)
09-29 23:54:24.849  2717  2717 E SQLiteDatabase: 	at android.database.sqlite.SQLiteConnection.open(SQLiteConnection.java:227)
09-29 23:54:24.849  2717  2717 E SQLiteDatabase: 	at android.database.sqlite.SQLiteConnectionPool.openConnectionLocked(SQLiteConnectionPool.java:743)
09-29 23:54:24.849  2717  2717 E SQLiteDatabase: 	at android.database.sqlite.SQLiteConnectionPool.open(SQLiteConnectionPool.java:288)
09-29 23:54:24.849  2717  2717 E SQLiteDatabase: 	at android.database.sqlite.SQLiteConnectionPool.open(SQLiteConnectionPool.java:255)
09-29 23:54:24.849  2717  2717 E SQLiteDatabase: 	at android.database.sqlite.SQLiteDatabase.openInner(SQLiteDatabase.java:1581)
09-29 23:54:24.849  2717  2717 E SQLiteDatabase: 	at android.database.sqlite.SQLiteDatabase.open(SQLiteDatabase.java:1522)
09-29 23:54:24.849  2717  2717 E SQLiteDatabase: 	at android.database.sqlite.SQLiteDatabase.openDatabase(SQLiteDatabase.java:1190)
09-29 23:54:24.849  2717  2717 E SQLiteDatabase: 	at android.database.sqlite.SQLiteDatabase.openDatabase(SQLiteDatabase.java:1128)
09-29 23:54:24.849  2717  2717 E SQLiteDatabase: 	at com.facebook.oxygen.common.androidx.workmanager.initializer.b.a(WorkManagerDatabase.java:22)
09-29 23:54:24.849  2717  2717 E SQLiteDatabase: 	at com.facebook.oxygen.appmanager.app.c.a(AppManagerApplicationImpl.java:21)
09-29 23:54:24.849  2717  2717 E SQLiteDatabase: 	at com.facebook.oxygen.common.component.b.d.onCreate(OxpDelegatingApplication.java:84)
09-29 23:54:24.849  2717  2717 E SQLiteDatabase: 	at android.app.Instrumentation.callApplicationOnCreate(Instrumentation.java:1266)
09-29 23:54:24.849  2717  2717 E SQLiteDatabase: 	at android.app.ActivityThread.handleBindApplication(ActivityThread.java:7619)
09-29 23:54:24.849  2717  2717 E SQLiteDatabase: 	at android.app.ActivityThread.-$$Nest$mhandleBindApplication(Unknown Source:0)
09-29 23:54:24.849  2717  2717 E SQLiteDatabase: 	at android.app.ActivityThread$H.handleMessage(ActivityThread.java:2400)
09-29 23:54:24.849  2717  2717 E SQLiteDatabase: 	at android.os.Handler.dispatchMessage(Handler.java:106)
09-29 23:54:24.849  2717  2717 E SQLiteDatabase: 	at android.os.Looper.loopOnce(Looper.java:226)
09-29 23:54:24.849  2717  2717 E SQLiteDatabase: 	at android.os.Looper.loop(Looper.java:313)
09-29 23:54:24.849  2717  2717 E SQLiteDatabase: 	at android.app.ActivityThread.main(ActivityThread.java:8762)
09-29 23:54:24.849  2717  2717 E SQLiteDatabase: 	at java.lang.reflect.Method.invoke(Native Method)
09-29 23:54:24.849  2717  2717 E SQLiteDatabase: 	at com.android.internal.os.RuntimeInit$MethodAndArgsCaller.run(RuntimeInit.java:604)
09-29 23:54:24.849  2717  2717 E SQLiteDatabase: 	at com.android.internal.os.ZygoteInit.main(ZygoteInit.java:1067)
09-29 23:54:24.849  2717  2717 E SQLiteDatabase: Caused by: android.database.sqlite.SQLiteCantOpenDatabaseException: unknown error (code 1806 SQLITE_CANTOPEN_ENOENT[1806]): Could not open database
09-29 23:54:24.849  2717  2717 E SQLiteDatabase: 	at android.database.sqlite.SQLiteConnection.nativeOpen(Native Method)
09-29 23:54:24.849  2717  2717 E SQLiteDatabase: 	at android.database.sqlite.SQLiteConnection.open(SQLiteConnection.java:356)
09-29 23:54:24.849  2717  2717 E SQLiteDatabase: 	... 22 more
09-29 23:54:24.851  2832  2832 D CompatibilityChangeReporter: Compat change id reported: 171979766; UID 10247; state: ENABLED
09-29 23:54:24.854 28654 28654 I SamsungCalendar$CalendarConference: [GoogleSyncReceiver] onReceive : com.samsung.android.calendar.ACTION_CALENDAR_PROVIDER_CHANGED
09-29 23:54:24.854  2832  2832 W ziparchive: Unable to open '/data/app/~~LnJjltLlLNtnTJKopaEgQQ==/com.google.android.trichromelibrary_733915533--TuBOWIaJ1IumDVXn783dw==/base.dm': No such file or directory
09-29 23:54:24.854  2832  2832 W ziparchive: Unable to open '/data/app/~~LnJjltLlLNtnTJKopaEgQQ==/com.google.android.trichromelibrary_733915533--TuBOWIaJ1IumDVXn783dw==/base.dm': No such file or directory
09-29 23:54:24.854  2832  2832 W webview_service: Entry not found
09-29 23:54:24.855  2832  2832 D nativeloader: Configuring classloader-namespace for other apk /data/app/~~LnJjltLlLNtnTJKopaEgQQ==/com.google.android.trichromelibrary_733915533--TuBOWIaJ1IumDVXn783dw==/base.apk. target_sdk_version=36, uses_libraries=ALL, library_path=/data/app/~~HqQhgphpVJc1sJPEQNrQKA==/com.google.android.webview-wD49TDA596bYyVb0yz7mPQ==/lib/arm64:/data/app/~~HqQhgphpVJc1sJPEQNrQKA==/com.google.android.webview-wD49TDA596bYyVb0yz7mPQ==/base.apk!/lib/arm64-v8a:/data/app/~~LnJjltLlLNtnTJKopaEgQQ==/com.google.android.trichromelibrary_733915533--TuBOWIaJ1IumDVXn783dw==/base.apk!/lib/arm64-v8a, permitted_path=/data:/mnt/expand:/data/user/0/com.google.android.webview
09-29 23:54:24.855  2832  2832 D nativeloader: Extending system_exposed_libraries: libhumantracking.arcsoft.so:libPortraitDistortionCorrection.arcsoft.so:libPortraitDistortionCorrectionCali.arcsoft.so:libface_landmark.arcsoft.so:libFacialStickerEngine.arcsoft.so:libveengine.arcsoft.so:lib_pet_detection.arcsoft.so:libhigh_res.arcsoft.so:libimage_enhancement.arcsoft.so:liblow_light_hdr.arcsoft.so:libhigh_dynamic_range.arcsoft.so:libsuperresolution.arcsoft.so:libobjectcapture_jni.arcsoft.so:libobjectcapture.arcsoft.so:libFacialAttributeDetection.arcsoft.so:libBeauty_v4.camera.samsung.so:libexifa.camera.samsung.so:libjpega.camera.samsung.so:libOpenCv.camera.samsung.so:libVideoClassifier.camera.samsung.so:libtensorflowLite.dynamic_viewing.camera.samsung.so:libImageScreener.camera.samsung.so:libMyFilter.camera.samsung.so:libtflite2.myfilters.camera.samsung.so:libHIDTSnapJNI.camera.samsung.so:libSmartScan.camera.samsung.so:libRectify.camera.samsung.so:libDocRectifyWrapper.camera.samsung.so:libUltraWideDistortionCorrection.camera.samsung.so:libWideDistortionCorr
09-29 23:54:24.856  2726  2859 I System.out: [2025-09-29T21:54:24.856152Z][ForkJoinPool.commonPool-worker-3] ContributionFwk_DonationDataSource, Donation init
09-29 23:54:24.856  2726  2859 I System.out: [2025-09-29T21:54:24.856288Z][ForkJoinPool.commonPool-worker-3] ContributionFwk_DonationDataSource, registerPackageObservers
09-29 23:54:24.857  1258  5227 D CompatibilityChangeReporter: Compat change id reported: 161145287; UID 10121; state: DISABLED
09-29 23:54:24.858  2832  2832 D nativeloader: Configuring classloader-namespace for other apk /data/app/~~HqQhgphpVJc1sJPEQNrQKA==/com.google.android.webview-wD49TDA596bYyVb0yz7mPQ==/base.apk. target_sdk_version=36, uses_libraries=, library_path=/data/app/~~HqQhgphpVJc1sJPEQNrQKA==/com.google.android.webview-wD49TDA596bYyVb0yz7mPQ==/lib/arm64:/data/app/~~HqQhgphpVJc1sJPEQNrQKA==/com.google.android.webview-wD49TDA596bYyVb0yz7mPQ==/base.apk!/lib/arm64-v8a:/data/app/~~LnJjltLlLNtnTJKopaEgQQ==/com.google.android.trichromelibrary_733915533--TuBOWIaJ1IumDVXn783dw==/base.apk!/lib/arm64-v8a, permitted_path=/data:/mnt/expand:/data/user/0/com.google.android.webview
09-29 23:54:24.861  2726  2859 I SEP_UNION_SemUnionManager: initializeManagerMapData(10121) context = android.app.ContextImpl@5e8d275 
09-29 23:54:24.861 28654 28654 I SamsungCalendar$SamsungCalendarNoti: [NotificationActionReceiver] onReceive() com.samsung.android.calendar.ACTION_CALENDAR_PROVIDER_CHANGED
09-29 23:54:24.862  2726  2859 I SEP_UNION_SemUnionManager: getUnionService(semeventdelegator) 
09-29 23:54:24.862 28654  2864 I SamsungCalendar$CalendarConference: [ConferenceSyncManager] ====== Perform Conference Sync Start ======
09-29 23:54:24.863 28654 28654 I SamsungCalendar$KnoxUtils: creatorUid: 0 / currentUid = 0
09-29 23:54:24.863  2726  2859 I SEP_UNION_SemUnionManager: getSemSystemService : semeventdelegator 
09-29 23:54:24.869  2726  2862 I DIAGMON_SDK[605062]: DiagMonAgent type: 2
09-29 23:54:24.869  2726  2862 I DIAGMON_SDK[605062][lwoc1pz74b] : generated SR object
09-29 23:54:24.869  1258  5222 D SEP_UNION_SemUnionMainServiceImpl: getSemSystemService - semeventdelegator 
09-29 23:54:24.870  2726  2862 I SALogger: After SA logging initialization completed 
09-29 23:54:24.870  1258  5090 D SEP_UNION_SemDeviceInfoManagerService: unregisterPendingIntentForIntentAsUser() action = android.intent.action.PACKAGE_REPLACED, , callingPackage = com.samsung.android.smartsuggestions, userId = 0 
09-29 23:54:24.870  1258  5090 D SEP_UNION_SemDeviceInfoManagerService: No item for the calling package in the component list. 
09-29 23:54:24.870  1258  5090 D SEP_UNION_SemDeviceInfoManagerService: unregisterPendingIntentForIntentAsUser() action = android.intent.action.PACKAGE_ADDED, , callingPackage = com.samsung.android.smartsuggestions, userId = 0 
09-29 23:54:24.870  1258  5090 D SEP_UNION_SemDeviceInfoManagerService: No item for the calling package in the component list. 
09-29 23:54:24.870  1258  5090 D SEP_UNION_SemDeviceInfoManagerService: unregisterPendingIntentForIntentAsUser() action = android.intent.action.PACKAGE_REMOVED, , callingPackage = com.samsung.android.smartsuggestions, userId = 0 
09-29 23:54:24.870  1258  5090 D SEP_UNION_SemDeviceInfoManagerService: No item for the calling package in the component list. 
09-29 23:54:24.871  2832  2832 V GraphicsEnvironment: ANGLE Developer option for 'com.google.android.webview' set to: 'default'
09-29 23:54:24.871  2832  2832 V GraphicsEnvironment: ANGLE GameManagerService for com.google.android.webview: false
09-29 23:54:24.871  2832  2832 V GraphicsEnvironment: App is not on the allowlist for updatable production driver.
09-29 23:54:24.873  2832  2832 I LoadedApk: No resource references to update in package com.google.android.trichromelibrary
09-29 23:54:24.873  2832  2832 D NetworkSecurityConfig: No Network Security Config specified, using platform default
09-29 23:54:24.875  2832  2832 D NetworkSecurityConfig: No Network Security Config specified, using platform default
09-29 23:54:24.876 28654 28654 I SamsungCalendar$SamsungCalendarNoti: [NotificationActionReceiver] KEY_NOTIFICATION_TYPE_VALUE = 1
09-29 23:54:24.876  2832  2832 I cr_WebViewApkApp: version=140.0.7339.155 (733915533) minSdkVersion=29 processName=com.google.android.webview:webview_service splits=<none>
09-29 23:54:24.876 28654 29011 I SamsungCalendar$SamsungCalendarNoti: [NotificationMainTask] processMessage: com.samsung.android.calendar.ACTION_CALENDAR_PROVIDER_CHANGED / alarmTime : 0
09-29 23:54:24.882 28654  2864 I SamsungCalendar$CalendarConference: No ConferenceData to sync.
09-29 23:54:24.882 28654  2864 I SamsungCalendar$CalendarConference: [ConferenceSyncManager] ====== Perform Conference Sync Finish ======
09-29 23:54:24.884  5056  5323 I DMASA[D][lwoc1pz74b]: [DiagmonProvider]Received msg based on provider : request_deviceid / request_deviceid
09-29 23:54:24.885  2717  2843 D CompatibilityChangeReporter: Compat change id reported: 160794467; UID 10204; state: ENABLED
09-29 23:54:24.890   728   728 W keymaster_tee: [WRN]begin req PARAMS: A32 B2 P64 
09-29 23:54:24.893   728   728 D keymaster_swd: keymaster_swd [WRN] (swd_run_cb:260) swd_begin() returns 0
09-29 23:54:24.893   721   721 I keystore2: keystore2::security_level: In create_operation. Success to create IKeystoreOperation. 10121, None
09-29 23:54:24.895  5056  5323 I DMASA[D][lwoc1pz74b]: [DiagmonProvider]Signature Check Success
09-29 23:54:24.895  5056  5323 I DMASA[D][lwoc1pz74b]: [DiagmonProvider]Action : Request deviceID
09-29 23:54:24.896  5056  5323 W DMASA[D][lwoc1pz74b]: [DiagmonProvider]DeviceId failed : user binary or info null
09-29 23:54:24.896  2726  2873 I DIAGMON_SDK[605062][lwoc1pz74b] : Agreement value: D
09-29 23:54:24.896  2726  2873 I DIAGMON_SDK[605062][lwoc1pz74b] : Request Service Registration
09-29 23:54:24.897  5056  5323 I DMASA[D][lwoc1pz74b]: [DiagmonProvider]Received msg based on provider : registration / register_service
09-29 23:54:24.897  5056  5323 I DMASA[D][lwoc1pz74b]: [DiagmonProvider]Signature Check Success
09-29 23:54:24.897  5056  5323 I DMASA[D][lwoc1pz74b]: [DiagmonProvider]Action : Register service
09-29 23:54:24.898  5056  5323 I DMASA[D][lwoc1pz74b]: [b]Service Agree: true
09-29 23:54:24.898  5056  5323 I DMASA[D][lwoc1pz74b]: [b]Device ID is null or empty
09-29 23:54:24.898  5056  5323 I DMASA[D][lwoc1pz74b]: [b]Tracking ID is null or empty
09-29 23:54:24.898  5056  5323 I DMASA[D][lwoc1pz74b]: [DiagmonProvider]SERVICE INFO already registered to server [lwoc1pz74b]
09-29 23:54:24.899  2726  2873 I DIAGMON_SDK[605062][lwoc1pz74b] : Results : Success
09-29 23:54:24.900   728   728 D keymaster_swd: keymaster_swd [WRN] (swd_run_cb:260) swd_update() returns 0
09-29 23:54:24.902   728   728 D keymaster_swd: keymaster_swd [WRN] (swd_run_cb:260) swd_finish() returns 0
09-29 23:54:24.905  2525  2525 D BubblesManager: onEntryUpdated : shouldBubbleUp=false ,key=-1|com.android.systemui|2131428972|charging_state|10063
09-29 23:54:24.909  1258  5227 I GenerationRegistry: mBackingStore.isClosed() : false
09-29 23:54:24.912   728   728 W keymaster_tee: [WRN]begin req PARAMS: A32 B2 P64 
09-29 23:54:24.915   728   728 D keymaster_swd: keymaster_swd [WRN] (swd_run_cb:260) swd_begin() returns 0
09-29 23:54:24.915   721   721 I keystore2: keystore2::security_level: In create_operation. Success to create IKeystoreOperation. 10121, None
09-29 23:54:24.917   728   728 D keymaster_swd: keymaster_swd [WRN] (swd_run_cb:260) swd_update() returns 0
09-29 23:54:24.919   728   728 D keymaster_swd: keymaster_swd [WRN] (swd_run_cb:260) swd_finish() returns 0
09-29 23:54:24.922   981  4206 I vendor.qti.bluetooth@1.0-ibs_handler: ProcessIbsCmd: Received IBS_SLEEP_IND: 0xFE
09-29 23:54:24.926  2525  2525 I FaceWidgetPositionAlgorithm: getClockContainerHeight() supplier = 309, bottom margin = 0, real height = 381
09-29 23:54:24.926  2525  2525 I FaceWidgetPositionAlgorithm: getClockContainerHeight() supplier = 309, bottom margin = 72, real height = 381
09-29 23:54:24.926  2525  2525 I FaceWidgetPositionAlgorithm: getMediaContainerHeight() height = 522 container Visibility = 8, isValid = false, mIsDozing = false, fraction = 1.0, source = 0, target = 0
09-29 23:54:24.926  2525  2525 I FaceWidgetPositionAlgorithm: getMediaContainerHeight() supplier = 0
09-29 23:54:24.948  1258  5227 I GenerationRegistry: mBackingStore.isClosed() : false
09-29 23:54:24.957  2525  2525 I FaceWidgetPositionAlgorithm: getClockContainerHeight() supplier = 309, bottom margin = 0, real height = 381
09-29 23:54:24.957  2525  2525 I FaceWidgetPositionAlgorithm: getClockContainerHeight() supplier = 309, bottom margin = 72, real height = 381
09-29 23:54:24.957  2525  2525 I FaceWidgetPositionAlgorithm: getMediaContainerHeight() height = 522 container Visibility = 8, isValid = false, mIsDozing = false, fraction = 1.0, source = 0, target = 0
09-29 23:54:24.957  2525  2525 I FaceWidgetPositionAlgorithm: getMediaContainerHeight() supplier = 0
09-29 23:54:24.958 28654 28654 I SamsungCalendar$SamsungCalendarNoti: [EventNotificationViewImpl] clearNotificationGroup
09-29 23:54:24.963  1258  2353 D ConnectivityService: reportNetworkActive, notify 1 listeners
09-29 23:54:24.968  1258  5227 D PackageManager: setEnabledSetting : userId = 0 packageName = com.facebook.appmanager cmp = com.facebook.oxygen.appmanager.helium.trampoline.HeliumSandboxedService newState = 1 callingPackage = 10204/com.facebook.appmanager
09-29 23:54:24.969  1258  5227 D ApplicationPolicy: getApplicationStateEnabled : pkg = com.facebook.appmanager userId : 0
09-29 23:54:24.969 28654 29011 I SamsungCalendar$SamsungCalendarNoti: [TaskNotificationViewImpl] clearNotificationGroup
09-29 23:54:24.969  1258  5227 D ApplicationPolicy: getApplicationComponentState : pkg = com.facebook.appmanager userId : 0
09-29 23:54:24.971  1258  2980 D PackageManager: setEnabledSetting : userId = 0 packageName = com.facebook.appmanager cmp = com.facebook.oxygen.appmanager.helium.trampoline.HeliumSandboxedService0 newState = 1 callingPackage = 10204/com.facebook.appmanager
09-29 23:54:24.971  1258  2980 D ApplicationPolicy: getApplicationStateEnabled : pkg = com.facebook.appmanager userId : 0
09-29 23:54:24.971  1258  2980 D ApplicationPolicy: getApplicationComponentState : pkg = com.facebook.appmanager userId : 0
09-29 23:54:24.973  1258  5227 D PackageManager: setEnabledSetting : userId = 0 packageName = com.facebook.appmanager cmp = com.facebook.oxygen.appmanager.helium.trampoline.HeliumSandboxedService1 newState = 1 callingPackage = 10204/com.facebook.appmanager
09-29 23:54:24.973  1258  5227 D ApplicationPolicy: getApplicationStateEnabled : pkg = com.facebook.appmanager userId : 0
09-29 23:54:24.974  1258  5227 D ApplicationPolicy: getApplicationComponentState : pkg = com.facebook.appmanager userId : 0
09-29 23:54:24.974  2525  2525 I FaceWidgetPositionAlgorithm: getClockContainerHeight() supplier = 309, bottom margin = 0, real height = 381
09-29 23:54:24.975  2525  2525 I FaceWidgetPositionAlgorithm: getClockContainerHeight() supplier = 309, bottom margin = 72, real height = 381
09-29 23:54:24.975  2525  2525 I FaceWidgetPositionAlgorithm: getMediaContainerHeight() height = 522 container Visibility = 8, isValid = false, mIsDozing = false, fraction = 1.0, source = 0, target = 0
09-29 23:54:24.975  2525  2525 I FaceWidgetPositionAlgorithm: getMediaContainerHeight() supplier = 0
09-29 23:54:24.975 28654 28654 I SamsungCalendar$EventCardReceiver: onReceive : action = com.samsung.android.calendar.ACTION_CALENDAR_PROVIDER_CHANGED
09-29 23:54:24.982 28654  2942 I SamsungCalendar$EventCardReceiver: start updateCards
09-29 23:54:24.984 28654  2942 E ActivityThread: Failed to find provider info for com.samsung.android.app.spage.provider
09-29 23:54:24.984 28654  2942 E ActivityThread: Failed to find provider info for com.samsung.android.app.spage.provider
09-29 23:54:24.984 28654  2942 I SamsungCalendar$EventCardReceiver: finish
09-29 23:54:24.993  1258  2980 W JobScheduler: Job didn't exist in JobStore: 4fa6246 #u0a82/3001 com.facebook.services/com.facebook.preloads.platform.common.periodicwork.PeriodicWorkJobService
09-29 23:54:25.005  2717  2944 D CompatibilityChangeReporter: Compat change id reported: 194532703; UID 10204; state: ENABLED
09-29 23:54:25.005  2717  2843 D CompatibilityChangeReporter: Compat change id reported: 194532703; UID 10204; state: ENABLED
09-29 23:54:25.005  1258  2467 D SyncManager: userId - 0 auto - true
09-29 23:54:25.006  1258  2980 D CompatibilityChangeReporter: Compat change id reported: 194532703; UID 10204; state: ENABLED
09-29 23:54:25.006  1258  2606 D CompatibilityChangeReporter: Compat change id reported: 194532703; UID 10204; state: ENABLED
09-29 23:54:25.018  1258  2467 D CompatibilityChangeReporter: Compat change id reported: 168419799; UID 10252; state: DISABLED
09-29 23:54:25.053  2507  2607 I System.out: Broadcasting: Intent { act=com.sec.intent.action.SARDEVICE_CP flg=0x10000000 (has extras) }
09-29 23:54:25.056  1258  2980 I ActivityManager: com.facebook.system is exempt from freezer
09-29 23:54:25.056  1258  2980 D CompatibilityChangeReporter: Compat change id reported: 135634846; UID 10083; state: DISABLED
09-29 23:54:25.056  1258  2980 D CompatibilityChangeReporter: Compat change id reported: 177438394; UID 10083; state: DISABLED
09-29 23:54:25.057  1258  2980 D CompatibilityChangeReporter: Compat change id reported: 135772972; UID 10083; state: DISABLED
09-29 23:54:25.057  1258  2980 D CompatibilityChangeReporter: Compat change id reported: 135754954; UID 10083; state: ENABLED
09-29 23:54:25.057  1258  1652 D CompatibilityChangeReporter: Compat change id reported: 143937733; UID 10083; state: ENABLED
09-29 23:54:25.059  1258  2291 D MotionRecognitionService: [SAR]  onReceive : SARDEVICE_CP, callAction = on deviceID = 32769 slot = 0 device_ext = 0
09-29 23:54:25.059  1258  2291 I MotionRecognitionService: [SAR] setStartTime screen true, type : 0, device : 1
09-29 23:54:25.059  1258  2291 I MotionRecognitionService: [SAR] id : 0 cmd :on
09-29 23:54:25.060  1258  2291 I MotionRecognitionService: [SAR] A96T3X6 Grip sensor enableSensor
09-29 23:54:25.060  1258  2291 D SensorService: [GripSensor] ++ setGripThdWithMCC  (65560)
09-29 23:54:25.061  1258  2291 D SensorService: GripSensor: MCC Path does not exist 
09-29 23:54:25.062  2507  2694 I TelephonyProvider: D/TelephonyProvider: subIdString = 3 subId = 3
09-29 23:54:25.062   991   991 I SensorsGrip: [grip_sensor] enable: GripSensor: enable handle = 11 en = 1
09-29 23:54:25.065   913   913 D Zygote  : Forked child process 2963
09-29 23:54:25.066  1258  1652 I ActivityManager: Start proc 2963:com.facebook.system/u0a83 for content provider {com.facebook.system/com.facebook.oxygen.installer.api.AppManagerApiProvider}
09-29 23:54:25.067  2569  2957 W DynamiteModule: Local module descriptor class for com.google.android.gms.providerinstaller.dynamite not found.
09-29 23:54:25.069  2507  2694 I TelephonyProvider: D/TelephonyProvider: subIdString = 3 subId = 3
09-29 23:54:25.069   991   991 E SensorsGrip: [grip_sensor] enable: mEnabled : 1, first_grip_event : 1
09-29 23:54:25.069   991  1665 I SensorsGrip: [grip_sensor] readEvents: GripSensor: grip 1ch data = RELEASE
09-29 23:54:25.070   991  1665 I SensorsGrip: [grip_sensor] readEvents: GripSensor: grip 1ch unknown UNKNOWN MODE
09-29 23:54:25.070  1258  2291 D SensorManager: registerListener :: 16777227, A96T3X6 Grip sensor, 200000, 0, com.samsung.android.gesture.MotionRecognitionSAR$GripSensorWrapper$1@462713
09-29 23:54:25.070  1258  2291 I MotionRecognitionService: [SAR] A96T3X6 Grip sensor enable channel 0 : 1 , channel 1 : 0
09-29 23:54:25.070  1258  2291 I MotionRecognitionService: [SAR] id : 15 cmd :on
09-29 23:54:25.070  1258  2291 W MotionRecognitionService: DEFAULT
09-29 23:54:25.071  2507  2885 I System.out: Broadcast completed: result=0
09-29 23:54:25.072  1258  2291 I MotionRecognitionService: [SAR] A96T3X6 Grip sensor onSensorChanged : 5.0 , 0.0 , 0.0 , 300.0 , 0.0
09-29 23:54:25.072  1258  2291 I MotionRecognitionService: [SAR] A96T3X6 Grip sensor setUnknownMode channel: 0 , state: 300
09-29 23:54:25.074  3769  6492 W ProviderHelper: Unknown dynamite feature providerinstaller.dynamite
09-29 23:54:25.075  1258  2291 D MotionRecognitionService: [SAR] set setTransmitPowerWithFlag  value : 1 : true
09-29 23:54:25.075  1258  2291 I MotionRecognitionService: [SAR] setStartTime screen true, type : 1, device : 1
09-29 23:54:25.075  1258  2291 I MotionRecognitionService: [SAR] UnknownMode set 1 channel : 0 , state : 0
09-29 23:54:25.075  1258  2291 I MotionRecognitionService: [SAR] A96T3X6 Grip sensorsetTunerGrip 8589934592 , state: false
09-29 23:54:25.076  2507  2694 I TelephonyProvider: D/TelephonyProvider: subIdString = 3 subId = 3
09-29 23:54:25.077  2569  2957 I DynamiteModule: Considering local module com.google.android.gms.providerinstaller.dynamite:0 and remote module com.google.android.gms.providerinstaller.dynamite:0
09-29 23:54:25.077  2569  2957 W ProviderInstaller: Failed to load providerinstaller module: No acceptable module com.google.android.gms.providerinstaller.dynamite found. Local version is 0 and remote version is 0.
09-29 23:54:25.077  1258  2291 D MotionRecognitionService: [SAR] set setTransmitPowerExt  value : 8589934592 : false
09-29 23:54:25.077  1258  2291 I MotionRecognitionService: [SAR] tunerGrip is 8589934592, state : false
09-29 23:54:25.078  2569  2957 W ProviderInstaller: Failed to report request stats: com.google.android.gms.common.security.ProviderInstallerImpl.reportRequestStats [class android.content.Context, long, long]
09-29 23:54:25.078  2569  2957 W AbstractGoogleClient: Application name is not set. Call Builder#setApplicationName.
09-29 23:54:25.082  2963  2963 I facebook.system: Using CollectorTypeCC GC.
09-29 23:54:25.082  2507  2694 I TelephonyProvider: D/TelephonyProvider: subIdString = 3 subId = 3
09-29 23:54:25.086  2963  2963 E facebook.system: Not starting debugger since process cannot load the jdwp agent.
09-29 23:54:25.090  2525  2599 D MobileStatusTracker(0/3): onDataActivity: direction=0
09-29 23:54:25.092  2525  2599 D MobileStatusTracker(0/3): onDataActivity: direction=0
09-29 23:54:25.095  2963  2963 D ActivityThread: setConscryptValidator
09-29 23:54:25.095  2963  2963 D ActivityThread: setConscryptValidator - put
09-29 23:54:25.098  1258  2980 D CompatibilityChangeReporter: Compat change id reported: 168419799; UID 10083; state: DISABLED
09-29 23:54:25.099  1258  2980 I ActivityManager: DSS OFF for com.facebook.system
09-29 23:54:25.108  2963  2963 D CompatibilityChangeReporter: Compat change id reported: 171979766; UID 10083; state: ENABLED
09-29 23:54:25.127  1258  3660 D FreecessController: com.example.questflow(10521) is important[!isUidIdle]
09-29 23:54:25.128  2963  2963 D nativeloader: Configuring classloader-namespace for other apk /data/app/~~iko5DwatpEV8aa-JDFr-UQ==/com.facebook.system-1QuUBfHVYqH71RbqCbOOZg==/base.apk. target_sdk_version=35, uses_libraries=, library_path=/data/app/~~iko5DwatpEV8aa-JDFr-UQ==/com.facebook.system-1QuUBfHVYqH71RbqCbOOZg==/lib/arm64, permitted_path=/data:/mnt/expand:/data/user/0/com.facebook.system
09-29 23:54:25.131  2718  2826 W Turbo.EvaluateAppBucketsJob: Deleted 5 buckets snapshots, till 28.09.2025 23:28:03
09-29 23:54:25.145  2963  2963 V GraphicsEnvironment: ANGLE Developer option for 'com.facebook.system' set to: 'default'
09-29 23:54:25.146  2963  2963 V GraphicsEnvironment: ANGLE GameManagerService for com.facebook.system: false
09-29 23:54:25.150  2963  2963 D NetworkSecurityConfig: Using Network Security Config from resource fb_network_security_config debugBuild: false
09-29 23:54:25.150  2718  2826 D CompatibilityChangeReporter: Compat change id reported: 194532703; UID 10242; state: ENABLED
09-29 23:54:25.151  1258  4242 D CompatibilityChangeReporter: Compat change id reported: 194532703; UID 10242; state: ENABLED
09-29 23:54:25.160  2963  2963 D NetworkSecurityConfig: Using Network Security Config from resource fb_network_security_config debugBuild: false
09-29 23:54:25.183  1258  2980 D PackageManager: setEnabledSetting : userId = 0 packageName = com.facebook.appmanager cmp = com.facebook.oxygen.appmanager.nekodirect.NekoDirectProvider newState = 1 callingPackage = 10204/com.facebook.appmanager
09-29 23:54:25.183  1258  2980 D ApplicationPolicy: getApplicationStateEnabled : pkg = com.facebook.appmanager userId : 0
09-29 23:54:25.184  1258  2980 D ApplicationPolicy: getApplicationComponentState : pkg = com.facebook.appmanager userId : 0
09-29 23:54:25.187  1258  4242 D PackageManager: setEnabledSetting : userId = 0 packageName = com.facebook.appmanager cmp = com.facebook.oxygen.appmanager.installapi.OxInstallApiProvider newState = 1 callingPackage = 10204/com.facebook.appmanager
09-29 23:54:25.187  1258  4242 D ApplicationPolicy: getApplicationStateEnabled : pkg = com.facebook.appmanager userId : 0
09-29 23:54:25.187  1258  4242 D ApplicationPolicy: getApplicationComponentState : pkg = com.facebook.appmanager userId : 0
09-29 23:54:25.188  2569  2957 W apters.calendar: Accessing hidden method Landroid/os/PowerManager;->isLightDeviceIdleMode()Z (max-target-s, reflection, denied)
09-29 23:54:25.188  1258  4242 D PackageManager: setEnabledSetting : userId = 0 packageName = com.facebook.appmanager cmp = com.facebook.oxygen.appmanager.experimentation.AppManagerExperimentProvider newState = 1 callingPackage = 10204/com.facebook.appmanager
09-29 23:54:25.189  1258  4242 D ApplicationPolicy: getApplicationStateEnabled : pkg = com.facebook.appmanager userId : 0
09-29 23:54:25.189  1258  4242 D ApplicationPolicy: getApplicationComponentState : pkg = com.facebook.appmanager userId : 0
09-29 23:54:25.189   991 31803 I sensors-hal: handle_sns_std_sensor_event:276, [SSC_LIGHT] P: 2(2),m:0,a:8,b:2,c:0,d:2,ag:0,dg:60,it:1824,br:19
09-29 23:54:25.191  1258  2980 W BackupManagerService: [UserID:0] dataChanged but no participant pkg='com.google.android.syncadapters.calendar' uid=10252
09-29 23:54:25.192  1258  2980 W BackupManagerService: [UserID:0] dataChanged but no participant pkg='com.google.android.syncadapters.calendar' uid=10252
09-29 23:54:25.207  1258  2980 I ActivityManager: Killing 31747:com.google.process.gapps/u0a243 (adj 999): empty #31
09-29 23:54:25.211  2717  2857 D CompatibilityChangeReporter: Compat change id reported: 147600208; UID 10204; state: ENABLED
09-29 23:54:25.214  1258  1675 I libprocessgroup: Successfully killed process cgroup uid 10243 pid 31747 in 5ms
09-29 23:54:25.216  1258  2980 I LocationAccessPolicy: checkLocationPermission - callingUid: 10204, callingPid: 2717, resultForFine: DENIED_HARD
09-29 23:54:25.216  1258  2980 I LocationAccessPolicy: checkLocationPermission - callingUid: 10204, callingPid: 2717, resultForCoarse: DENIED_HARD
09-29 23:54:25.222  1258  4242 D PackageManager: setEnabledSetting : userId = 0 packageName = com.facebook.appmanager cmp = com.facebook.oxygen.appmanager.webinstall.WebInstallAppLinkActivityV2 newState = 1 callingPackage = 10204/com.facebook.appmanager
09-29 23:54:25.223  1258  4242 D ApplicationPolicy: getApplicationStateEnabled : pkg = com.facebook.appmanager userId : 0
09-29 23:54:25.223  1258  4242 D ApplicationPolicy: getApplicationComponentState : pkg = com.facebook.appmanager userId : 0
09-29 23:54:25.229  1258  4242 D PackageManager: setEnabledSetting : userId = 0 packageName = com.facebook.appmanager cmp = com.facebook.oxygen.appmanager.webinstall.WebInstallAppLinkActivityV2 newState = 1 callingPackage = 10204/com.facebook.appmanager
09-29 23:54:25.229  1258  4242 D ApplicationPolicy: getApplicationStateEnabled : pkg = com.facebook.appmanager userId : 0
09-29 23:54:25.230  1258  4242 D ApplicationPolicy: getApplicationComponentState : pkg = com.facebook.appmanager userId : 0
09-29 23:54:25.231   981  4206 I vendor.qti.bluetooth@1.0-ibs_handler: ProcessIbsCmd: Received IBS_WAKE_IND: 0xFD
09-29 23:54:25.231   981  4206 I vendor.qti.bluetooth@1.0-ibs_handler: ProcessIbsCmd: Writing IBS_WAKE_ACK
09-29 23:54:25.231   913   913 I Zygote  : Process 31747 exited due to signal 9 (Killed)
09-29 23:54:25.231  1258  4242 D PackageManager: setEnabledSetting : userId = 0 packageName = com.facebook.appmanager cmp = com.facebook.oxygen.appmanager.webinstall.WebInstallAppLinkIgliteActivity newState = 2 callingPackage = 10204/com.facebook.appmanager
09-29 23:54:25.232  1258  4242 D PackageManager: setEnabledSetting : userId = 0 packageName = com.facebook.appmanager cmp = com.facebook.oxygen.appmanager.webinstall.WebInstallAppLinkWhatsAppActivity newState = 2 callingPackage = 10204/com.facebook.appmanager
09-29 23:54:25.234  1258  4242 D PackageManager: setEnabledSetting : userId = 0 packageName = com.facebook.appmanager cmp = com.facebook.oxygen.appmanager.webinstall.WebInstallAppLinkFbliteActivity newState = 1 callingPackage = 10204/com.facebook.appmanager
09-29 23:54:25.234  1258  4242 D ApplicationPolicy: getApplicationStateEnabled : pkg = com.facebook.appmanager userId : 0
09-29 23:54:25.234  1258  4242 D ApplicationPolicy: getApplicationComponentState : pkg = com.facebook.appmanager userId : 0
09-29 23:54:25.234  4083  4210 W bt_btm_pm: Power mode switched from immediate:sniff[2] to immediate:active[0]
09-29 23:54:25.246  1258  4242 D PackageManager: setEnabledSetting : userId = 0 packageName = com.facebook.appmanager cmp = com.facebook.oxygen.appmanager.webinstall.WebInstallAppLinkFB4AActivity newState = 2 callingPackage = 10204/com.facebook.appmanager
09-29 23:54:25.248  1258  4242 D PackageManager: setEnabledSetting : userId = 0 packageName = com.facebook.appmanager cmp = com.facebook.oxygen.appmanager.webinstall.WebInstallAppLinkMetaAIActivity newState = 2 callingPackage = 10204/com.facebook.appmanager
